04-05 15:45:21.568   236   236 E BatteryStatsImpl: 	at com.android.server.am.ActivityManagerService$Lifecycle.startService(ActivityManagerService.java:2221)
04-05 15:45:21.568   236   236 E BatteryStatsImpl: 	at com.android.server.SystemServer.startBootstrapServices(SystemServer.java:661)
04-05 15:45:21.568   236   236 E BatteryStatsImpl: 	at com.android.server.SystemServer.run(SystemServer.java:511)
04-05 15:45:21.568   236   236 E BatteryStatsImpl: 	at com.android.server.SystemServer.main(SystemServer.java:350)
04-05 15:45:21.568   236   236 E BatteryStatsImpl: 	at java.lang.reflect.Method.invoke(Native Method)
04-05 15:45:21.568   236   236 E BatteryStatsImpl: 	at com.android.internal.os.RuntimeInit$MethodAndArgsCaller.run(RuntimeInit.java:492)
04-05 15:45:21.568   236   236 E BatteryStatsImpl: 	at com.android.internal.os.ZygoteInit.main(ZygoteInit.java:908)
04-05 15:45:21.568   236   236 E BatteryStatsImpl: Caused by: android.system.ErrnoException: open failed: ENOENT (No such file or directory)
04-05 15:45:21.568   236   236 E BatteryStatsImpl: 	at libcore.io.Linux.open(Native Method)
04-05 15:45:21.568   236   236 E BatteryStatsImpl: 	at libcore.io.ForwardingOs.open(ForwardingOs.java:167)
04-05 15:45:21.568   236   236 E BatteryStatsImpl: 	at libcore.io.BlockGuardOs.open(BlockGuardOs.java:252)
04-05 15:45:21.568   236   236 E BatteryStatsImpl: 	at libcore.io.IoBridge.open(IoBridge.java:482)
04-05 15:45:21.568   236   236 E BatteryStatsImpl: 	... 16 more
04-05 15:45:21.569   236   236 E BatteryStatsImpl: Error reading battery history
04-05 15:45:21.569   236   236 E BatteryStatsImpl: java.io.FileNotFoundException: /data/system/battery-history/0.bin: open failed: ENOENT (No such file or directory)
04-05 15:45:21.569   236   236 E BatteryStatsImpl: 	at libcore.io.IoBridge.open(IoBridge.java:496)
04-05 15:45:21.569   236   236 E BatteryStatsImpl: 	at java.io.FileInputStream.<init>(FileInputStream.java:159)
04-05 15:45:21.569   236   236 E BatteryStatsImpl: 	at com.android.internal.os.AtomicFile.openRead(AtomicFile.java:157)
04-05 15:45:21.569   236   236 E BatteryStatsImpl: 	at com.android.internal.os.AtomicFile.readFully(AtomicFile.java:162)
04-05 15:45:21.569   236   236 E BatteryStatsImpl: 	at com.android.internal.os.BatteryStatsImpl.readLocked(BatteryStatsImpl.java:13357)
04-05 15:45:21.569   236   236 E BatteryStatsImpl: 	at com.android.server.am.ActivityManagerService.<init>(ActivityManagerService.java:2501)
04-05 15:45:21.569   236   236 E BatteryStatsImpl: 	at com.android.server.am.ActivityManagerService$Lifecycle.<init>(ActivityManagerService.java:2215)
04-05 15:45:21.569   236   236 E BatteryStatsImpl: 	at java.lang.reflect.Constructor.newInstance0(Native Method)
04-05 15:45:21.569   236   236 E BatteryStatsImpl: 	at java.lang.reflect.Constructor.newInstance(Constructor.java:343)
04-05 15:45:21.569   236   236 E BatteryStatsImpl: 	at com.android.server.SystemServiceManager.startService(SystemServiceManager.java:101)
04-05 15:45:21.569   236   236 E BatteryStatsImpl: 	at com.android.server.am.ActivityManagerService$Lifecycle.startService(ActivityManagerService.java:2221)
04-05 15:45:21.569   236   236 E BatteryStatsImpl: 	at com.android.server.SystemServer.startBootstrapServices(SystemServer.java:661)
04-05 15:45:21.569   236   236 E BatteryStatsImpl: 	at com.android.server.SystemServer.run(SystemServer.java:511)
04-05 15:45:21.569   236   236 E BatteryStatsImpl: 	at com.android.server.SystemServer.main(SystemServer.java:350)
04-05 15:45:21.569   236   236 E BatteryStatsImpl: 	at java.lang.reflect.Method.invoke(Native Method)
04-05 15:45:21.569   236   236 E BatteryStatsImpl: 	at com.android.internal.os.RuntimeInit$MethodAndArgsCaller.run(RuntimeInit.java:492)
04-05 15:45:21.569   236   236 E BatteryStatsImpl: 	at com.android.internal.os.ZygoteInit.main(ZygoteInit.java:908)
04-05 15:45:21.569   236   236 E BatteryStatsImpl: Caused by: android.system.ErrnoException: open failed: ENOENT (No such file or directory)
04-05 15:45:21.569   236   236 E BatteryStatsImpl: 	at libcore.io.Linux.open(Native Method)
04-05 15:45:21.569   236   236 E BatteryStatsImpl: 	at libcore.io.ForwardingOs.open(ForwardingOs.java:167)
04-05 15:45:21.569   236   236 E BatteryStatsImpl: 	at libcore.io.BlockGuardOs.open(BlockGuardOs.java:252)
04-05 15:45:21.569   236   236 E BatteryStatsImpl: 	at libcore.io.IoBridge.open(IoBridge.java:482)
04-05 15:45:21.569   236   236 E BatteryStatsImpl: 	... 16 more
04-05 15:45:21.570    12    12 I hwservicemanager: getTransport: Cannot find entry android.hardware.power.stats@1.0::IPowerStats/default in either framework or device manifest.
04-05 15:45:21.570   236   278 I BatteryStatsService: Using power HAL
04-05 15:45:21.571   236   278 E BatteryStatsService: Unable to load Power.Stats.HAL. Setting rail availability to false
04-05 15:45:21.571   236   278 E BluetoothAdapter: Bluetooth binder is null
04-05 15:45:21.571   236   278 E BatteryExternalStatsWorker: no controller energy info supplied for telephony
04-05 15:45:21.572   236   278 E KernelCpuUidFreqTimeReader: Failed to read /proc/uid_time_in_state: java.nio.file.NoSuchFileException: /proc/uid_time_in_state
04-05 15:45:21.573   236   278 W KernelCpuProcStringReader: File not found. It's normal if not implemented: /proc/uid_cputime/show_uid_stat
04-05 15:45:21.573   236   278 W KernelCpuProcStringReader: File not found. It's normal if not implemented: /proc/uid_time_in_state
04-05 15:45:21.573   236   278 W KernelCpuProcStringReader: File not found. It's normal if not implemented: /proc/uid_concurrent_active_time
04-05 15:45:21.573   236   278 W KernelCpuProcStringReader: File not found. It's normal if not implemented: /proc/uid_concurrent_policy_time
04-05 15:45:21.573   236   278 E KernelCpuSpeedReader: Failed to read cpu-freq: /sys/devices/system/cpu/cpu0/cpufreq/stats/time_in_state: open failed: ENOENT (No such file or directory)
04-05 15:45:21.573   236   278 W KernelMemoryBandwidthStats: No kernel memory bandwidth stats available
04-05 15:45:21.573   236   278 I PowerManagerService-JNI: Loaded power HAL 1.0 service
04-05 15:45:21.574   236   278 I PowerManagerService-JNI: Loaded power HAL 1.1 service
04-05 15:45:21.594   236   236 I AppOps  : No existing app ops /data/system/appops.xml; starting empty
04-05 15:45:21.597   236   236 I IntentFirewall: Read new rules (A:0 B:0 S:0)
04-05 15:45:21.607   236   236 W libprocessgroup: Failed to remove /acct/uid_1003: Permission denied
04-05 15:45:21.607   236   236 W libprocessgroup: Failed to remove /acct/uid_1021: Permission denied
04-05 15:45:21.607   236   236 W libprocessgroup: Failed to remove /acct/uid_1001: Permission denied
04-05 15:45:21.607   236   236 W libprocessgroup: Failed to remove /acct/uid_1058: Permission denied
04-05 15:45:21.607   236   236 W libprocessgroup: Failed to remove /acct/uid_1066: Permission denied
04-05 15:45:21.608   236   236 W libprocessgroup: Failed to remove /acct/uid_1072: Permission denied
04-05 15:45:21.608   236   236 W libprocessgroup: Failed to remove /acct/uid_1040: Permission denied
04-05 15:45:21.608   236   236 W libprocessgroup: Failed to remove /acct/uid_1020: Permission denied
04-05 15:45:21.608   236   236 W libprocessgroup: Failed to remove /acct/uid_1010: Permission denied
04-05 15:45:21.608   236   236 W libprocessgroup: Failed to remove /acct/uid_1067: Permission denied
04-05 15:45:21.608   236   236 W libprocessgroup: Failed to remove /acct/uid_1019: Permission denied
04-05 15:45:21.609   236   236 W libprocessgroup: Failed to remove /acct/uid_1047: Permission denied
04-05 15:45:21.609   236   236 W libprocessgroup: Failed to remove /acct/uid_1017: Permission denied
04-05 15:45:21.610   236   236 D AppOps  : AppOpsService published
04-05 15:45:21.613   236   236 I SystemServer: StartPowerManager
04-05 15:45:21.613   236   236 I SystemServiceManager: Starting com.android.server.power.PowerManagerService
04-05 15:45:21.619   236   278 E BluetoothAdapter: Bluetooth binder is null
04-05 15:45:21.619   236   278 E BatteryExternalStatsWorker: no controller energy info supplied for telephony
04-05 15:45:21.619   236   236 I SystemServer: StartThermalManager
04-05 15:45:21.619   236   236 I SystemServiceManager: Starting com.android.server.power.ThermalManagerService
04-05 15:45:21.620   236   278 E KernelCpuUidFreqTimeReader: Failed to read /proc/uid_time_in_state: java.nio.file.NoSuchFileException: /proc/uid_time_in_state
04-05 15:45:21.620   236   278 E KernelCpuSpeedReader: Failed to read cpu-freq: /sys/devices/system/cpu/cpu0/cpufreq/stats/time_in_state: open failed: ENOENT (No such file or directory)
04-05 15:45:21.620   236   236 I SystemServer: InitPowerManagement
04-05 15:45:21.620   236   236 I SystemServer: StartRecoverySystemService
04-05 15:45:21.620   236   236 I SystemServiceManager: Starting com.android.server.RecoverySystemService
04-05 15:45:21.621   236   236 V RescueParty: Disabled because of manual property
04-05 15:45:21.621   236   236 I SystemServer: StartLightsService
04-05 15:45:21.621   236   236 I SystemServiceManager: Starting com.android.server.lights.LightsService
04-05 15:45:21.623   236   236 I SystemServer: StartSidekickService
04-05 15:45:21.623   236   236 I SystemServer: StartDisplayManager
04-05 15:45:21.623   236   236 I SystemServiceManager: Starting com.android.server.display.DisplayManagerService
04-05 15:45:21.626   236   236 I SystemServer: WaitForDisplay
04-05 15:45:21.627   236   236 I SystemServiceManager: Starting phase 100
04-05 15:45:21.630   236   259 I DisplayManagerService: Display device added: DisplayDeviceInfo{"Built-in Screen": uniqueId="local:0", 1280 x 720, modeId 1, defaultModeId 1, supportedModes [{id=1, width=1280, height=720, fps=60.0}], colorMode 0, supportedColorModes [0], HdrCapabilities android.view.Display$HdrCapabilities@40f16308, density 160, 72.0 x 72.0 dpi, appVsyncOff 1000000, presDeadline 16666667, touch INTERNAL, rotation 0, type BUILT_IN, address {port=0}, state UNKNOWN, FLAG_DEFAULT_DISPLAY, FLAG_ROTATES_WITH_CONTENT, FLAG_SECURE, FLAG_SUPPORTS_PROTECTED_BUFFERS}
04-05 15:45:21.632    86    86 D SurfaceFlinger: Setting power mode 2 on display 0
04-05 15:45:21.633   236   259 I DisplayManagerService: Display device changed state: "Built-in Screen", ON
04-05 15:45:21.633   236   236 I SystemServer: StartPackageManagerService
04-05 15:45:21.633   236   236 I Watchdog: Pausing HandlerChecker: main thread for reason: packagemanagermain. Pause count: 1
04-05 15:45:21.652   236   236 W FileUtils: Failed to chmod(/data/system/packages.list): android.system.ErrnoException: chmod failed: ENOENT (No such file or directory)
04-05 15:45:21.655   236   236 D SELinuxMMAC: Using policy file /system/etc/selinux/plat_mac_permissions.xml
04-05 15:45:21.656   236   236 D SELinuxMMAC: Using policy file /vendor/etc/selinux/vendor_mac_permissions.xml
04-05 15:45:21.657   236   236 D FallbackCategoryProvider: Found 1 fallback categories
04-05 15:45:21.657   236   236 I PackageManager: No settings file; creating initial state
04-05 15:45:21.660   236   236 D PackageManager: No files in app dir /vendor/overlay
04-05 15:45:21.663   236   236 I PackageManager: /system/product/overlay/DisplayCutoutEmulationCorner changed; collecting certs
04-05 15:45:21.669    33    35 V apexd   : Found bundled key in package /system/apex/com.android.apex.cts.shim.apex
04-05 15:45:21.669    33    35 E apexd   : Can't open /product/apex for reading : No such file or directory
04-05 15:45:21.676   236   236 I PackageManager: /system/product/overlay/AccentColorOcean changed; collecting certs
04-05 15:45:21.677   236   236 I PackageManager: /system/product/overlay/IconPackCircularSystemUI changed; collecting certs
04-05 15:45:21.678   236   236 I PackageManager: /system/product/overlay/IconPackRoundedSystemUI changed; collecting certs
04-05 15:45:21.679   236   236 I PackageManager: /system/product/overlay/DisplayCutoutEmulationDouble changed; collecting certs
04-05 15:45:21.680   236   236 I PackageManager: /system/product/overlay/NavigationBarModeGesturalNarrowBack changed; collecting certs
04-05 15:45:21.681   236   236 I PackageManager: /system/product/overlay/DisplayCutoutEmulationEmu01 changed; collecting certs
04-05 15:45:21.682   236   236 I PackageManager: /system/product/overlay/IconPackFilledSystemUI changed; collecting certs
04-05 15:45:21.683   236   236 I PackageManager: /system/product/overlay/IconPackCircularAndroid changed; collecting certs
04-05 15:45:21.684   236   236 I PackageManager: /system/product/overlay/IconPackFilledAndroid changed; collecting certs
04-05 15:45:21.686   236   236 I PackageManager: /system/product/overlay/IconPackRoundedAndroid changed; collecting certs
04-05 15:45:21.687   236   236 I PackageManager: /system/product/overlay/IconShapeSquircle changed; collecting certs
04-05 15:45:21.687   236   236 I PackageManager: /system/product/overlay/NavigationBarMode3Button changed; collecting certs
04-05 15:45:21.688   236   236 I PackageManager: /system/product/overlay/AccentColorSpace changed; collecting certs
04-05 15:45:21.689   236   236 I PackageManager: /system/product/overlay/IconPackFilledLauncher changed; collecting certs
04-05 15:45:21.690   236   236 I PackageManager: /system/product/overlay/AccentColorCinnamon changed; collecting certs
04-05 15:45:21.691   236   236 I PackageManager: /system/product/overlay/IconPackCircularSettings changed; collecting certs
04-05 15:45:21.692   236   236 I PackageManager: /system/product/overlay/IconPackRoundedSettings changed; collecting certs
04-05 15:45:21.693   236   236 I PackageManager: /system/product/overlay/NavigationBarModeGesturalExtraWideBack changed; collecting certs
04-05 15:45:21.694   236   236 I PackageManager: /system/product/overlay/NavigationBarModeGesturalWideBack changed; collecting certs
04-05 15:45:21.695   236   236 I PackageManager: /system/product/overlay/IconPackFilledThemePicker changed; collecting certs
04-05 15:45:21.696   236   236 I PackageManager: /system/product/overlay/AccentColorOrchid changed; collecting certs
04-05 15:45:21.697   236   236 I PackageManager: /system/product/overlay/AccentColorPurple changed; collecting certs
04-05 15:45:21.698   236   236 I PackageManager: /system/product/overlay/IconPackCircularThemePicker changed; collecting certs
04-05 15:45:21.699   236   236 I PackageManager: /system/product/overlay/NavigationBarMode2Button changed; collecting certs
04-05 15:45:21.700   236   236 I PackageManager: /system/product/overlay/AccentColorBlack changed; collecting certs
04-05 15:45:21.700   236   236 I PackageManager: /system/product/overlay/IconShapeTeardrop changed; collecting certs
04-05 15:45:21.702   236   236 I PackageManager: /system/product/overlay/AccentColorGreen changed; collecting certs
04-05 15:45:21.703   236   236 I PackageManager: /system/product/overlay/IconPackRoundedLauncher changed; collecting certs
04-05 15:45:21.703   236   236 I PackageManager: /system/product/overlay/FontNotoSerifSource changed; collecting certs
04-05 15:45:21.704   236   236 I PackageManager: /system/product/overlay/IconShapeRoundedRect changed; collecting certs
04-05 15:45:21.705   236   236 I PackageManager: /system/product/overlay/NavigationBarModeGestural changed; collecting certs
04-05 15:45:21.706   236   236 I PackageManager: /system/product/overlay/DisplayCutoutEmulationTall changed; collecting certs
04-05 15:45:21.707   236   236 I PackageManager: /system/product/overlay/IconPackFilledSettings changed; collecting certs
04-05 15:45:21.708   236   236 I PackageManager: /system/product/overlay/IconPackCircularLauncher changed; collecting certs
04-05 15:45:21.709   236   236 D PackageManager: No files in app dir /product_services/overlay
04-05 15:45:21.709   236   236 D PackageManager: No files in app dir /odm/overlay
04-05 15:45:21.709   236   236 D PackageManager: No files in app dir /oem/overlay
04-05 15:45:21.710   236   236 W PackageManager: Failed to parse /system/framework/oat: Missing base APK in /system/framework/oat
04-05 15:45:21.710   236   236 W PackageManager: Failed to parse /system/framework/arm: Missing base APK in /system/framework/arm
04-05 15:45:21.710   236   236 W PackageManager: Failed to parse /system/framework/arm64: Missing base APK in /system/framework/arm64
04-05 15:45:21.724   236   236 I PackageManager: /system/framework/framework-res.apk changed; collecting certs
04-05 15:45:21.727   236   236 E PackageManager: Adding duplicate shared id: 1000 name=android
04-05 15:45:21.731   236   236 I PackageManager: /system/priv-app/TimeZoneUpdater changed; collecting certs
04-05 15:45:21.734   236   236 I PackageManager: /system/priv-app/ExternalStorageProvider changed; collecting certs
04-05 15:45:21.736   236   236 I PackageManager: /system/priv-app/StatementService changed; collecting certs
04-05 15:45:21.737   236   236 I PackageManager: /system/priv-app/PackageInstaller changed; collecting certs
04-05 15:45:21.740   236   294 W PackageParser: Ignoring duplicate uses-permissions/uses-permissions-sdk-m: android.permission.INSTALL_GRANT_RUNTIME_PERMISSIONS in package: com.android.shell at: Binary XML file line #127
04-05 15:45:21.741   236   236 I PackageManager: /system/priv-app/Shell changed; collecting certs
04-05 15:45:21.742   236   236 E PackageManager: Adding duplicate shared id: 2000 name=com.android.shell
04-05 15:45:21.743   236   236 I PackageManager: /system/priv-app/Telecom changed; collecting certs
04-05 15:45:21.744   236   236 E PackageManager: Adding duplicate shared id: 1000 name=com.android.server.telecom
04-05 15:45:21.745   236   236 I PackageManager: New shared user android.uid.shared: id=10039
04-05 15:45:21.745   236   236 I PackageManager: /system/priv-app/CallLogBackup changed; collecting certs
04-05 15:45:21.746   236   236 E PackageManager: Adding duplicate app id: 10039 name=com.android.calllogbackup
04-05 15:45:21.746   236   236 I PackageManager: /system/priv-app/InputDevices changed; collecting certs
04-05 15:45:21.747   236   236 E PackageManager: Adding duplicate shared id: 1000 name=com.android.inputdevices
04-05 15:45:21.748   236   236 I PackageManager: /system/priv-app/CellBroadcastReceiver changed; collecting certs
04-05 15:45:21.750   236   236 I PackageManager: /system/priv-app/SettingsProvider changed; collecting certs
04-05 15:45:21.751   236   236 E PackageManager: Adding duplicate shared id: 1000 name=com.android.providers.settings
04-05 15:45:21.751   236   236 I PackageManager: New shared user android.uid.calendar: id=10041
04-05 15:45:21.751   236   236 I PackageManager: /system/priv-app/CalendarProvider changed; collecting certs
04-05 15:45:21.752   236   236 E PackageManager: Adding duplicate app id: 10041 name=com.android.providers.calendar
04-05 15:45:21.752   236   236 I PackageManager: New shared user android.media: id=10042
04-05 15:45:21.752   236   236 I PackageManager: /system/priv-app/MediaProvider changed; collecting certs
04-05 15:45:21.753   236   236 E PackageManager: Adding duplicate app id: 10042 name=com.android.providers.media
04-05 15:45:21.754   236   236 I PackageManager: /system/priv-app/UserDictionaryProvider changed; collecting certs
04-05 15:45:21.755   236   236 E PackageManager: Adding duplicate app id: 10039 name=com.android.providers.userdictionary
04-05 15:45:21.755   236   236 I PackageManager: /system/priv-app/ProxyHandler changed; collecting certs
04-05 15:45:21.756   236   236 I PackageManager: /system/priv-app/MusicFX changed; collecting certs
04-05 15:45:21.757   236   236 I PackageManager: /system/priv-app/CtsShimPrivPrebuilt changed; collecting certs
04-05 15:45:21.760   236   236 I PackageManager: /system/priv-app/BlockedNumberProvider changed; collecting certs
04-05 15:45:21.761   236   236 E PackageManager: Adding duplicate app id: 10039 name=com.android.providers.blockednumber
04-05 15:45:21.761   236   236 I PackageManager: /system/priv-app/TeleService changed; collecting certs
04-05 15:45:21.783   236   236 E PackageManager: Adding duplicate shared id: 1001 name=com.android.phone
04-05 15:45:21.783   236   236 I PackageManager: /system/priv-app/AnboxAppMgr changed; collecting certs
04-05 15:45:21.784   236   236 I PackageManager: /system/priv-app/Tag changed; collecting certs
04-05 15:45:21.785   236   236 I PackageManager: /system/priv-app/BackupRestoreConfirmation changed; collecting certs
04-05 15:45:21.786   236   236 I PackageManager: /system/priv-app/PermissionController changed; collecting certs
04-05 15:45:21.787   236   236 I PackageManager: /system/priv-app/NetworkPermissionConfig changed; collecting certs
04-05 15:45:21.788   236   236 E PackageManager: Adding duplicate shared id: 1073 name=com.android.networkstack.permissionconfig
04-05 15:45:21.788   236   236 I PackageManager: /system/priv-app/SdkSetup changed; collecting certs
04-05 15:45:21.789   236   236 I PackageManager: /system/priv-app/NetworkStack changed; collecting certs
04-05 15:45:21.791   236   236 E PackageManager: Adding duplicate shared id: 1073 name=com.android.networkstack
04-05 15:45:21.791   236   236 I PackageManager: /system/priv-app/ManagedProvisioning changed; collecting certs
04-05 15:45:21.793   236   236 I PackageManager: /system/priv-app/MmsService changed; collecting certs
04-05 15:45:21.794   236   236 E PackageManager: Adding duplicate shared id: 1001 name=com.android.mms.service
04-05 15:45:21.794   236   236 I PackageManager: /system/priv-app/DownloadProvider changed; collecting certs
04-05 15:45:21.795   236   236 E PackageManager: Adding duplicate app id: 10042 name=com.android.providers.downloads
04-05 15:45:21.795   236   236 I PackageManager: /system/priv-app/MtpDocumentsProvider changed; collecting certs
04-05 15:45:21.796   236   236 E PackageManager: Adding duplicate app id: 10042 name=com.android.mtp
04-05 15:45:21.797   236   236 I PackageManager: /system/priv-app/ExtServices changed; collecting certs
04-05 15:45:21.798   236   236 I PackageManager: /system/priv-app/DynamicSystemInstallationService changed; collecting certs
04-05 15:45:21.799   236   236 E PackageManager: Adding duplicate shared id: 1000 name=com.android.dynsystem
04-05 15:45:21.799   236   236 I PackageManager: /system/priv-app/FusedLocation changed; collecting certs
04-05 15:45:21.800   236   236 E PackageManager: Adding duplicate shared id: 1000 name=com.android.location.fused
04-05 15:45:21.800   236   236 I PackageManager: /system/priv-app/DownloadProviderUi changed; collecting certs
04-05 15:45:21.801   236   236 E PackageManager: Adding duplicate app id: 10042 name=com.android.providers.downloads.ui
04-05 15:45:21.801   236   236 I PackageManager: /system/priv-app/VpnDialogs changed; collecting certs
04-05 15:45:21.802   236   236 I PackageManager: /system/priv-app/SharedStorageBackup changed; collecting certs
04-05 15:45:21.803   236   236 I PackageManager: /system/priv-app/ContactsProvider changed; collecting certs
04-05 15:45:21.804   236   236 E PackageManager: Adding duplicate app id: 10039 name=com.android.providers.contacts
04-05 15:45:21.804   236   236 I PackageManager: /system/priv-app/ONS changed; collecting certs
04-05 15:45:21.805   236   236 E PackageManager: Adding duplicate shared id: 1001 name=com.android.ons
04-05 15:45:21.806   236   236 I PackageManager: /system/priv-app/LocalTransport changed; collecting certs
04-05 15:45:21.807   236   236 E PackageManager: Adding duplicate shared id: 1000 name=com.android.localtransport
04-05 15:45:21.807   236   236 I PackageManager: /system/priv-app/DocumentsUI changed; collecting certs
04-05 15:45:21.808   236   236 I PackageManager: /system/priv-app/TelephonyProvider changed; collecting certs
04-05 15:45:21.809   236   236 E PackageManager: Adding duplicate shared id: 1001 name=com.android.providers.telephony
04-05 15:45:21.812   236   236 I PackageManager: /system/app/CtsShimPrebuilt changed; collecting certs
04-05 15:45:21.814   236   236 I PackageManager: /system/app/Stk changed; collecting certs
04-05 15:45:21.815   236   236 E PackageManager: Adding duplicate shared id: 1001 name=com.android.stk
04-05 15:45:21.816   236   236 I PackageManager: /system/app/CaptivePortalLogin changed; collecting certs
04-05 15:45:21.817   236   236 I PackageManager: /system/app/WAPPushManager changed; collecting certs
04-05 15:45:21.818   236   236 I PackageManager: /system/app/PrintSpooler changed; collecting certs
04-05 15:45:21.819   236   236 I PackageManager: /system/app/ExtShared changed; collecting certs
04-05 15:45:21.820   236   236 I PackageManager: /system/app/KeyChain changed; collecting certs
04-05 15:45:21.821   236   236 E PackageManager: Adding duplicate shared id: 1000 name=com.android.keychain
04-05 15:45:21.821   236   236 I PackageManager: /system/app/PartnerBookmarksProvider changed; collecting certs
04-05 15:45:21.822   236   236 I PackageManager: /system/app/CertInstaller changed; collecting certs
04-05 15:45:21.823   236   236 I PackageManager: /system/app/SafetyRegulatoryInfo changed; collecting certs
04-05 15:45:21.824   236   236 I PackageManager: /system/app/PrintRecommendationService changed; collecting certs
04-05 15:45:21.825   236   298 W PackageParser: Ignoring duplicate uses-permissions/uses-permissions-sdk-m: android.permission.CHANGE_WIFI_STATE in package: com.android.nfc at: Binary XML file line #52
04-05 15:45:21.825   236   298 W PackageParser: Ignoring duplicate uses-permissions/uses-permissions-sdk-m: android.permission.ACCESS_WIFI_STATE in package: com.android.nfc at: Binary XML file line #53
04-05 15:45:21.825   236   236 I PackageManager: /system/app/BuiltInPrintService changed; collecting certs
04-05 15:45:21.826   236   236 I PackageManager: /system/app/EasterEgg changed; collecting certs
04-05 15:45:21.827   236   236 I PackageManager: /system/app/HTMLViewer changed; collecting certs
04-05 15:45:21.828   236   298 W PackageParser: No actions in intent filter at /system/app/CarrierDefaultApp/CarrierDefaultApp.apk Binary XML file line #43
04-05 15:45:21.828   236   236 I PackageManager: /system/app/PresencePolling changed; collecting certs
04-05 15:45:21.830   236   236 E PackageManager: Adding duplicate shared id: 1001 name=com.android.service.ims.presence
04-05 15:45:21.830   236   236 I PackageManager: /system/app/LiveWallpapersPicker changed; collecting certs
04-05 15:45:21.831   236   236 I PackageManager: /system/app/SimAppDialog changed; collecting certs
04-05 15:45:21.832   236   236 I PackageManager: /system/app/BasicDreams changed; collecting certs
04-05 15:45:21.833   236   236 I PackageManager: /system/app/WallpaperBackup changed; collecting certs
04-05 15:45:21.834   236   236 E PackageManager: Adding duplicate shared id: 1000 name=com.android.wallpaperbackup
04-05 15:45:21.834   236   236 I PackageManager: /system/app/NfcNci changed; collecting certs
04-05 15:45:21.835   236   236 E PackageManager: Adding duplicate shared id: 1027 name=com.android.nfc
04-05 15:45:21.836   236   236 I PackageManager: /system/app/RcsService changed; collecting certs
04-05 15:45:21.836   236   236 E PackageManager: Adding duplicate shared id: 1001 name=com.android.service.ims
04-05 15:45:21.837   236   236 I PackageManager: /system/app/CarrierDefaultApp changed; collecting certs
04-05 15:45:21.838   236   236 I PackageManager: /system/app/CompanionDeviceManager changed; collecting certs
04-05 15:45:21.839   236   236 I PackageManager: /system/app/PacProcessor changed; collecting certs
04-05 15:45:21.840   236   236 I PackageManager: /system/app/SecureElement changed; collecting certs
04-05 15:45:21.841   236   236 E PackageManager: Adding duplicate shared id: 1068 name=com.android.se
04-05 15:45:21.841   236   236 I PackageManager: /system/app/BookmarkProvider changed; collecting certs
04-05 15:45:21.842   236   236 I PackageManager: /system/app/OsuLogin changed; collecting certs
04-05 15:45:21.843   236   236 I PackageManager: /system/app/Traceur changed; collecting certs
04-05 15:45:21.844   236   236 I PackageManager: /system/app/messaging changed; collecting certs
04-05 15:45:21.845   236   236 D PackageManager: No files in app dir /vendor/priv-app
04-05 15:45:21.845   236   236 D PackageManager: No files in app dir /vendor/app
04-05 15:45:21.845   236   236 D PackageManager: No files in app dir /odm/priv-app
04-05 15:45:21.845   236   236 D PackageManager: No files in app dir /odm/app
04-05 15:45:21.846   236   236 D PackageManager: No files in app dir /oem/app
04-05 15:45:21.848   236   236 I PackageManager: /system/product/priv-app/Provision changed; collecting certs
04-05 15:45:21.849   236   236 I PackageManager: /system/product/priv-app/WallpaperCropper changed; collecting certs
04-05 15:45:21.850   236   236 I PackageManager: /system/product/priv-app/OneTimeInitializer changed; collecting certs
04-05 15:45:21.851   236   236 I PackageManager: /system/product/priv-app/SettingsIntelligence changed; collecting certs
04-05 15:45:21.862   236   303 W PackageParser: Unknown element under <manifest>: meta-data at /system/product/priv-app/Dialer/Dialer.apk Binary XML file line #115
04-05 15:45:21.863   236   302 W PackageParser: No actions in intent filter at /system/product/priv-app/Contacts/Contacts.apk Binary XML file line #411
04-05 15:45:21.863   236   236 I PackageManager: New shared user com.android.emergency.uid: id=10082
04-05 15:45:21.863   236   236 I PackageManager: /system/product/priv-app/EmergencyInfo changed; collecting certs
04-05 15:45:21.864   236   236 E PackageManager: Adding duplicate app id: 10082 name=com.android.emergency
04-05 15:45:21.865   236   236 I PackageManager: /system/product/priv-app/Contacts changed; collecting certs
04-05 15:45:21.867   236   236 I PackageManager: /system/product/priv-app/Dialer changed; collecting certs
04-05 15:45:21.870   236   236 I PackageManager: /system/product/priv-app/Launcher3QuickStep changed; collecting certs
04-05 15:45:21.873   236   236 I PackageManager: /system/product/priv-app/CarrierConfig changed; collecting certs
04-05 15:45:21.874   236   236 I PackageManager: /system/product/priv-app/StorageManager changed; collecting certs
04-05 15:45:21.886   236   303 W PackageParser: Ignoring duplicate uses-permissions/uses-permissions-sdk-m: android.permission.CONFIGURE_WIFI_DISPLAY in package: com.android.systemui at: Binary XML file line #155
04-05 15:45:21.888   236   236 I PackageManager: New shared user android.uid.systemui: id=10088
04-05 15:45:21.888   236   236 I PackageManager: /system/product/priv-app/SystemUI changed; collecting certs
04-05 15:45:21.890   236   236 E PackageManager: Adding duplicate app id: 10088 name=com.android.systemui
04-05 15:45:21.896   236   236 I PackageManager: /system/product/priv-app/Settings changed; collecting certs
04-05 15:45:21.898   236   236 E PackageManager: Adding duplicate shared id: 1000 name=com.android.settings
04-05 15:45:21.899   236   236 W PackageManager: Skipping provider name androidx.lifecycle.process.lifecycle-process (in package com.android.settings): name already used by com.android.systemui
04-05 15:45:21.903   236   236 I PackageManager: /system/product/app/QuickSearchBox changed; collecting certs
04-05 15:45:21.907   236   236 I PackageManager: /system/product/app/PhotoTable changed; collecting certs
04-05 15:45:21.910   236   236 I PackageManager: /system/product/app/Camera2 changed; collecting certs
04-05 15:45:21.911   236   309 W PackageParser: Ignoring duplicate uses-permissions/uses-permissions-sdk-m: android.permission.WRITE_CONTACTS in package: com.android.email at: Binary XML file line #45
04-05 15:45:21.911   236   236 I PackageManager: /system/product/app/webview changed; collecting certs
04-05 15:45:21.914   236   236 I PackageManager: /system/product/app/Email changed; collecting certs
04-05 15:45:21.917   236   236 I PackageManager: /system/product/app/Gallery2 changed; collecting certs
04-05 15:45:21.918   236   236 I PackageManager: /system/product/app/Music changed; collecting certs
04-05 15:45:21.920   236   236 I PackageManager: /system/product/app/ModuleMetadata changed; collecting certs
04-05 15:45:21.922   236   236 I PackageManager: /system/product/app/DeskClock changed; collecting certs
04-05 15:45:21.923   236   236 I PackageManager: /system/product/app/WallpaperPicker changed; collecting certs
04-05 15:45:21.925   236   236 I PackageManager: /system/product/app/LatinIME changed; collecting certs
04-05 15:45:21.927   236   236 I PackageManager: /system/product/app/Calendar changed; collecting certs
04-05 15:45:21.929   236   236 D PackageManager: No files in app dir /product_services/priv-app
04-05 15:45:21.929   236   236 D PackageManager: No files in app dir /product_services/app
04-05 15:45:21.929   236   236 I PackageManager: Finished scanning system apps. Time: 271 ms, packageCount: 129 , timePerPackage: 2 , cached: 0
04-05 15:45:21.929   236   236 D PackageManager: No files in app dir /data/app
04-05 15:45:21.929   236   236 I PackageManager: Finished scanning non-system apps. Time: 0 ms, packageCount: 0 , timePerPackage: 0 , cached: 0
04-05 15:45:21.931   236   236 I PackageManager: Time to scan packages: 0.273 seconds
04-05 15:45:21.932   236   236 I PackageManager: Un-granting permission android.permission.GLOBAL_SEARCH from package com.android.quicksearchbox (protectionLevel=18 flags=0x3008be45)
04-05 15:45:21.933   236   236 I PackageManager: Un-granting permission android.permission.BIND_WALLPAPER from package com.android.camera2 (protectionLevel=18 flags=0x2058bc45)
04-05 15:45:21.938   236   236 I PackageManager: Un-granting permission android.permission.CONNECTIVITY_USE_RESTRICTED_NETWORKS from package com.android.captiveportallogin (protectionLevel=18 flags=0x3848be45)
04-05 15:45:21.938   236   236 I PackageManager: Un-granting permission android.permission.NETWORK_BYPASS_PRIVATE_DNS from package com.android.captiveportallogin (protectionLevel=2 flags=0x3848be45)
04-05 15:45:21.939   236   236 V PackageManager: reconcileAppsData for null u0 0x3 migrateAppData=true
04-05 15:45:21.941   125   140 W installd: Requested default storage /data/user_de/0/com.android.providers.telephony is not active; migrating from /data/data/com.android.providers.telephony
04-05 15:45:21.944   125   140 W installd: Requested default storage /data/user_de/0/android is not active; migrating from /data/data/android
04-05 15:45:21.948   125   140 W installd: Requested default storage /data/user_de/0/com.android.providers.settings is not active; migrating from /data/data/com.android.providers.settings
04-05 15:45:21.950   125   140 W installd: Requested default storage /data/user_de/0/com.android.inputdevices is not active; migrating from /data/data/com.android.inputdevices
04-05 15:45:21.952   125   140 W installd: Requested default storage /data/user_de/0/android.ext.shared is not active; migrating from /data/data/android.ext.shared
04-05 15:45:21.954   125   140 W installd: Requested default storage /data/user_de/0/com.android.server.telecom is not active; migrating from /data/data/com.android.server.telecom
04-05 15:45:21.958   125   140 W installd: Requested default storage /data/user_de/0/android.ext.services is not active; migrating from /data/data/android.ext.services
04-05 15:45:21.959   125   140 W installd: Requested default storage /data/user_de/0/com.android.proxyhandler is not active; migrating from /data/data/com.android.proxyhandler
04-05 15:45:21.961   125   140 W installd: Requested default storage /data/user_de/0/com.android.inputmethod.latin is not active; migrating from /data/data/com.android.inputmethod.latin
04-05 15:45:21.963   125   140 W installd: Requested default storage /data/user_de/0/com.android.settings is not active; migrating from /data/data/com.android.settings
04-05 15:45:21.965   125   140 W installd: Requested default storage /data/user_de/0/com.android.phone is not active; migrating from /data/data/com.android.phone
04-05 15:45:21.967   125   140 W installd: Requested default storage /data/user_de/0/com.android.shell is not active; migrating from /data/data/com.android.shell
04-05 15:45:21.968   125   140 W installd: Requested default storage /data/user_de/0/com.android.location.fused is not active; migrating from /data/data/com.android.location.fused
04-05 15:45:21.970   125   140 W installd: Requested default storage /data/user_de/0/com.android.systemui is not active; migrating from /data/data/com.android.systemui
04-05 15:45:21.972   125   140 W installd: Requested default storage /data/user_de/0/com.android.permissioncontroller is not active; migrating from /data/data/com.android.permissioncontroller
04-05 15:45:21.972   236   236 V PackageManager: reconcileAppsData finished 20 packages
04-05 15:45:21.973   125   140 E cutils-trace: Error opening trace file: No such file or directory (2)
04-05 15:45:21.983   236   236 E PackageManager: There should probably be a verifier, but, none were found
04-05 15:45:22.003   236   236 I system_server: Explicit concurrent copying GC freed 127590(10MB) AllocSpace objects, 111(2948KB) LOS objects, 42% free, 3593KB/6289KB, paused 23us total 16.527ms
04-05 15:45:22.003   236   236 I Watchdog: Resuming HandlerChecker: main thread for reason: packagemanagermain. Pause count: 0
04-05 15:45:22.003   236   236 I SystemServer: StartOtaDexOptService
04-05 15:45:22.003   236   236 I Watchdog: Pausing HandlerChecker: main thread for reason: moveab. Pause count: 1
04-05 15:45:22.003   236   236 D OTADexopt: No upgrade, skipping A/B artifacts check.
04-05 15:45:22.003   236   236 I Watchdog: Resuming HandlerChecker: main thread for reason: moveab. Pause count: 0
04-05 15:45:22.003   236   236 I SystemServer: StartUserManagerService
04-05 15:45:22.003   236   236 I SystemServiceManager: Starting com.android.server.pm.UserManagerService$LifeCycle
04-05 15:45:22.003   236   236 I SystemServer: InitAttributerCache
04-05 15:45:22.003   236   236 I SystemServer: SetSystemProcess
04-05 15:45:22.005    85    85 I lowmemorykiller: lmkd data connection established
04-05 15:45:22.006    85    85 E lowmemorykiller: Error writing /proc/236/oom_score_adj; errno=13
04-05 15:45:22.007   236   236 I SystemServer: InitWatchdog
04-05 15:45:22.007   236   236 I SystemServer: StartOverlayManagerService
04-05 15:45:22.010   122   168 E cutils-trace: Error opening trace file: No such file or directory (2)
04-05 15:45:22.011    83    83 I         : Waiting for sensor privacy service
04-05 15:45:22.016   125   140 W installd: Requested default storage /data/user_de/0/com.android.networkstack is not active; migrating from /data/data/com.android.networkstack
04-05 15:45:22.016   116   116 I         : Waiting for sensor privacy service
04-05 15:45:22.034   125   140 W installd: Requested default storage /data/user_de/0/com.android.stk is not active; migrating from /data/data/com.android.stk
04-05 15:45:22.057   125   140 W installd: Requested default storage /data/user_de/0/com.android.cellbroadcastreceiver is not active; migrating from /data/data/com.android.cellbroadcastreceiver
04-05 15:45:22.069   125   140 W installd: Requested default storage /data/user_de/0/com.android.packageinstaller is not active; migrating from /data/data/com.android.packageinstaller
04-05 15:45:22.095   125   140 W installd: Requested default storage /data/user_de/0/com.android.providers.blockednumber is not active; migrating from /data/data/com.android.providers.blockednumber
04-05 15:45:22.097   125   140 W installd: Requested default storage /data/user_de/0/com.android.emergency is not active; migrating from /data/data/com.android.emergency
04-05 15:45:22.189   236   310 I PackageManager: Deferred reconcileAppsData finished 109 packages
04-05 15:45:22.230   236   236 I SystemServer: StartSensorPrivacyService
04-05 15:45:22.230   236   236 I SystemServer: StartBatteryService
04-05 15:45:22.230   236   236 I SystemServiceManager: Starting com.android.server.BatteryService
04-05 15:45:22.230   236   312 D SensorService: nuSensorService starting...
04-05 15:45:22.231    12    12 I hwservicemanager: getTransport: Cannot find entry android.hardware.sensors@2.0::ISensors/default in either framework or device manifest.
04-05 15:45:22.232   236   312 I SensorService: Reported power 0.000000 not deemed sane, clamping to 0.001000
04-05 15:45:22.232   236   236 I android_os_HwBinder: HwBinder: Starting thread pool for getting: android.hardware.health@2.0::IHealth/default
04-05 15:45:22.232   236   312 I SensorService: Generated new HMAC key.
04-05 15:45:22.233   236   312 E SensorService: Couldn't set SCHED_FIFO for SensorService thread
04-05 15:45:22.233   236   313 D SensorService: new thread SensorEventAckReceiver
04-05 15:45:22.233   236   314 D SensorService: nuSensorService thread starting...
04-05 15:45:22.235   236   236 I android_os_HwBinder: HwBinder: Starting thread pool for getting: android.hidl.manager@1.0::IServiceManager/default
04-05 15:45:22.235   236   236 I HealthServiceWrapper: health: HealthServiceWrapper listening to instance default
04-05 15:45:22.235   236   236 I BatteryService: health: Waited 0ms and received the update.
04-05 15:45:22.235   236   236 I SystemServer: StartUsageService
04-05 15:45:22.235   236   236 I SystemServiceManager: Starting com.android.server.usage.UsageStatsService
04-05 15:45:22.235   236   315 I android_os_HwBinder: HwBinder: Starting thread pool for getting: android.hardware.health@2.0::IHealth/default
04-05 15:45:22.238    12    12 I hwservicemanager: getTransport: Cannot find entry android.hardware.soundtrigger@2.0::ISoundTriggerHw/default in either framework or device manifest.
04-05 15:45:22.238    83    83 E SoundTriggerHwService: could not read implementation properties
04-05 15:45:22.241   236   236 I UsageStatsDatabase: Upgrading from version 0 to 4
04-05 15:45:22.241   236   236 I UsageStatsDatabase: Deleting all usage stats files
04-05 15:45:22.241   236   236 I UsageStatsService: User[0] Rollover scheduled @ 2021-04-06 15:45:22(1617723922238)
04-05 15:45:22.242   236   236 I SystemServer: StartWebViewUpdateService
04-05 15:45:22.242   236   236 I SystemServiceManager: Starting com.android.server.webkit.WebViewUpdateService
04-05 15:45:22.243   116   116 I ServiceManagement: Registered android.frameworks.cameraservice.service@2.0::ICameraService/default (start delay of 2124ms)
04-05 15:45:22.244   116   116 I CameraService: CameraService pinged cameraservice proxy
04-05 15:45:22.244   236   236 I SystemServer: StartCachedDeviceStateService
04-05 15:45:22.244   116   116 I cameraserver: ServiceManager: 0xf76231a0 done instantiate
04-05 15:45:22.244   236   236 I SystemServiceManager: Starting com.android.server.CachedDeviceStateService
04-05 15:45:22.244   236   236 I SystemServer: StartBinderCallsStatsService
04-05 15:45:22.244   236   236 I SystemServiceManager: Starting com.android.server.BinderCallsStatsService$LifeCycle
04-05 15:45:22.244   236   236 I SystemServer: StartLooperStatsService
04-05 15:45:22.244   236   236 I SystemServiceManager: Starting com.android.server.LooperStatsService$Lifecycle
04-05 15:45:22.244   236   236 I SystemServer: StartRollbackManagerService
04-05 15:45:22.244   236   236 I SystemServiceManager: Starting com.android.server.rollback.RollbackManagerService
04-05 15:45:22.247   236   236 I SystemServer: StartBugreportManagerService
04-05 15:45:22.248   236   236 I SystemServiceManager: Starting com.android.server.os.BugreportManagerService
04-05 15:45:22.248   236   236 I SystemServer: GpuService
04-05 15:45:22.248   236   236 I SystemServiceManager: Starting com.android.server.gpu.GpuService
04-05 15:45:22.248   236   236 I SystemServer: StartKeyAttestationApplicationIdProviderService
04-05 15:45:22.248   236   319 I SystemServer: SecondaryZygotePreload
04-05 15:45:22.248   236   236 I SystemServer: StartKeyChainSystemService
04-05 15:45:22.248   236   236 I SystemServiceManager: Starting com.android.server.security.KeyChainSystemService
04-05 15:45:22.248   236   236 I SystemServer: StartSchedulingPolicyService
04-05 15:45:22.248   236   236 I SystemServer: StartTelecomLoaderService
04-05 15:45:22.248   236   236 I SystemServiceManager: Starting com.android.server.telecom.TelecomLoaderService
04-05 15:45:22.249   236   236 I SystemServer: StartTelephonyRegistry
04-05 15:45:22.249   236   236 I SystemServer: StartEntropyMixer
04-05 15:45:22.249   236   236 W EntropyMixer: No existing entropy file -- first boot?
04-05 15:45:22.249   236   236 I EntropyMixer: Writing entropy...
04-05 15:45:22.250   236   320 I SchedulingPolicyService: Moving 138 back to group default
04-05 15:45:22.250   236   236 I SystemServer: StartAccountManagerService
04-05 15:45:22.250   236   236 I SystemServiceManager: Starting com.android.server.accounts.AccountManagerService$Lifecycle
04-05 15:45:22.252   236   236 I SystemServer: StartContentService
04-05 15:45:22.252   236   236 I SystemServiceManager: Starting com.android.server.content.ContentService$Lifecycle
04-05 15:45:22.254   236   236 I SystemServer: InstallSystemProviders
04-05 15:45:22.258   236   236 I system_server: The ClassLoaderContext is a special shared library.
04-05 15:45:22.275   236   236 I SettingsState: No settings state /data/system/users/0/settings_system.xml
04-05 15:45:22.276   236   236 I SettingsState: directory info for directory/file /data/system/users/0/settings_system.xml with stacktrace 
04-05 15:45:22.276   236   236 I SettingsState: java.lang.Exception
04-05 15:45:22.276   236   236 I SettingsState: 	at com.android.providers.settings.SettingsState.logSettingsDirectoryInformation(SettingsState.java:753)
04-05 15:45:22.276   236   236 I SettingsState: 	at com.android.providers.settings.SettingsState.readStateSyncLocked(SettingsState.java:852)
04-05 15:45:22.276   236   236 I SettingsState: 	at com.android.providers.settings.SettingsState.<init>(SettingsState.java:277)
04-05 15:45:22.276   236   236 I SettingsState: 	at com.android.providers.settings.SettingsProvider$SettingsRegistry.ensureSettingsStateLocked(SettingsProvider.java:2589)
04-05 15:45:22.276   236   236 I SettingsState: 	at com.android.providers.settings.SettingsProvider$SettingsRegistry.migrateLegacySettingsForUserLocked(SettingsProvider.java:2928)
04-05 15:45:22.276   236   236 I SettingsState: 	at com.android.providers.settings.SettingsProvider$SettingsRegistry.migrateAllLegacySettingsIfNeeded(SettingsProvider.java:2893)
04-05 15:45:22.276   236   236 I SettingsState: 	at com.android.providers.settings.SettingsProvider$SettingsRegistry.<init>(SettingsProvider.java:2396)
04-05 15:45:22.276   236   236 I SettingsState: 	at com.android.providers.settings.SettingsProvider.onCreate(SettingsProvider.java:330)
04-05 15:45:22.276   236   236 I SettingsState: 	at android.content.ContentProvider.attachInfo(ContentProvider.java:2092)
04-05 15:45:22.276   236   236 I SettingsState: 	at android.content.ContentProvider.attachInfo(ContentProvider.java:2066)
04-05 15:45:22.276   236   236 I SettingsState: 	at android.app.ActivityThread.installProvider(ActivityThread.java:6983)
04-05 15:45:22.276   236   236 I SettingsState: 	at android.app.ActivityThread.installContentProviders(ActivityThread.java:6528)
04-05 15:45:22.276   236   236 I SettingsState: 	at android.app.ActivityThread.installSystemProviders(ActivityThread.java:7169)
04-05 15:45:22.276   236   236 I SettingsState: 	at com.android.server.am.ActivityManagerService.installSystemProviders(ActivityManagerService.java:7587)
04-05 15:45:22.276   236   236 I SettingsState: 	at com.android.server.SystemServer.startOtherServices(SystemServer.java:983)
04-05 15:45:22.276   236   236 I SettingsState: 	at com.android.server.SystemServer.run(SystemServer.java:513)
04-05 15:45:22.276   236   236 I SettingsState: 	at com.android.server.SystemServer.main(SystemServer.java:350)
04-05 15:45:22.276   236   236 I SettingsState: 	at java.lang.reflect.Method.invoke(Native Method)
04-05 15:45:22.276   236   236 I SettingsState: 	at com.android.internal.os.RuntimeInit$MethodAndArgsCaller.run(RuntimeInit.java:492)
04-05 15:45:22.276   236   236 I SettingsState: 	at com.android.internal.os.ZygoteInit.main(ZygoteInit.java:908)
04-05 15:45:22.276   236   236 I SettingsState: ancestor directory /data/system/users/0 exists
04-05 15:45:22.276   236   236 I SettingsState: ancestor directory /data/system/users/0 permissions: r: true w: true x: true
04-05 15:45:22.276   236   236 I SettingsState: ancestor's parent directory /data/system/users permissions: r: true w: true x: true
04-05 15:45:22.278   236   236 I SettingsState: No settings state /data/system/users/0/settings_secure.xml
04-05 15:45:22.278   236   236 I SettingsState: directory info for directory/file /data/system/users/0/settings_secure.xml with stacktrace 
04-05 15:45:22.278   236   236 I SettingsState: java.lang.Exception
04-05 15:45:22.278   236   236 I SettingsState: 	at com.android.providers.settings.SettingsState.logSettingsDirectoryInformation(SettingsState.java:753)
04-05 15:45:22.278   236   236 I SettingsState: 	at com.android.providers.settings.SettingsState.readStateSyncLocked(SettingsState.java:852)
04-05 15:45:22.278   236   236 I SettingsState: 	at com.android.providers.settings.SettingsState.<init>(SettingsState.java:277)
04-05 15:45:22.278   236   236 I SettingsState: 	at com.android.providers.settings.SettingsProvider$SettingsRegistry.ensureSettingsStateLocked(SettingsProvider.java:2589)
04-05 15:45:22.278   236   236 I SettingsState: 	at com.android.providers.settings.SettingsProvider$SettingsRegistry.migrateLegacySettingsForUserLocked(SettingsProvider.java:2937)
04-05 15:45:22.278   236   236 I SettingsState: 	at com.android.providers.settings.SettingsProvider$SettingsRegistry.migrateAllLegacySettingsIfNeeded(SettingsProvider.java:2893)
