04-05 15:45:20.381   136   136 I MediaCodecsXmlParser: limit: measured-frame-rate-1920x1080-range = 31-34
04-05 15:45:20.381   136   136 I MediaCodecsXmlParser: limit: measured-frame-rate-352x288-range = 754-817
04-05 15:45:20.381   136   136 I MediaCodecsXmlParser: limit: measured-frame-rate-640x360-range = 323-394
04-05 15:45:20.381   136   136 I MediaCodecsXmlParser: limit: measured-frame-rate-720x480-range = 349-372
04-05 15:45:20.381   136   136 I MediaCodecsXmlParser: limit: measured-frame-rate-1280x720-range = 144-157
04-05 15:45:20.381   136   136 I MediaCodecsXmlParser: limit: measured-frame-rate-1920x1080-range = 74-85
04-05 15:45:20.381   136   136 I MediaCodecsXmlParser: limit: measured-frame-rate-176x144-range = 1439-1625
04-05 15:45:20.381   136   136 I MediaCodecsXmlParser: limit: measured-frame-rate-320x180-range = 1129-1261
04-05 15:45:20.381   136   136 I MediaCodecsXmlParser: limit: measured-frame-rate-640x360-range = 471-525
04-05 15:45:20.381   136   136 I MediaCodecsXmlParser: limit: measured-frame-rate-1280x720-range = 126-145
04-05 15:45:20.381   136   136 I MediaCodecsXmlParser: limit: measured-frame-rate-1920x1080-range = 48-51
04-05 15:45:20.381   136   136 I MediaCodecsXmlParser: limit: measured-frame-rate-320x180-range = 968-1101
04-05 15:45:20.381   136   136 I MediaCodecsXmlParser: limit: measured-frame-rate-640x360-range = 291-338
04-05 15:45:20.381   136   136 I MediaCodecsXmlParser: limit: measured-frame-rate-1280x720-range = 280-400
04-05 15:45:20.381   136   136 I MediaCodecsXmlParser: limit: measured-frame-rate-1920x1080-range = 178-240
04-05 15:45:20.381   136   136 D MediaCodecsXmlParser: Cannot find /data/misc/media/media_codecs_profiling_results.xml
04-05 15:45:20.381    86    86 D         : createUnique: call
04-05 15:45:20.382    86    86 I         : Successfully mapped shared memory buffers
04-05 15:45:20.382    86    86 D         : HostConnection::get() New Host Connection established 0xffffa481ebe0, tid 86
04-05 15:45:20.382   136   136 I ServiceManagement: Registered android.hardware.media.omx@1.0::IOmxStore/default (start delay of 232ms)
04-05 15:45:20.382   136   136 I ServiceManagement: Removing namespace from process name android.hardware.media.omx@1.0-service to omx@1.0-service.
04-05 15:45:20.382    86    86 D         : HostComposition ext GL_OES_EGL_image_external_essl3 GL_OES_vertex_array_object GL_KHR_texture_compression_astc_ldr ANDROID_EMU_gles_max_version_3_1 
04-05 15:45:20.382    68    68 D gralloc_ranchu: gralloc_alloc: Creating ashmem region of size 3690496
04-05 15:45:20.391    68    68 D gralloc_ranchu: gralloc_alloc: Creating ashmem region of size 3690496
04-05 15:45:20.433   116   116 I cameraserver: ServiceManager: 0xf76231a0
04-05 15:45:20.433   116   116 I CameraService: CameraService started (pid=116)
04-05 15:45:20.433   116   116 I CameraService: CameraService process starting
04-05 15:45:20.433   116   116 W BatteryNotifier: batterystats service unavailable!
04-05 15:45:20.433   116   116 W BatteryNotifier: batterystats service unavailable!
04-05 15:45:20.433   138   138 I /apex/com.android.media.swcodec/bin/mediaswcodec: media swcodec service starting
04-05 15:45:20.433   116   116 E cutils-trace: Error opening trace file: No such file or directory (2)
04-05 15:45:20.434   138   138 W /apex/com.android.media.swcodec/bin/mediaswcodec: Could not read additional policy file '/vendor/etc/seccomp_policy/mediaswcodec.policy'
04-05 15:45:20.434   138   138 W /apex/com.android.media.swcodec/bin/mediaswcodec: libminijail[138]: failed to get path of fd 4: No such file or directory
04-05 15:45:20.434   138   138 W /apex/com.android.media.swcodec/bin/mediaswcodec: libminijail[138]: allowing syscall: connect
04-05 15:45:20.434   138   138 W /apex/com.android.media.swcodec/bin/mediaswcodec: libminijail[138]: allowing syscall: fcntl
04-05 15:45:20.434   138   138 W /apex/com.android.media.swcodec/bin/mediaswcodec: libminijail[138]: allowing syscall: sendto
04-05 15:45:20.434   138   138 W /apex/com.android.media.swcodec/bin/mediaswcodec: libminijail[138]: allowing syscall: socket
04-05 15:45:20.434   138   138 W /apex/com.android.media.swcodec/bin/mediaswcodec: libminijail[138]: allowing syscall: writev
04-05 15:45:20.434   138   138 W /apex/com.android.media.swcodec/bin/mediaswcodec: libminijail[138]: logging seccomp filter failures
04-05 15:45:20.435   138   138 I CodecServiceRegistrant: Creating software Codec2 service...
04-05 15:45:20.440   116   116 I ServiceManagement: getService: Trying again for android.hardware.camera.provider@2.4::ICameraProvider/legacy/0... 
04-05 15:45:20.440   138   138 E cutils-trace: Error opening trace file: No such file or directory (2)
04-05 15:45:20.441   138   138 I ServiceManagement: Registered android.hardware.media.c2@1.0::IComponentStore/software (start delay of 291ms)
04-05 15:45:20.441   138   138 I CodecServiceRegistrant: Software Codec2 service created.
04-05 15:45:20.443   130   130 I mediaserver: ServiceManager: 0xf76232a0
04-05 15:45:20.450    53    53 D AndroidRuntime: >>>>>> START com.android.internal.os.ZygoteInit uid 0 <<<<<<
04-05 15:45:20.452   130   130 W BatteryNotifier: batterystats service unavailable!
04-05 15:45:20.452   130   130 W BatteryNotifier: batterystats service unavailable!
04-05 15:45:20.459   128   128 E MediaExtractorFactory: couldn't opendir(/system/lib64/extractors)
04-05 15:45:20.459    54    54 D AndroidRuntime: >>>>>> START com.android.internal.os.ZygoteInit uid 0 <<<<<<
04-05 15:45:20.460    86    86 D RenderEngine: shader cache generated - 48 shaders in 67.623947 ms
04-05 15:45:20.461    83    83 I FastMixerState: sMaxFastTracks = 8
04-05 15:45:20.461    86    86 I ServiceManagement: Registered android.frameworks.displayservice@1.0::IDisplayService/default (start delay of 431ms)
04-05 15:45:20.461    86    86 E SurfaceFlinger: Couldn't set SCHED_FIFO
04-05 15:45:20.461    86    86 D SurfaceFlinger: Setting power mode 2 on display 0
04-05 15:45:20.462    86    86 W SurfaceFlinger: Couldn't set SCHED_FIFO on display on
04-05 15:45:20.462    86    86 D SurfaceFlinger: Finished setting power mode 2 on display 0
04-05 15:45:20.463    83    83 V MediaUtils: physMem: 269345456128
04-05 15:45:20.464    83    83 V MediaUtils: requested limit: 536870912
04-05 15:45:20.464    83    83 I libc    : malloc_limit: Allocation limit enabled, max size 536870912 bytes
04-05 15:45:20.465    83    83 I audioserver: ServiceManager: 0xffffa80e6dc0
04-05 15:45:20.465    83    83 W BatteryNotifier: batterystats service unavailable!
04-05 15:45:20.465    83    83 E cutils-trace: Error opening trace file: No such file or directory (2)
04-05 15:45:20.465    12    12 I hwservicemanager: getTransport: Cannot find entry android.hardware.audio@5.0::IDevicesFactory/default in either framework or device manifest.
04-05 15:45:20.466    12    12 I hwservicemanager: getTransport: Cannot find entry android.hardware.audio@4.0::IDevicesFactory/msd in either framework or device manifest.
04-05 15:45:20.466    12    12 I hwservicemanager: getTransport: Cannot find entry android.hardware.audio.effect@5.0::IEffectsFactory/default in either framework or device manifest.
04-05 15:45:20.467    83    83 I AudioFlinger: Using default 3000 mSec as standby time.
04-05 15:45:20.469    53    53 I AndroidRuntime: Using default boot image
04-05 15:45:20.469    53    53 I AndroidRuntime: Leaving lock profiling enabled
04-05 15:45:20.471    53    53 E cutils-trace: Error opening trace file: No such file or directory (2)
04-05 15:45:20.472    53    53 I zygote64: option[0]=-Xzygote
04-05 15:45:20.472    53    53 I zygote64: option[1]=exit
04-05 15:45:20.472    53    53 I zygote64: option[2]=vfprintf
04-05 15:45:20.472    53    53 I zygote64: option[3]=sensitiveThread
04-05 15:45:20.472    53    53 I zygote64: option[4]=-verbose:gc
04-05 15:45:20.472    53    53 I zygote64: option[5]=-Xms16m
04-05 15:45:20.472    53    53 I zygote64: option[6]=-Xmx512m
04-05 15:45:20.472    53    53 I zygote64: option[7]=-XX:HeapGrowthLimit=192m
04-05 15:45:20.472    53    53 I zygote64: option[8]=-XX:HeapMinFree=512k
04-05 15:45:20.472    53    53 I zygote64: option[9]=-XX:HeapMaxFree=8m
04-05 15:45:20.472    53    53 I zygote64: option[10]=-XX:HeapTargetUtilization=0.75
04-05 15:45:20.472    53    53 I zygote64: option[11]=-Xusejit:true
04-05 15:45:20.472    53    53 I zygote64: option[12]=-Xjitsaveprofilinginfo
04-05 15:45:20.472    53    53 I zygote64: option[13]=-XjdwpOptions:suspend=n,server=y
04-05 15:45:20.472    53    53 I zygote64: option[14]=-XjdwpProvider:default
04-05 15:45:20.472    53    53 I zygote64: option[15]=-Ximage-compiler-option
04-05 15:45:20.472    53    53 I zygote64: option[16]=--runtime-arg
04-05 15:45:20.472    53    53 I zygote64: option[17]=-Ximage-compiler-option
04-05 15:45:20.472    53    53 I zygote64: option[18]=-Xms64m
04-05 15:45:20.472    53    53 I zygote64: option[19]=-Ximage-compiler-option
04-05 15:45:20.472    53    53 I zygote64: option[20]=--runtime-arg
04-05 15:45:20.472    53    53 I zygote64: option[21]=-Ximage-compiler-option
04-05 15:45:20.472    53    53 I zygote64: option[22]=-Xmx64m
04-05 15:45:20.472    53    53 I zygote64: option[23]=-Ximage-compiler-option
04-05 15:45:20.472    53    53 I zygote64: option[24]=--profile-file=/system/etc/boot-image.prof
04-05 15:45:20.472    53    53 I zygote64: option[25]=-Ximage-compiler-option
04-05 15:45:20.472    53    53 I zygote64: option[26]=--compiler-filter=speed-profile
04-05 15:45:20.472    53    53 I zygote64: option[27]=-Xcompiler-option
04-05 15:45:20.472    53    53 I zygote64: option[28]=--runtime-arg
04-05 15:45:20.472    53    53 I zygote64: option[29]=-Xcompiler-option
04-05 15:45:20.472    53    53 I zygote64: option[30]=-Xms64m
04-05 15:45:20.472    53    53 I zygote64: option[31]=-Xcompiler-option
04-05 15:45:20.472    53    53 I zygote64: option[32]=--runtime-arg
04-05 15:45:20.472    53    53 I zygote64: option[33]=-Xcompiler-option
04-05 15:45:20.472    53    53 I zygote64: option[34]=-Xmx512m
04-05 15:45:20.472    53    53 I zygote64: option[35]=-Ximage-compiler-option
04-05 15:45:20.472    53    53 I zygote64: option[36]=--instruction-set-variant=generic
04-05 15:45:20.472    53    53 I zygote64: option[37]=-Xcompiler-option
04-05 15:45:20.472    53    53 I zygote64: option[38]=--instruction-set-variant=generic
04-05 15:45:20.472    53    53 I zygote64: option[39]=-Ximage-compiler-option
04-05 15:45:20.472    53    53 I zygote64: option[40]=--instruction-set-features=default
04-05 15:45:20.472    53    53 I zygote64: option[41]=-Xcompiler-option
04-05 15:45:20.472    53    53 I zygote64: option[42]=--instruction-set-features=default
04-05 15:45:20.472    53    53 I zygote64: option[43]=-Duser.locale=en-US
04-05 15:45:20.472    53    53 I zygote64: option[44]=--cpu-abilist=arm64-v8a
04-05 15:45:20.472    53    53 I zygote64: option[45]=-Xcompiler-option
04-05 15:45:20.472    53    53 I zygote64: option[46]=--generate-mini-debug-info
04-05 15:45:20.472    53    53 I zygote64: option[47]=-Xfingerprint:Android/anbox_arm64/arm64:10/QQ2A.200305.004.A1/eng.jenkin.20210204.102015:user/release-keys
04-05 15:45:20.473    83    83 E APM::Serializer: deserialize: Could not parse /odm/etc/audio_policy_configuration.xml document.
04-05 15:45:20.476    54    54 I AndroidRuntime: Using default boot image
04-05 15:45:20.476    54    54 I AndroidRuntime: Leaving lock profiling enabled
04-05 15:45:20.478    83    83 E APM::AudioPolicyEngine/Config: parse: Could not parse document /vendor/etc/audio_policy_engine_configuration.xml
04-05 15:45:20.478    83    83 W APM::AudioPolicyEngine/Base: loadAudioPolicyEngineConfig: No configuration found, using default matching phone experience.
04-05 15:45:20.478    83    83 E APM::AudioPolicyEngine/Config: parseLegacyVolumeFile: Could not parse document /odm/etc/audio_policy_configuration.xml
04-05 15:45:20.478    54    54 E cutils-trace: Error opening trace file: No such file or directory (2)
04-05 15:45:20.480    54    54 I zygote  : option[0]=-Xzygote
04-05 15:45:20.480    54    54 I zygote  : option[1]=exit
04-05 15:45:20.480    54    54 I zygote  : option[2]=vfprintf
04-05 15:45:20.480    54    54 I zygote  : option[3]=sensitiveThread
04-05 15:45:20.480    54    54 I zygote  : option[4]=-verbose:gc
04-05 15:45:20.480    54    54 I zygote  : option[5]=-Xms16m
04-05 15:45:20.480    54    54 I zygote  : option[6]=-Xmx512m
04-05 15:45:20.480    54    54 I zygote  : option[7]=-XX:HeapGrowthLimit=192m
04-05 15:45:20.480    54    54 I zygote  : option[8]=-XX:HeapMinFree=512k
04-05 15:45:20.480    54    54 I zygote  : option[9]=-XX:HeapMaxFree=8m
04-05 15:45:20.480    54    54 I zygote  : option[10]=-XX:HeapTargetUtilization=0.75
04-05 15:45:20.480    54    54 I zygote  : option[11]=-Xusejit:true
04-05 15:45:20.480    54    54 I zygote  : option[12]=-Xjitsaveprofilinginfo
04-05 15:45:20.480    54    54 I zygote  : option[13]=-XjdwpOptions:suspend=n,server=y
04-05 15:45:20.480    54    54 I zygote  : option[14]=-XjdwpProvider:default
04-05 15:45:20.480    54    54 I zygote  : option[15]=-Ximage-compiler-option
04-05 15:45:20.480    54    54 I zygote  : option[16]=--runtime-arg
04-05 15:45:20.480    54    54 I zygote  : option[17]=-Ximage-compiler-option
04-05 15:45:20.480    54    54 I zygote  : option[18]=-Xms64m
04-05 15:45:20.480    54    54 I zygote  : option[19]=-Ximage-compiler-option
04-05 15:45:20.480    54    54 I zygote  : option[20]=--runtime-arg
04-05 15:45:20.480    54    54 I zygote  : option[21]=-Ximage-compiler-option
04-05 15:45:20.480    54    54 I zygote  : option[22]=-Xmx64m
04-05 15:45:20.480    54    54 I zygote  : option[23]=-Ximage-compiler-option
04-05 15:45:20.480    54    54 I zygote  : option[24]=--profile-file=/system/etc/boot-image.prof
04-05 15:45:20.480    54    54 I zygote  : option[25]=-Ximage-compiler-option
04-05 15:45:20.480    54    54 I zygote  : option[26]=--compiler-filter=speed-profile
04-05 15:45:20.480    54    54 I zygote  : option[27]=-Xcompiler-option
04-05 15:45:20.480    54    54 I zygote  : option[28]=--runtime-arg
04-05 15:45:20.480    54    54 I zygote  : option[29]=-Xcompiler-option
04-05 15:45:20.480    54    54 I zygote  : option[30]=-Xms64m
04-05 15:45:20.480    54    54 I zygote  : option[31]=-Xcompiler-option
04-05 15:45:20.480    54    54 I zygote  : option[32]=--runtime-arg
04-05 15:45:20.480    54    54 I zygote  : option[33]=-Xcompiler-option
04-05 15:45:20.480    54    54 I zygote  : option[34]=-Xmx512m
04-05 15:45:20.480    54    54 I zygote  : option[35]=-Ximage-compiler-option
04-05 15:45:20.480    54    54 I zygote  : option[36]=--instruction-set-variant=generic
04-05 15:45:20.480    54    54 I zygote  : option[37]=-Xcompiler-option
04-05 15:45:20.480    54    54 I zygote  : option[38]=--instruction-set-variant=generic
04-05 15:45:20.480    54    54 I zygote  : option[39]=-Ximage-compiler-option
04-05 15:45:20.480    54    54 I zygote  : option[40]=--instruction-set-features=default
04-05 15:45:20.480    54    54 I zygote  : option[41]=-Xcompiler-option
04-05 15:45:20.480    54    54 I zygote  : option[42]=--instruction-set-features=default
04-05 15:45:20.480    54    54 I zygote  : option[43]=-Duser.locale=en-US
04-05 15:45:20.480    54    54 I zygote  : option[44]=--cpu-abilist=armeabi-v7a,armeabi
04-05 15:45:20.480    54    54 I zygote  : option[45]=-Xcompiler-option
04-05 15:45:20.480    54    54 I zygote  : option[46]=--generate-mini-debug-info
04-05 15:45:20.480    54    54 I zygote  : option[47]=-Xfingerprint:Android/anbox_arm64/arm64:10/QQ2A.200305.004.A1/eng.jenkin.20210204.102015:user/release-keys
04-05 15:45:20.482    59    59 W DeviceHAL: Error from HAL Device in function get_master_volume: Function not implemented
04-05 15:45:20.482    59    59 W DeviceHAL: Error from HAL Device in function get_master_mute: Function not implemented
04-05 15:45:20.482    59    59 W DeviceHAL: Error from HAL Device in function set_master_volume: Function not implemented
04-05 15:45:20.482    59    59 W DeviceHAL: Error from HAL Device in function set_master_mute: Function not implemented
04-05 15:45:20.482    83    83 I AudioFlinger: loadHwModule() Loaded primary audio interface, handle 10
04-05 15:45:20.482    83    83 I AudioFlinger: openOutput() this 0xffffa80f1600, module 10 Device 0x2, SamplingRate 44100, Format 0x000001, Channels 0x3, flags 0x2
04-05 15:45:20.483    59    59 E audio_hw_generic: Successfully connected Anbox audio server
04-05 15:45:20.484    83    83 I AudioFlinger: HAL output buffer size 256 frames, normal sink buffer size 768 frames
04-05 15:45:20.485    12    12 I hwservicemanager: getTransport: Cannot find entry android.hardware.audio.effect@5.0::IEffectsFactory/default in either framework or device manifest.
04-05 15:45:20.492    83    83 I BufferProvider: found effect "Multichannel Downmix To Stereo" from The Android Open Source Project
04-05 15:45:20.492    83   210 I AudioFlinger: AudioFlinger's thread 0xffffa81c3c40 tid=210 ready to run
04-05 15:45:20.493    83   210 W AudioFlinger: no wake lock to update, system not ready yet
04-05 15:45:20.493    83    83 I AudioFlinger: Using module 10 as the primary audio interface
04-05 15:45:20.493    83   210 W AudioFlinger: no wake lock to update, system not ready yet
04-05 15:45:20.494    83    83 V APM_AudioPolicyManager: checkAndSetVolume cannot set volume group 3 volume with force use = 0 for comm
04-05 15:45:20.495    83    83 W AudioFlinger: moveEffects() bad srcOutput 0
04-05 15:45:20.495    83    83 V APM_AudioPolicyManager: selectOutputForMusicEffects selected output 13
04-05 15:45:20.495    83    83 V APM_AudioPolicyManager: setOutputDevices device {type:0x2,@:} delayMs 0
04-05 15:45:20.495    83    83 V APM_AudioPolicyManager: setOutputDevices() prevDevice {type:0x2,@:}
04-05 15:45:20.495    83    83 V APM_AudioPolicyManager: setOutputDevices changing device to {type:0x2,@:}
04-05 15:45:20.495    83    83 V APM_AudioPolicyManager: setOutputDevices() AF::createAudioPatch returned 0 patchHandle 12 num_sources 1 num_sinks 1
04-05 15:45:20.496    83    83 V APM_AudioPolicyManager: checkAndSetVolume cannot set volume group 3 volume with force use = 0 for comm
04-05 15:45:20.496    59    59 E audio_hw_generic: Successfully connected Anbox audio server
04-05 15:45:20.500    83   212 I AudioFlinger: AudioFlinger's thread 0xffff1ab92ac0 tid=212 ready to run
04-05 15:45:20.500    83   212 W AudioFlinger: no wake lock to update, system not ready yet
04-05 15:45:20.501    83   212 W AudioFlinger: no wake lock to update, system not ready yet
04-05 15:45:20.501    83   211 E FastThread: did not receive expected priority boost on time
04-05 15:45:20.502    59   167 I r_submix: adev_open(name=audio_hw_if)
04-05 15:45:20.503    59    59 I r_submix: adev_init_check()
04-05 15:45:20.503    59    59 W DeviceHAL: Error from HAL Device in function set_master_volume: Function not implemented
04-05 15:45:20.503    59    59 W DeviceHAL: Error from HAL Device in function set_master_mute: Function not implemented
04-05 15:45:20.503    83    83 I AudioFlinger: loadHwModule() Loaded r_submix audio interface, handle 18
04-05 15:45:20.503    59    59 D r_submix: adev_open_input_stream(addr=0)
04-05 15:45:20.503    59    59 D r_submix: submix_audio_device_create_pipe_l(addr=0, idx=9)
04-05 15:45:20.503    59    59 D r_submix:   now using address 0 for route 9
04-05 15:45:20.503    83   214 I AudioFlinger: AudioFlinger's thread 0xffff1ab92600 tid=214 ready to run
04-05 15:45:20.503    59    59 I r_submix: in_standby()
04-05 15:45:20.503    83   214 W AudioFlinger: no wake lock to update, system not ready yet
04-05 15:45:20.503    59    59 I r_submix: in_standby()
04-05 15:45:20.535   201   201 D BootAnimation: BootAnimationStartTiming start time: 337907405ms
04-05 15:45:20.535   201   201 D BootAnimation: BootAnimationPreloadTiming start time: 337907405ms
04-05 15:45:20.535   201   201 D BootAnimation: BootAnimationPreloadStopTiming start time: 337907405ms
04-05 15:45:20.537   201   218 E cutils-trace: Error opening trace file: No such file or directory (2)
04-05 15:45:20.537   201   218 D libEGL  : Emulator has host GPU support, qemu.gles is set to 1.
04-05 15:45:20.540   201   218 D libEGL  : loaded /vendor/lib64/egl/libEGL_emulation.so
04-05 15:45:20.541   201   218 D libEGL  : loaded /vendor/lib64/egl/libGLESv1_CM_emulation.so
04-05 15:45:20.542   201   218 D libEGL  : loaded /vendor/lib64/egl/libGLESv2_emulation.so
04-05 15:45:20.548   201   218 D         : HostConnection::get() New Host Connection established 0xffff0ce065a0, tid 218
04-05 15:45:20.548   201   218 D         : HostComposition ext GL_OES_EGL_image_external_essl3 GL_OES_vertex_array_object GL_KHR_texture_compression_astc_ldr ANDROID_EMU_gles_max_version_3_1 
04-05 15:45:20.550    68    68 D gralloc_ranchu: gralloc_alloc: Creating ashmem region of size 3690496
04-05 15:45:20.551    12    12 I hwservicemanager: getTransport: Cannot find entry android.hardware.graphics.mapper@3.0::IMapper/default in either framework or device manifest.
04-05 15:45:20.551   201   218 W Gralloc3: mapper 3.x is not supported
04-05 15:45:20.554   201   218 D         : createUnique: call
04-05 15:45:20.554   201   218 D         : HostConnection::get() New Host Connection established 0xffff0ce06820, tid 218
04-05 15:45:20.555   201   218 D         : HostComposition ext GL_OES_EGL_image_external_essl3 GL_OES_vertex_array_object GL_KHR_texture_compression_astc_ldr ANDROID_EMU_gles_max_version_3_1 
04-05 15:45:20.555   201   218 D EGL_emulation: eglCreateContext: 0xffff0ce068c0: maj 1 min 0 rcv 1
04-05 15:45:20.555   201   218 D EGL_emulation: eglMakeCurrent: 0xffff0ce068c0: ver 1 0 (tinfo 0xffff0ce0b180)
04-05 15:45:20.556   201   218 D BootAnimation: BootAnimationShownTiming start time: 337907426ms
04-05 15:45:20.579    68    68 D gralloc_ranchu: gralloc_alloc: Creating ashmem region of size 3690496
04-05 15:45:20.579    86   187 I         : Successfully mapped shared memory buffers
04-05 15:45:20.579    86   187 D         : HostConnection::get() New Host Connection established 0xffffa4820080, tid 187
04-05 15:45:20.579    86   187 D         : HostComposition ext GL_OES_EGL_image_external_essl3 GL_OES_vertex_array_object GL_KHR_texture_compression_astc_ldr ANDROID_EMU_gles_max_version_3_1 
04-05 15:45:20.585    68    68 D gralloc_ranchu: gralloc_alloc: Creating ashmem region of size 3690496
04-05 15:45:20.594    86    86 I SurfaceFlinger: Enter boot animation
04-05 15:45:20.595    69    69 D         : createUnique: call
04-05 15:45:20.613    69    69 I         : Successfully mapped shared memory buffers
04-05 15:45:20.613    69    69 D         : HostConnection::get() New Host Connection established 0xffffa14216e0, tid 69
04-05 15:45:20.614    69    69 D         : HostComposition ext GL_OES_EGL_image_external_essl3 GL_OES_vertex_array_object GL_KHR_texture_compression_astc_ldr ANDROID_EMU_gles_max_version_3_1 
04-05 15:45:20.658    54    54 D ICU     : Time zone APEX file found: /apex/com.android.tzdata/etc/icu/icu_tzdata.dat
04-05 15:45:20.659    53    53 D ICU     : Time zone APEX file found: /apex/com.android.tzdata/etc/icu/icu_tzdata.dat
04-05 15:45:20.701    54    54 W zygote  : Using default instruction set features for ARM CPU variant (generic) using conservative defaults
04-05 15:45:20.704    83   214 W AudioFlinger: no wake lock to update, system not ready yet
04-05 15:45:20.704    59    59 D r_submix: adev_close_input_stream()
04-05 15:45:20.704    59    59 D r_submix: submix_audio_device_release_pipe_l(idx=9) addr=0
04-05 15:45:20.704    59    59 D r_submix: submix_audio_device_destroy_pipe_l(): pipe destroyed
04-05 15:45:20.705    83    83 I         : Waiting for activity service
04-05 15:45:20.768    54    54 W zygote  : JNI RegisterNativeMethods: attempt to register 0 native methods for android.media.AudioAttributes
04-05 15:45:20.768    53    53 W zygote64: JNI RegisterNativeMethods: attempt to register 0 native methods for android.media.AudioAttributes
04-05 15:45:20.778    53    53 D Zygote  : begin preload
04-05 15:45:20.778    53    53 I Zygote  : Calling ZygoteHooks.beginPreload()
04-05 15:45:20.781    54    54 I zygote  : Explicit concurrent copying GC freed 289(40KB) AllocSpace objects, 0(0B) LOS objects, 98% free, 23KB/1559KB, paused 46us total 2.708ms
04-05 15:45:20.783    54    54 I zygote  : Explicit concurrent copying GC freed 5(32KB) AllocSpace objects, 0(0B) LOS objects, 98% free, 23KB/1559KB, paused 15us total 1.513ms
04-05 15:45:20.784    54    54 W libprocessgroup: Controller schedtune is not found
04-05 15:45:20.784    54    54 W libprocessgroup: Controller schedtune is not found
04-05 15:45:20.784    54    54 W libprocessgroup: JoinCgroup: controller schedtune is not found
04-05 15:45:20.784    54    54 I chatty  : uid=0(root) main identical 3 lines
04-05 15:45:20.784    54    54 W libprocessgroup: JoinCgroup: controller schedtune is not found
04-05 15:45:20.784    54    54 W libprocessgroup: SetAttribute: unknown attribute: STunePreferIdle
04-05 15:45:20.784    54    54 W libprocessgroup: SetAttribute: unknown attribute: STunePreferIdle
04-05 15:45:20.786    54    54 I Zygote  : Accepting command socket connections
04-05 15:45:20.797    53    53 I Zygote  : Preloading classes...
04-05 15:45:20.799    53    53 W Zygote  : Class not found for preloading: android.app.-$$Lambda$ActivityThread$ZXDWm3IBeFmLnFVblhB-IOZCr9o
04-05 15:45:20.824    53    53 W Zygote  : Class not found for preloading: android.bluetooth.BluetoothA2dp$2
04-05 15:45:20.829    52    52 I netd    : Creating child chains: 634.6ms
04-05 15:45:20.830    52    52 I netd    : Setting up OEM hooks: 0.1ms
04-05 15:45:20.830    53    53 I PackageBackwardCompatibility: Could not find android.content.pm.AndroidTestBaseUpdater, ignoring
04-05 15:45:20.831    61    61 E EmulatedCamera_Factory: timeout (500ms) waiting for property qemu.sf.fake_camera to be set
04-05 15:45:20.832    61    61 I EmulatedCamera_QemuCamera3: Constructing emulated qemu camera 3: ID 0
04-05 15:45:20.832    61    61 I EmulatedCamera_QemuCamera3: parseResolutions: 1280x720
04-05 15:45:20.832    61    61 I EmulatedCamera_QemuCamera3: Camera 0 capabilities:
04-05 15:45:20.832    61    61 I EmulatedCamera_QemuCamera3:   BACKWARD_COMPATIBLE
04-05 15:45:20.832    61    61 I EmulatedCamera_QemuCamera3: Constructing emulated qemu camera 3: ID 1
04-05 15:45:20.832    61    61 I EmulatedCamera_QemuCamera3: parseResolutions: 1280x720
04-05 15:45:20.832    61    61 I EmulatedCamera_QemuCamera3: Camera 1 capabilities:
04-05 15:45:20.832    61    61 I EmulatedCamera_QemuCamera3:   BACKWARD_COMPATIBLE
04-05 15:45:20.832    61    61 E EmulatedCamera_Factory: 2 cameras are being emulated. 0 of them are fake cameras.
04-05 15:45:20.832    61    61 E EmulatedCamera_HotplugThread: createFileIfNotExists: Could not create file '/data/misc/media/emulator.camera.hotplug.0', error: 'Permission denied' (13)
04-05 15:45:20.832    61    61 E EmulatedCamera_HotplugThread: createFileIfNotExists: Could not create file '/data/misc/media/emulator.camera.hotplug.1', error: 'Permission denied' (13)
04-05 15:45:20.832    61    61 I CamPrvdr@2.4-legacy: Loaded "Emulated Camera Module" camera module
04-05 15:45:20.833    61    61 E CamPrvdr@2.4-legacy: setUpVendorTags: Vendor tag operations not fully defined. Ignoring definitions.
04-05 15:45:20.833    61    61 E CamPrvdr@2.4-legacy: initialize: Vendor tag setup failed, will not be available.
04-05 15:45:20.833    61    61 V EmulatedCamera_BaseCamera: getCameraInfo
04-05 15:45:20.833    61    61 V EmulatedCamera_BaseCamera: getCameraInfo
04-05 15:45:20.833    61    61 I ServiceManagement: Registered android.hardware.camera.provider@2.4::ICameraProvider/legacy/0 (start delay of 823ms)
04-05 15:45:20.833    61    61 I ServiceManagement: Removing namespace from process name android.hardware.camera.provider@2.4-service to provider@2.4-service.
04-05 15:45:20.833    61    61 I android.hardware.camera.provider@2.4-service: Registration complete for android.hardware.camera.provider@2.4::ICameraProvider/legacy/0.
04-05 15:45:20.834   116   116 I CameraProviderManager: Connecting to new camera provider: legacy/0, isRemote? 1
04-05 15:45:20.834   116   116 I CameraProviderManager: Enumerating new camera device: device@3.3/legacy/0
04-05 15:45:20.835   116   116 E CameraProviderManager: DeviceInfo3: Converted ICameraDevice instance to nullptr
04-05 15:45:20.835   116   116 I CameraProviderManager: Enumerating new camera device: device@3.3/legacy/1
04-05 15:45:20.835   116   116 E CameraProviderManager: DeviceInfo3: Converted ICameraDevice instance to nullptr
04-05 15:45:20.835   116   116 I CameraProviderManager: Camera provider legacy/0 ready with 2 camera devices
04-05 15:45:20.835   116   192 W CameraProviderManager: addProviderLocked: Camera provider HAL with name 'legacy/0' already registered
04-05 15:45:20.835   116   116 I CameraHardwareInterface: Opening camera 1
04-05 15:45:20.835   116   116 E CameraHardwareInterface: initialize: openSession failed! No such file or directory (-2)
04-05 15:45:20.835   116   116 E CameraFlashlight: connectCameraDevice: initializing camera 1 failed
04-05 15:45:20.835   116   116 I CameraHardwareInterface: Destroying camera 1
04-05 15:45:20.835   116   116 E CameraFlashlight: findFlashUnits: failed to check if camera 1 has a flash unit. No such file or directory (-2)
04-05 15:45:20.835   116   116 I CameraHardwareInterface: Opening camera 0
04-05 15:45:20.835   116   116 E CameraHardwareInterface: initialize: openSession failed! No such file or directory (-2)
04-05 15:45:20.835   116   116 E CameraFlashlight: connectCameraDevice: initializing camera 0 failed
04-05 15:45:20.835   116   116 I CameraHardwareInterface: Destroying camera 0
04-05 15:45:20.835   116   116 E CameraFlashlight: findFlashUnits: failed to check if camera 0 has a flash unit. No such file or directory (-2)
04-05 15:45:20.835   116   116 I CameraService: onDeviceStatusChanged: Status changed for cameraId=1, newStatus=1
04-05 15:45:20.835   116   116 I CameraService: onDeviceStatusChanged: Unknown camera ID 1, a new camera is added
04-05 15:45:20.835   116   192 I CameraService: onDeviceStatusChanged: Status changed for cameraId=1, newStatus=1
04-05 15:45:20.835   116   116 I CameraService: onDeviceStatusChanged: Status changed for cameraId=0, newStatus=1
04-05 15:45:20.835   116   192 I CameraService: onDeviceStatusChanged: Status changed for cameraId=0, newStatus=1
04-05 15:45:20.835   116   116 I CameraService: onDeviceStatusChanged: Unknown camera ID 0, a new camera is added
04-05 15:45:20.835   116   192 I CameraService: onDeviceStatusChanged: Unknown camera ID 0, a new camera is added
04-05 15:45:20.836   116   116 I         : Waiting for activity service
04-05 15:45:20.945    52    52 I netd    : Setting up FirewallController hooks: 115.9ms
04-05 15:45:21.052    53    53 E ActivityRecognitionHardware: activity_recognition HAL is deprecated. class_init is effectively a no-op
04-05 15:45:21.089    53    53 I zygote64: Thread[1,tid=53,Native,Thread*=0xffffa0958c00,peer=0x12c021f8,"main"] recursive attempt to load library "libmedia_jni.so"
04-05 15:45:21.089    53    53 D MtpDeviceJNI: register_android_mtp_MtpDevice
04-05 15:45:21.089    53    53 I zygote64: Thread[1,tid=53,Native,Thread*=0xffffa0958c00,peer=0x12c021f8,"main"] recursive attempt to load library "libmedia_jni.so"
04-05 15:45:21.089    53    53 I zygote64: Thread[1,tid=53,Native,Thread*=0xffffa0958c00,peer=0x12c021f8,"main"] recursive attempt to load library "libmedia_jni.so"
04-05 15:45:21.096    53    53 W Zygote  : Class not found for preloading: android.media.audiopolicy.AudioProductStrategies
04-05 15:45:21.096    53    53 W Zygote  : Class not found for preloading: android.media.audiopolicy.AudioVolumeGroups
04-05 15:45:21.114    52    52 I netd    : Setting up TetherController hooks: 168.1ms
04-05 15:45:21.147    53    53 W Zygote  : Class not found for preloading: android.view.-$$Lambda$SurfaceView$Cs7TGTdA1lXf9qW8VOJAfEsMjdk
04-05 15:45:21.151    53    53 W Zygote  : Class not found for preloading: android.view.SurfaceView$3
04-05 15:45:21.153    53    53 W Zygote  : Class not found for preloading: android.view.textclassifier.-$$Lambda$TextClassificationManager$JIaezIJbMig_-kVzN6oArzkTsJE
04-05 15:45:21.159    53    53 W Zygote  : Class not found for preloading: com.android.internal.net.NetworkStatsFactory
04-05 15:45:21.164    53    53 W Zygote  : Class not found for preloading: com.android.internal.telephony.-$$Lambda$PhoneSubInfoController$8HFbCDJDN1mrLJG980qYH5MGqMk
04-05 15:45:21.164    53    53 W Zygote  : Class not found for preloading: com.android.internal.telephony.-$$Lambda$PhoneSubInfoController$U28a_EGx2cvmQhDfRRgonMt5Zrc
04-05 15:45:21.164    53    53 W Zygote  : Class not found for preloading: com.android.internal.telephony.-$$Lambda$SubscriptionInfoUpdater$-zZXM9oMRZ3vZz7dJOG19J00Bmw
04-05 15:45:21.164    53    53 W Zygote  : Class not found for preloading: com.android.internal.telephony.-$$Lambda$SubscriptionInfoUpdater$D5yF1HbS4cvCyoAj3FESkPtA_0g
04-05 15:45:21.164    53    53 W Zygote  : Class not found for preloading: com.android.internal.telephony.-$$Lambda$SubscriptionInfoUpdater$MMx9iQX0JVqqMPLTUZhdBubFSzU
04-05 15:45:21.170    53    53 W Zygote  : Class not found for preloading: com.android.internal.telephony.PhoneConfigurationModels
04-05 15:45:21.173    53    53 W Zygote  : Class not found for preloading: com.android.internal.telephony.SubscriptionController$ScLocalLog
04-05 15:45:21.174    53    53 W Zygote  : Class not found for preloading: com.android.internal.telephony.UiccSmsController
04-05 15:45:21.199    53    53 I Zygote  : ...preloaded 7588 classes in 402ms.
04-05 15:45:21.199    53    53 I zygote64: VMRuntime.preloadDexCaches starting
04-05 15:45:21.216    53    53 I zygote64: VMRuntime.preloadDexCaches strings total=380345 before=9927 after=9927
04-05 15:45:21.216    53    53 I zygote64: VMRuntime.preloadDexCaches types total=35891 before=7189 after=7457
04-05 15:45:21.216    53    53 I zygote64: VMRuntime.preloadDexCaches fields total=161100 before=8020 after=8221
04-05 15:45:21.216    53    53 I zygote64: VMRuntime.preloadDexCaches methods total=282172 before=10883 after=11315
04-05 15:45:21.216    53    53 I zygote64: VMRuntime.preloadDexCaches finished
04-05 15:45:21.218    53    53 I zygote64: The ClassLoaderContext is a special shared library.
04-05 15:45:21.219    53    53 D ApplicationLoaders: Created zygote-cached class loader: /system/framework/android.hidl.base-V1.0-java.jar
04-05 15:45:21.220    53    53 I zygote64: The ClassLoaderContext is a special shared library.
04-05 15:45:21.221    53    53 D ApplicationLoaders: Created zygote-cached class loader: /system/framework/android.hidl.manager-V1.0-java.jar
04-05 15:45:21.265    52    52 I netd    : Setting up BandwidthController hooks: 151.9ms
04-05 15:45:21.265    52    52 I netd    : Setting up IdletimerController hooks: 0.0ms
04-05 15:45:21.276   235   235 E cutils-trace: Error opening trace file: No such file or directory (2)
04-05 15:45:21.291    53    53 I Zygote  : Preloading resources...
04-05 15:45:21.297    53    53 W Resources: Preloaded drawable resource #0x108027d (android:drawable/dialog_background_material) that varies with configuration!!
04-05 15:45:21.303    53    53 I Zygote  : ...preloaded 64 resources in 12ms.
04-05 15:45:21.305    53    53 I Zygote  : ...preloaded 41 resources in 2ms.
04-05 15:45:21.309    53    53 I Zygote  : Preloading shared libraries...
04-05 15:45:21.315    53    53 I Zygote  : Called ZygoteHooks.endPreload()
04-05 15:45:21.316    53    53 I Zygote  : Installed AndroidKeyStoreProvider in 1ms.
04-05 15:45:21.318    53    53 I Zygote  : Warmed up JCA providers in 2ms.
04-05 15:45:21.318    53    53 D Zygote  : end preload
04-05 15:45:21.329    53    53 I zygote64: Explicit concurrent copying GC freed 62584(3473KB) AllocSpace objects, 16(388KB) LOS objects, 49% free, 2549KB/5098KB, paused 59us total 10.867ms
04-05 15:45:21.336    53    53 I zygote64: Explicit concurrent copying GC freed 6065(208KB) AllocSpace objects, 0(0B) LOS objects, 49% free, 2372KB/4744KB, paused 6us total 6.447ms
04-05 15:45:21.337    53    53 W libprocessgroup: Controller schedtune is not found
04-05 15:45:21.337    53    53 W libprocessgroup: Controller schedtune is not found
04-05 15:45:21.337    53    53 W libprocessgroup: JoinCgroup: controller schedtune is not found
04-05 15:45:21.337    53    53 I chatty  : uid=0(root) main identical 3 lines
04-05 15:45:21.337    53    53 W libprocessgroup: JoinCgroup: controller schedtune is not found
04-05 15:45:21.337    53    53 W libprocessgroup: SetAttribute: unknown attribute: STunePreferIdle
04-05 15:45:21.337    53    53 W libprocessgroup: SetAttribute: unknown attribute: STunePreferIdle
04-05 15:45:21.354    53    53 D Zygote  : Forked child process 236
04-05 15:45:21.355    53    53 I Zygote  : System server process 236 has been created
04-05 15:45:21.355    53    53 I Zygote  : Accepting command socket connections
04-05 15:45:21.362   236   236 I system_server: The ClassLoaderContext is a special shared library.
04-05 15:45:21.374    52    52 I netd    : Setting up StrictController hooks: 108.0ms
04-05 15:45:21.374    52    52 I ClatdController: Pre-4.9 kernel or pre-P api shipping level - disabling clat ebpf.
04-05 15:45:21.374    52    52 I netd    : Initializing ClatdController: 0.0ms
04-05 15:45:21.374    52    52 I netd    : Initializing traffic control: 0.1ms
04-05 15:45:21.379   236   236 I system_server: The ClassLoaderContext is a special shared library.
04-05 15:45:21.388   236   236 I chatty  : uid=1000 system_server identical 1 line
04-05 15:45:21.391   236   236 I system_server: The ClassLoaderContext is a special shared library.
04-05 15:45:21.395   236   236 E system_server: Not starting debugger since process cannot load the jdwp agent.
04-05 15:45:21.421   236   236 I SystemServer: InitBeforeStartServices
04-05 15:45:21.422   236   236 W SystemServer: Timezone not set; setting to GMT.
04-05 15:45:21.423   236   236 I SystemServer: Entered the Android system server!
04-05 15:45:21.494    52    52 W IptablesRestoreController: iptables-restore process 154 terminated status=256
04-05 15:45:21.494    52    52 E IptablesRestoreController: iptables error:
04-05 15:45:21.494    52    52 E IptablesRestoreController: ------- COMMAND -------
04-05 15:45:21.494    52    52 E IptablesRestoreController: *filter
04-05 15:45:21.494    52    52 E IptablesRestoreController: -A bw_INPUT -j bw_global_alert
04-05 15:45:21.494    52    52 E IptablesRestoreController: -A bw_INPUT -p esp -j RETURN
04-05 15:45:21.494    52    52 E IptablesRestoreController: -A bw_INPUT -m mark --mark 0x100000/0x100000 -j RETURN
04-05 15:45:21.494    52    52 E IptablesRestoreController: -A bw_INPUT -m owner --socket-exists
04-05 15:45:21.494    52    52 E IptablesRestoreController: -A bw_INPUT -j MARK --or-mark 0x100000
04-05 15:45:21.494    52    52 E IptablesRestoreController: -A bw_OUTPUT -j bw_global_alert
04-05 15:45:21.494    52    52 E IptablesRestoreController: -A bw_OUTPUT -o ipsec+ -j RETURN
04-05 15:45:21.494    52    52 E IptablesRestoreController: -A bw_OUTPUT -m policy --pol ipsec --dir out -j RETURN
04-05 15:45:21.494    52    52 E IptablesRestoreController: -A bw_OUTPUT -m owner --socket-exists
04-05 15:45:21.494    52    52 E IptablesRestoreController: -A bw_costly_shared --jump bw_penalty_box
04-05 15:45:21.494    52    52 E IptablesRestoreController: 
04-05 15:45:21.494    52    52 E IptablesRestoreController: -A bw_penalty_box --jump bw_happy_box
04-05 15:45:21.494    52    52 E IptablesRestoreController: -A bw_happy_box --jump bw_data_saver
04-05 15:45:21.494    52    52 E IptablesRestoreController: -A bw_data_saver -j RETURN
04-05 15:45:21.494    52    52 E IptablesRestoreController: -I bw_happy_box -m owner --uid-owner 0-9999 --jump RETURN
04-05 15:45:21.494    52    52 E IptablesRestoreController: COMMIT
04-05 15:45:21.494    52    52 E IptablesRestoreController: *raw
04-05 15:45:21.494    52    52 E IptablesRestoreController: -A bw_raw_PREROUTING -i ipsec+ -j RETURN
04-05 15:45:21.494    52    52 E IptablesRestoreController: -A bw_raw_PREROUTING -m policy --pol ipsec --dir in -j RETURN
04-05 15:45:21.494    52    52 E IptablesRestoreController: -A bw_raw_PREROUTING -m owner --socket-exists
04-05 15:45:21.494    52    52 E IptablesRestoreController: COMMIT
04-05 15:45:21.494    52    52 E IptablesRestoreController: *mangle
04-05 15:45:21.494    52    52 E IptablesRestoreController: -A bw_mangle_POSTROUTING -o ipsec+ -j RETURN
04-05 15:45:21.494    52    52 E IptablesRestoreController: -A bw_mangle_POSTROUTING -m policy --pol ipsec --dir out -j RETURN
04-05 15:45:21.494    52    52 E IptablesRestoreController: -A bw_mangle_POSTROUTING -m owner --socket-exists
04-05 15:45:21.494    52    52 E IptablesRestoreController: -A bw_mangle_POSTROUTING -j MARK --set-mark 0x0/0x100000
04-05 15:45:21.494    52    52 E IptablesRestoreController: 
04-05 15:45:21.494    52    52 E IptablesRestoreController: COMMIT
04-05 15:45:21.494    52    52 E IptablesRestoreController: 
04-05 15:45:21.494    52    52 E IptablesRestoreController: -------  ERROR ----
04-05 15:45:21.495    52    52 W IptablesRestoreController: iptables-restore process 155 terminated status=256
04-05 15:45:21.495    52    52 E IptablesRestoreController: iptables error:
04-05 15:45:21.495    52    52 E IptablesRestoreController: ------- COMMAND -------
04-05 15:45:21.495    52    52 E IptablesRestoreController: *filter
04-05 15:45:21.495    52    52 E IptablesRestoreController: -A bw_INPUT -j bw_global_alert
04-05 15:45:21.495    52    52 E IptablesRestoreController: -A bw_INPUT -p esp -j RETURN
04-05 15:45:21.495    52    52 E IptablesRestoreController: -A bw_INPUT -m mark --mark 0x100000/0x100000 -j RETURN
04-05 15:45:21.495    52    52 E IptablesRestoreController: -A bw_INPUT -m owner --socket-exists
04-05 15:45:21.495    52    52 E IptablesRestoreController: -A bw_INPUT -j MARK --or-mark 0x100000
04-05 15:45:21.495    52    52 E IptablesRestoreController: -A bw_OUTPUT -j bw_global_alert
04-05 15:45:21.495    52    52 E IptablesRestoreController: -A bw_OUTPUT -o ipsec+ -j RETURN
04-05 15:45:21.495    52    52 E IptablesRestoreController: -A bw_OUTPUT -m policy --pol ipsec --dir out -j RETURN
04-05 15:45:21.495    52    52 E IptablesRestoreController: -A bw_OUTPUT -m owner --socket-exists
04-05 15:45:21.495    52    52 E IptablesRestoreController: -A bw_costly_shared --jump bw_penalty_box
04-05 15:45:21.495    52    52 E IptablesRestoreController: 
04-05 15:45:21.495    52    52 E IptablesRestoreController: -A bw_penalty_box --jump bw_happy_box
04-05 15:45:21.495    52    52 E IptablesRestoreController: -A bw_happy_box --jump bw_data_saver
04-05 15:45:21.495    52    52 E IptablesRestoreController: -A bw_data_saver -j RETURN
04-05 15:45:21.495    52    52 E IptablesRestoreController: -I bw_happy_box -m owner --uid-owner 0-9999 --jump RETURN
04-05 15:45:21.495    52    52 E IptablesRestoreController: COMMIT
04-05 15:45:21.495    52    52 E IptablesRestoreController: *raw
04-05 15:45:21.495    52    52 E IptablesRestoreController: -A bw_raw_PREROUTING -i ipsec+ -j RETURN
04-05 15:45:21.495    52    52 E IptablesRestoreController: -A bw_raw_PREROUTING -m policy --pol ipsec --dir in -j RETURN
04-05 15:45:21.495    52    52 E IptablesRestoreController: -A bw_raw_PREROUTING -m owner --socket-exists
04-05 15:45:21.495    52    52 E IptablesRestoreController: COMMIT
04-05 15:45:21.495    52    52 E IptablesRestoreController: *mangle
04-05 15:45:21.495    52    52 E IptablesRestoreController: -A bw_mangle_POSTROUTING -o ipsec+ -j RETURN
04-05 15:45:21.495    52    52 E IptablesRestoreController: -A bw_mangle_POSTROUTING -m policy --pol ipsec --dir out -j RETURN
04-05 15:45:21.495    52    52 E IptablesRestoreController: -A bw_mangle_POSTROUTING -m owner --socket-exists
04-05 15:45:21.495    52    52 E IptablesRestoreController: -A bw_mangle_POSTROUTING -j MARK --set-mark 0x0/0x100000
04-05 15:45:21.495    52    52 E IptablesRestoreController: 
04-05 15:45:21.495    52    52 E IptablesRestoreController: COMMIT
04-05 15:45:21.495    52    52 E IptablesRestoreController: 
04-05 15:45:21.495    52    52 E IptablesRestoreController: -------  ERROR ----
04-05 15:45:21.495    52    52 I netd    : Enabling bandwidth control: 121.5ms
04-05 15:45:21.496    52    52 E Netd    : cannot find interface dummy0
04-05 15:45:21.496    52    52 I netd    : Initializing RouteController: 0.7ms
04-05 15:45:21.496    52    52 D XfrmController: XfrmController::ipSecAddXfrmInterface, line=1379
04-05 15:45:21.496    52    52 D XfrmController: XfrmController::ipSecRemoveTunnelInterface, line=1592
04-05 15:45:21.496    52    52 D XfrmController: deviceName=ipsec_test
04-05 15:45:21.514   236   236 E UsbAlsaJackDetectorJNI: Can't register UsbAlsaJackDetector native methods
04-05 15:45:21.526   236   236 I SystemServer: StartServices
04-05 15:45:21.526   236   236 I SystemServer: StartWatchdog
04-05 15:45:21.529    52    52 D XfrmController: Sending Netlink XFRM Message: XFRM_MSG_FLUSHSA
04-05 15:45:21.530    52    52 D XfrmController: Sending Netlink XFRM Message: XFRM_MSG_FLUSHPOLICY
04-05 15:45:21.530    52    52 I netd    : Initializing XfrmController: 33.8ms
04-05 15:45:21.531    52    52 E Netd    : Unable to create netlink socket for family 5: Protocol not supported
04-05 15:45:21.531    52    52 W Netd    : Unable to open qlog quota socket, check if xt_quota2 can send via UeventHandler
04-05 15:45:21.532    52    52 I libnetd_resolv: resolv_init: Initializing resolver
04-05 15:45:21.533    52    52 D MDnsDS  : MDnsSdListener::Hander starting up
04-05 15:45:21.533    52   265 D MDnsDS  : MDnsSdListener starting to monitor
04-05 15:45:21.533    52   265 D MDnsDS  : Going to poll with pollCount 1
04-05 15:45:21.533    52    52 I netd    : Registering NetdNativeService: 0.1ms
04-05 15:45:21.533    52    52 E cutils-trace: Error opening trace file: No such file or directory (2)
04-05 15:45:21.534    52    52 I ServiceManagement: Registered android.system.net.netd@1.1::INetd/default (start delay of 1534ms)
04-05 15:45:21.534    52    52 I netd    : Registering NetdHwService: 0.8ms
04-05 15:45:21.534    52    52 I netd    : Netd started in 1477ms
04-05 15:45:21.535   236   236 I SystemServer: Reading configuration...
04-05 15:45:21.535   236   236 I SystemServer: ReadingSystemConfig
04-05 15:45:21.535   236   236 I SystemServer: StartInstaller
04-05 15:45:21.535   236   236 I SystemServiceManager: Starting com.android.server.pm.Installer
04-05 15:45:21.538   236   236 I SystemServer: DeviceIdentifiersPolicyService
04-05 15:45:21.538   236   236 I SystemServiceManager: Starting com.android.server.os.DeviceIdentifiersPolicyService
04-05 15:45:21.538   236   236 I SystemServer: UriGrantsManagerService
04-05 15:45:21.538   236   236 I SystemServiceManager: Starting com.android.server.uri.UriGrantsManagerService$Lifecycle
04-05 15:45:21.540   236   236 I SystemServer: StartActivityManager
04-05 15:45:21.540   236   236 I SystemServiceManager: Starting com.android.server.wm.ActivityTaskManagerService$Lifecycle
04-05 15:45:21.544   236   272 D SystemConfig: Removed unavailable feature android.hardware.bluetooth
04-05 15:45:21.544   236   272 D SystemConfig: Removed unavailable feature android.software.input_methods
04-05 15:45:21.545   236   236 I SystemServiceManager: Starting com.android.server.am.ActivityManagerService$Lifecycle
04-05 15:45:21.549   236   272 D SystemConfig: Removed unavailable feature android.software.input_methods
04-05 15:45:21.552   236   272 W SystemConfig: No directory /product/etc/sysconfig, skipping
04-05 15:45:21.555   236   272 W SystemConfig: No directory /product_services/etc/sysconfig, skipping
04-05 15:45:21.555   236   272 W SystemConfig: No directory /product_services/etc/permissions, skipping
04-05 15:45:21.557   236   236 I ActivityManager: Memory class: 192
04-05 15:45:21.559   236   236 E libpsi  : No kernel psi monitor support (errno=13)
04-05 15:45:21.559   236   236 E LowMemDetector: Failed to register psi trigger
04-05 15:45:21.566   236   236 D BatteryStatsImpl: Reading daily items from /data/system/batterystats-daily.xml
04-05 15:45:21.568   236   236 E BatteryStatsImpl: Error reading battery statistics
04-05 15:45:21.568   236   236 E BatteryStatsImpl: java.io.FileNotFoundException: /data/system/batterystats.bin: open failed: ENOENT (No such file or directory)
04-05 15:45:21.568   236   236 E BatteryStatsImpl: 	at libcore.io.IoBridge.open(IoBridge.java:496)
04-05 15:45:21.568   236   236 E BatteryStatsImpl: 	at java.io.FileInputStream.<init>(FileInputStream.java:159)
04-05 15:45:21.568   236   236 E BatteryStatsImpl: 	at com.android.internal.os.AtomicFile.openRead(AtomicFile.java:157)
04-05 15:45:21.568   236   236 E BatteryStatsImpl: 	at com.android.internal.os.AtomicFile.readFully(AtomicFile.java:162)
04-05 15:45:21.568   236   236 E BatteryStatsImpl: 	at com.android.internal.os.BatteryStatsImpl.readLocked(BatteryStatsImpl.java:13338)
04-05 15:45:21.568   236   236 E BatteryStatsImpl: 	at com.android.server.am.ActivityManagerService.<init>(ActivityManagerService.java:2501)
04-05 15:45:21.568   236   236 E BatteryStatsImpl: 	at com.android.server.am.ActivityManagerService$Lifecycle.<init>(ActivityManagerService.java:2215)
04-05 15:45:21.568   236   236 E BatteryStatsImpl: 	at java.lang.reflect.Constructor.newInstance0(Native Method)
04-05 15:45:21.568   236   236 E BatteryStatsImpl: 	at java.lang.reflect.Constructor.newInstance(Constructor.java:343)
04-05 15:45:21.568   236   236 E BatteryStatsImpl: 	at com.android.server.SystemServiceManager.startService(SystemServiceManager.java:101)
