04-05 15:45:20.080    60    60 I ServiceManagement: Registered android.hardware.broadcastradio@1.1::IBroadcastRadioFactory/default (start delay of 70ms)
04-05 15:45:20.080    60    60 I ServiceManagement: Removing namespace from process name android.hardware.broadcastradio@1.1-service to broadcastradio@1.1-service.
04-05 15:45:20.080    75    75 I ServiceManagement: Registered android.hardware.thermal@2.0::IThermal/default (start delay of 60ms)
04-05 15:45:20.080    73    73 I ServiceManagement: Registered android.hardware.power@1.1::IPower/default (start delay of 60ms)
04-05 15:45:20.080    75    75 I ServiceManagement: Removing namespace from process name android.hardware.thermal@2.0-service.mock to thermal@2.0-service.mock.
04-05 15:45:20.080    75    75 I android.hardware.thermal@2.0-service-mock: Thermal Service started successfully.
04-05 15:45:20.080    73    73 I ServiceManagement: Removing namespace from process name android.hardware.power@1.1-service.ranchu to power@1.1-service.ranchu.
04-05 15:45:20.080    73    73 I android.hardware.power@1.1-service.ranchu: Power Service is ready
04-05 15:45:20.080    68    68 E cutils-trace: Error opening trace file: No such file or directory (2)
04-05 15:45:20.080    63    63 I ServiceManagement: Registered android.hardware.configstore@1.1::ISurfaceFlingerConfigs/default (start delay of 70ms)
04-05 15:45:20.080    63    63 I ServiceManagement: Removing namespace from process name android.hardware.configstore@1.1-service to configstore@1.1-service.
04-05 15:45:20.084    52    52 I Netd    : Loaded resolver library from /apex/com.android.resolv/lib64/libnetd_resolv.so
04-05 15:45:20.090    70    70 I ServiceManagement: Registered android.hardware.health@2.0::IHealth/default (start delay of 70ms)
04-05 15:45:20.090    70    70 I ServiceManagement: Removing namespace from process name android.hardware.health@2.0-service.goldfish to health@2.0-service.goldfish.
04-05 15:45:20.090    70    70 I health@2.0/: health@2.0/default: Hal init done
04-05 15:45:20.090    71    71 I ServiceManagement: Registered android.hardware.light@2.0::ILight/default (start delay of 70ms)
04-05 15:45:20.090    71    71 I ServiceManagement: Removing namespace from process name android.hardware.light@2.0-service to light@2.0-service.
04-05 15:45:20.090    71    71 I         : Registration complete for android.hardware.light@2.0::ILight/default.
04-05 15:45:20.091    72    72 I ServiceManagement: Registered android.hardware.memtrack@1.0::IMemtrack/default (start delay of 71ms)
04-05 15:45:20.091    72    72 I ServiceManagement: Removing namespace from process name android.hardware.memtrack@1.0-service to memtrack@1.0-service.
04-05 15:45:20.091    72    72 I android.hardware.memtrack@1.0-service: Registration complete for android.hardware.memtrack@1.0::IMemtrack/default.
04-05 15:45:20.093    66    66 E GoldfishGatekeeper: called goldfish_gatekeeper_open with gate keeper 0xffffaa009050 device 0xffffa98d6000
04-05 15:45:20.100    66    66 I ServiceManagement: Registered android.hardware.gatekeeper@1.0::IGatekeeper/default (start delay of 80ms)
04-05 15:45:20.100    66    66 I ServiceManagement: Removing namespace from process name android.hardware.gatekeeper@1.0-service to gatekeeper@1.0-service.
04-05 15:45:20.100    66    66 I android.hardware.gatekeeper@1.0-service: Registration complete for android.hardware.gatekeeper@1.0::IGatekeeper/default.
04-05 15:45:20.102    69    69 E android.hardware.graphics.composer@2.1-service: Couldn't set SCHED_FIFO: 1
04-05 15:45:20.102    69    69 E cutils-trace: Error opening trace file: No such file or directory (2)
04-05 15:45:20.104    68    68 D         : createUnique: call
04-05 15:45:20.104    65    65 E cutils-trace: Error opening trace file: No such file or directory (2)
04-05 15:45:20.110    74    74 I ServiceManagement: Registered android.hardware.sensors@1.0::ISensors/default (start delay of 90ms)
04-05 15:45:20.110    68    68 I         : Successfully mapped shared memory buffers
04-05 15:45:20.110    74    74 I ServiceManagement: Removing namespace from process name android.hardware.sensors@1.0-service to sensors@1.0-service.
04-05 15:45:20.110    68    68 D         : HostConnection::get() New Host Connection established 0xffffb5e1c0a0, tid 68
04-05 15:45:20.110    74    74 I android.hardware.sensors@1.0-service: Registration complete for android.hardware.sensors@1.0::ISensors/default.
04-05 15:45:20.110    65    65 I ServiceManagement: Registered android.hardware.drm@1.2::IDrmFactory/clearkey (start delay of 100ms)
04-05 15:45:20.110    76    76 I android.hardware.wifi@1.0-service: Wifi Hal is booting up...
04-05 15:45:20.110    65    65 I ServiceManagement: Removing namespace from process name android.hardware.drm@1.2-service.clearkey to drm@1.2-service.clearkey.
04-05 15:45:20.110    76    76 E cutils-trace: Error opening trace file: No such file or directory (2)
04-05 15:45:20.110    68    68 I ServiceManagement: Registered android.hardware.graphics.allocator@2.0::IAllocator/default (start delay of 90ms)
04-05 15:45:20.110    68    68 I ServiceManagement: Removing namespace from process name android.hardware.graphics.allocator@2.0-service to allocator@2.0-service.
04-05 15:45:20.110    68    68 I android.hardware.graphics.allocator@2.0-service: Registration complete for android.hardware.graphics.allocator@2.0::IAllocator/default.
04-05 15:45:20.111    65    65 I ServiceManagement: Registered android.hardware.drm@1.2::ICryptoFactory/clearkey (start delay of 101ms)
04-05 15:45:20.111    65    65 I ServiceManagement: Removing namespace from process name android.hardware.drm@1.2-service.clearkey to drm@1.2-service.clearkey.
04-05 15:45:20.111    76    76 I ServiceManagement: Registered android.hardware.wifi@1.3::IWifi/default (start delay of 91ms)
04-05 15:45:20.111    76    76 I ServiceManagement: Removing namespace from process name android.hardware.wifi@1.0-service to wifi@1.0-service.
04-05 15:45:20.115    61    61 I android.hardware.camera.provider@2.4-service: CameraProvider@2.4 legacy service is starting.
04-05 15:45:20.115    62    62 E cutils-trace: Error opening trace file: No such file or directory (2)
04-05 15:45:20.115    61    61 E cutils-trace: Error opening trace file: No such file or directory (2)
04-05 15:45:20.120    62    62 I ServiceManagement: Registered android.hardware.cas@1.1::IMediaCasService/default (start delay of 110ms)
04-05 15:45:20.120    64    64 E cutils-trace: Error opening trace file: No such file or directory (2)
04-05 15:45:20.120    62    62 I ServiceManagement: Removing namespace from process name android.hardware.cas@1.1-service to cas@1.1-service.
04-05 15:45:20.121   101   101 W perfetto: service.cc:65 Started traced, listening on /dev/socket/traced_producer /dev/socket/traced_consumer
04-05 15:45:20.123    92    92 I adbd    : adbd listening on port 5555
04-05 15:45:20.131   102   102 I perfetto: probes.cc:56 Starting /system/bin/traced_probes service
04-05 15:45:20.140   102   102 I perfetto: probes_producer.cc:88 Connected to the service
04-05 15:45:20.150    64    64 I ServiceManagement: Registered android.hardware.drm@1.0::IDrmFactory/default (start delay of 140ms)
04-05 15:45:20.150    64    64 I ServiceManagement: Removing namespace from process name android.hardware.drm@1.0-service to drm@1.0-service.
04-05 15:45:20.150    64    64 I         : Registration complete for android.hardware.drm@1.0::IDrmFactory/default.
04-05 15:45:20.159    64    64 I ServiceManagement: Registered android.hardware.drm@1.0::ICryptoFactory/default (start delay of 150ms)
04-05 15:45:20.160    64    64 I ServiceManagement: Removing namespace from process name android.hardware.drm@1.0-service to drm@1.0-service.
04-05 15:45:20.160    64    64 I         : Registration complete for android.hardware.drm@1.0::ICryptoFactory/default.
04-05 15:45:20.160   125   125 I installd: installd firing up
04-05 15:45:20.160   125   125 E cutils  : Failed to read /data/.layout_version: No such file or directory
04-05 15:45:20.160   125   125 D installd: Assuming that device has multi-user storage layout; upgrade no longer supported
04-05 15:45:20.160   125   125 D installd: Upgrading to /data/misc/user directories
04-05 15:45:20.173    69    69 D         : createUnique: call
04-05 15:45:20.180    69    69 I         : Successfully mapped shared memory buffers
04-05 15:45:20.180    69    69 D         : HostConnection::get() New Host Connection established 0xffffa1421140, tid 69
04-05 15:45:20.182   135   135 I wificond: wificond is starting up...
04-05 15:45:20.182   135   135 E wificond: Failed to set uevent socket SO_RCVBUFFORCE option: Operation not permitted
04-05 15:45:20.182   135   135 E wificond: Failed to setup synchronous netlink socket
04-05 15:45:20.182   135   135 E wificond: Failed to start netlink manager
04-05 15:45:20.182   135   135 E wificond: Failed to set uevent socket SO_RCVBUFFORCE option: Operation not permitted
04-05 15:45:20.182   135   135 E wificond: Failed to setup synchronous netlink socket
04-05 15:45:20.182   135   135 E wificond: Received error message: No such file or directory
04-05 15:45:20.182   135   135 E wificond: NL80211_CMD_GET_PROTOCOL_FEATURES failed
04-05 15:45:20.182   135   135 E wificond: Failed to set uevent socket SO_RCVBUFFORCE option: Operation not permitted
04-05 15:45:20.182   135   135 E wificond: Failed to setup synchronous netlink socket
04-05 15:45:20.189    69    69 D         : HostComposition ext GL_OES_EGL_image_external_essl3 GL_OES_vertex_array_object GL_KHR_texture_compression_astc_ldr ANDROID_EMU_gles_max_version_3_1 
04-05 15:45:20.191    69    69 I ServiceManagement: Registered android.hardware.graphics.composer@2.1::IComposer/default (start delay of 171ms)
04-05 15:45:20.191    69    69 I ServiceManagement: Removing namespace from process name android.hardware.graphics.composer@2.1-service to composer@2.1-service.
04-05 15:45:20.191    69    69 I android.hardware.graphics.composer@2.1-service: Registration complete for android.hardware.graphics.composer@2.1::IComposer/default.
04-05 15:45:20.213   145   145 I /system/bin/tombstoned: tombstoned successfully initialized
04-05 15:45:20.225   147   147 E cutils-trace: Error opening trace file: No such file or directory (2)
04-05 15:45:20.225    12    12 I hwservicemanager: getTransport: Cannot find entry android.hardware.usb.gadget@1.0::IUsbGadget/default in either framework or device manifest.
04-05 15:45:20.230   147   147 I usbd    : Usb HAL not found
04-05 15:45:20.233    59    59 E cutils-trace: Error opening trace file: No such file or directory (2)
04-05 15:45:20.233    12    12 I hwservicemanager: getTransport: Cannot find entry android.hardware.audio@5.0::IDevicesFactory/default in either framework or device manifest.
04-05 15:45:20.240    59    59 E audiohalservice: Could not get passthrough implementation for android.hardware.audio@5.0::IDevicesFactory/default.
04-05 15:45:20.240   126   126 E cutils-trace: Error opening trace file: No such file or directory (2)
04-05 15:45:20.250   131   131 E cutils-trace: Error opening trace file: No such file or directory (2)
04-05 15:45:20.250    12    12 I hwservicemanager: getTransport: Cannot find entry android.hardware.keymaster@4.0::IKeymasterDevice/default in either framework or device manifest.
04-05 15:45:20.250   131   131 I ServiceManagement: Registered android.frameworks.stats@1.0::IStats/default (start delay of 121ms)
04-05 15:45:20.250   141   141 I gatekeeperd: Starting gatekeeperd...
04-05 15:45:20.251   131   131 W statsd  : statscompanion service unavailable!
04-05 15:45:20.251   141   141 E cutils-trace: Error opening trace file: No such file or directory (2)
04-05 15:45:20.251   131   131 I statsd  : Statsd starts to listen to socket.
04-05 15:45:20.251   151   151 D android.hardware.biometrics.fingerprint@2.1-service: Opening fingerprint hal library...
04-05 15:45:20.252   151   151 D FingerprintHal: ----------------> fingerprint_open ----------------->
04-05 15:45:20.252   151   151 D FingerprintHal: ----------------> set_notify_callback ----------------->
04-05 15:45:20.252   151   151 D FingerprintHal: fingerprint callback notification set
04-05 15:45:20.252   151   165 D FingerprintHal: ----------------> listenerFunction ----------------->
04-05 15:45:20.252   151   151 E cutils-trace: Error opening trace file: No such file or directory (2)
04-05 15:45:20.252   151   165 D FingerprintHal: fingerprint ID 0 off
04-05 15:45:20.260   151   151 I ServiceManagement: Registered android.hardware.biometrics.fingerprint@2.1::IBiometricsFingerprint/default (start delay of 70ms)
04-05 15:45:20.260   151   151 I ServiceManagement: Removing namespace from process name android.hardware.biometrics.fingerprint@2.1-service to fingerprint@2.1-service.
04-05 15:45:20.270   126   126 I keystore: found android.hardware.keymaster@3.0::IKeymasterDevice with interface name default and seclevel SOFTWARE
04-05 15:45:20.270   126   126 W keystore: No secure Keymaster implementation found, but device offers insecure Keymaster HAL. Using as default.
04-05 15:45:20.270    59    59 I ServiceManagement: Registered android.hardware.audio@4.0::IDevicesFactory/default (start delay of 260ms)
04-05 15:45:20.270    59    59 I ServiceManagement: Removing namespace from process name android.hardware.audio@2.0-service to audio@2.0-service.
04-05 15:45:20.270    59    59 I audiohalservice: Registration complete for android.hardware.audio@4.0::IDevicesFactory/default.
04-05 15:45:20.270    12    12 I hwservicemanager: getTransport: Cannot find entry android.hardware.audio.effect@5.0::IEffectsFactory/default in either framework or device manifest.
04-05 15:45:20.270    59    59 E audiohalservice: Could not get passthrough implementation for android.hardware.audio.effect@5.0::IEffectsFactory/default.
04-05 15:45:20.281   126   126 I ServiceManagement: Registered android.system.wifi.keystore@1.0::IKeystore/default (start delay of 151ms)
04-05 15:45:20.282   127   127 I mediaserver: ServiceManager: 0xf7462120
04-05 15:45:20.283    86    86 E cutils-trace: Error opening trace file: No such file or directory (2)
04-05 15:45:20.290   137   137 E cutils-trace: Error opening trace file: No such file or directory (2)
04-05 15:45:20.291    86    86 I SurfaceFlinger: Using HWComposer service: 'default'
04-05 15:45:20.291    86    86 I SurfaceFlinger: SurfaceFlinger is starting
04-05 15:45:20.291    12    12 I hwservicemanager: getTransport: Cannot find entry android.hardware.configstore@1.1::ISurfaceFlingerConfigs/default in either framework or device manifest.
04-05 15:45:20.300    86    86 I SurfaceFlinger: Treble testing override: 'false'
04-05 15:45:20.300   137   137 I ServiceManagement: Registered android.hardware.radio@1.1::IRadio/slot1 (start delay of 150ms)
04-05 15:45:20.300    86    86 I SurfaceFlinger: SurfaceFlinger's main thread ready to run. Initializing graphics H/W...
04-05 15:45:20.300    86    86 I SurfaceFlinger: Phase offset NS: 1000000
04-05 15:45:20.300    86    86 E DispSync: Couldn't set SCHED_FIFO for DispSyncThread
04-05 15:45:20.300    59    59 I ServiceManagement: Registered android.hardware.audio.effect@4.0::IEffectsFactory/default (start delay of 290ms)
04-05 15:45:20.300    59    59 I audiohalservice: Registration complete for android.hardware.audio.effect@4.0::IEffectsFactory/default.
04-05 15:45:20.300   137   137 I ServiceManagement: Registered android.hardware.radio.deprecated@1.0::IOemHook/slot1 (start delay of 150ms)
04-05 15:45:20.300    12    12 I hwservicemanager: getTransport: Cannot find entry android.hardware.soundtrigger@2.2::ISoundTriggerHw/default in either framework or device manifest.
04-05 15:45:20.300    86    86 E SurfaceFlinger: Couldn't set SCHED_FIFO for EventThread
04-05 15:45:20.300    86   179 W SurfaceFlinger: Ignoring VSYNC request while display is disconnected
04-05 15:45:20.300    59    59 E audiohalservice: Could not get passthrough implementation for android.hardware.soundtrigger@2.2::ISoundTriggerHw/default.
04-05 15:45:20.300    86   179 W SurfaceFlinger: Ignoring VSYNC request while display is disconnected
04-05 15:45:20.300    86    86 E SurfaceFlinger: Couldn't set SCHED_FIFO for EventThread
04-05 15:45:20.300    86   180 W SurfaceFlinger: Ignoring VSYNC request while display is disconnected
04-05 15:45:20.300    12    12 I hwservicemanager: getTransport: Cannot find entry android.hardware.soundtrigger@2.1::ISoundTriggerHw/default in either framework or device manifest.
04-05 15:45:20.300    86   180 W SurfaceFlinger: Ignoring VSYNC request while display is disconnected
04-05 15:45:20.300    59    59 E audiohalservice: Could not get passthrough implementation for android.hardware.soundtrigger@2.1::ISoundTriggerHw/default.
04-05 15:45:20.300    86    86 D RenderEngine: RenderEngine GLES Backend
04-05 15:45:20.300    12    12 I hwservicemanager: getTransport: Cannot find entry android.hardware.soundtrigger@2.0::ISoundTriggerHw/default in either framework or device manifest.
04-05 15:45:20.300    86    86 D libEGL  : Emulator has host GPU support, qemu.gles is set to 1.
04-05 15:45:20.310    59    59 E SoundTriggerHalImpl: couldn't load sound trigger module sound_trigger.primary (No such file or directory)
04-05 15:45:20.310    59    59 I ServiceManagement: Registered android.hardware.soundtrigger@2.0::ISoundTriggerHw/default (start delay of 301ms)
04-05 15:45:20.310    59    59 I audiohalservice: Registration complete for android.hardware.soundtrigger@2.0::ISoundTriggerHw/default.
04-05 15:45:20.311    12    12 I hwservicemanager: getTransport: Cannot find entry android.hardware.bluetooth.audio@2.0::IBluetoothAudioProvidersFactory/default in either framework or device manifest.
04-05 15:45:20.311    59    59 E audiohalservice: Could not get passthrough implementation for android.hardware.bluetooth.audio@2.0::IBluetoothAudioProvidersFactory/default.
04-05 15:45:20.311    59    59 W audiohalservice: Could not register Bluetooth Audio API 2.0
04-05 15:45:20.311    12    12 I hwservicemanager: getTransport: Cannot find entry android.hardware.bluetooth.a2dp@1.0::IBluetoothAudioOffload/default in either framework or device manifest.
04-05 15:45:20.311    59    59 E audiohalservice: Could not get passthrough implementation for android.hardware.bluetooth.a2dp@1.0::IBluetoothAudioOffload/default.
04-05 15:45:20.311    59    59 W audiohalservice: Could not register Bluetooth audio offload 1.0
04-05 15:45:20.313    86    86 D libEGL  : loaded /vendor/lib64/egl/libEGL_emulation.so
04-05 15:45:20.320    86    86 D libEGL  : loaded /vendor/lib64/egl/libGLESv1_CM_emulation.so
04-05 15:45:20.321    86    86 D libEGL  : loaded /vendor/lib64/egl/libGLESv2_emulation.so
04-05 15:45:20.325    61    61 D EmulatedCamera_QemuClient: Emulated camera list: name=anbox channel=0 dir=back pix=876758866 framedims=1280x720,
04-05 15:45:20.325    61    61 D EmulatedCamera_QemuClient: name=anbox channel=0 dir=front pix=876758866 framedims=1280x720,
04-05 15:45:20.333    86    86 I         : Successfully mapped shared memory buffers
04-05 15:45:20.333    86    86 D         : HostConnection::get() New Host Connection established 0xffffa481e5a0, tid 86
04-05 15:45:20.333    86    86 D         : HostComposition ext GL_OES_EGL_image_external_essl3 GL_OES_vertex_array_object GL_KHR_texture_compression_astc_ldr ANDROID_EMU_gles_max_version_3_1 
04-05 15:45:20.333   129   129 I mediametrics: ServiceManager: 0xffff91c62280
04-05 15:45:20.333   129   129 D MediaAnalyticsService: MediaAnalyticsService created
04-05 15:45:20.341    86    86 E EGL_emulation: tid 86: eglChooseConfig(1000): error 0x3004 (EGL_BAD_ATTRIBUTE)
04-05 15:45:20.341    86    86 E EGL_emulation: tid 86: eglChooseConfig(1000): error 0x3004 (EGL_BAD_ATTRIBUTE)
04-05 15:45:20.341    86    86 W RenderEngine: no suitable EGLConfig found, trying a simpler query
04-05 15:45:20.341    86    86 I RenderEngine: EGL information:
04-05 15:45:20.341    86    86 I RenderEngine: vendor    : Android
04-05 15:45:20.341    86    86 I RenderEngine: version   : 1.4 Android META-EGL
04-05 15:45:20.341    86    86 I RenderEngine: extensions: EGL_KHR_get_all_proc_addresses EGL_ANDROID_presentation_time EGL_KHR_swap_buffers_with_damage EGL_ANDROID_get_native_client_buffer EGL_ANDROID_front_buffer_auto_refresh EGL_ANDROID_get_frame_timestamps EGL_EXT_surface_SMPTE2086_metadata EGL_EXT_surface_CTA861_3_metadata EGL_KHR_image EGL_KHR_image_base EGL_KHR_gl_texture_2D_image EGL_KHR_fence_sync EGL_ANDROID_image_native_buffer 
04-05 15:45:20.341    86    86 I RenderEngine: Client API: OpenGL_ES
04-05 15:45:20.341    86    86 I RenderEngine: EGLSurface: 8-8-8-8, config=0x1e
04-05 15:45:20.350    86    86 D EGL_emulation: eglCreateContext: 0xffffa481e640: maj 3 min 1 rcv 4
04-05 15:45:20.351    86    86 D EGL_emulation: eglMakeCurrent: 0xffffa481e640: ver 3 1 (tinfo 0xffffa480df40)
04-05 15:45:20.352   136   136 I media.codec: mediacodecservice starting
04-05 15:45:20.353   136   136 W media.codec: Could not read additional policy file '/vendor/etc/seccomp_policy/mediacodec.policy'
04-05 15:45:20.353   136   136 W media.codec: libminijail[136]: failed to get path of fd 4: No such file or directory
04-05 15:45:20.353   136   136 W media.codec: libminijail[136]: allowing syscall: clock_gettime
04-05 15:45:20.353    86    86 E RenderEngine: Couldn't set SCHED_FIFO for ImageManager
04-05 15:45:20.353   136   136 W media.codec: libminijail[136]: allowing syscall: connect
04-05 15:45:20.353   136   136 W media.codec: libminijail[136]: allowing syscall: fcntl64
04-05 15:45:20.353   136   136 W media.codec: libminijail[136]: allowing syscall: socket
04-05 15:45:20.353   136   136 W media.codec: libminijail[136]: allowing syscall: writev
04-05 15:45:20.354   136   136 W media.codec: libminijail[136]: logging seccomp filter failures
04-05 15:45:20.355   136   136 E vndksupport: Could not load libstagefrighthw.so from default namespace: dlopen failed: library "libstagefrighthw.so" not found.
04-05 15:45:20.360    86    86 E RenderEngine: Couldn't set SCHED_FIFO for ImageManager
04-05 15:45:20.360   136   136 I SoftOMXPlugin: createOMXPlugin
04-05 15:45:20.360    86    86 I RenderEngine: OpenGL ES informations:
04-05 15:45:20.361    86    86 I RenderEngine: vendor    : Google Inc.
04-05 15:45:20.361    86    86 I RenderEngine: renderer  : ANGLE (NULL)
04-05 15:45:20.361    86    86 I RenderEngine: version   : OpenGL ES 3.1 (ANGLE 2.1.0.4e877ad3ed4d)
04-05 15:45:20.361    86    86 I RenderEngine: extensions: GL_EXT_debug_marker GL_EXT_robustness GL_ANGLE_instanced_arrays GL_NV_fence GL_OES_EGL_image GL_OES_EGL_image_external GL_OES_compressed_ETC1_RGB8_texture GL_OES_rgb8_rgba8 GL_OES_EGL_image_external_essl3 GL_OES_vertex_array_object GL_KHR_texture_compression_astc_ldr ANDROID_EMU_gles_max_version_3_1 
04-05 15:45:20.361    86    86 I RenderEngine: GL_MAX_TEXTURE_SIZE = 4096
04-05 15:45:20.361    86    86 I RenderEngine: GL_MAX_VIEWPORT_DIMS = 4096
04-05 15:45:20.361   136   136 D MediaCodecsXmlParser: parsing /vendor/etc/media_codecs.xml...
04-05 15:45:20.361    12    12 I hwservicemanager: getTransport: Cannot find entry android.hardware.graphics.mapper@3.0::IMapper/default in either framework or device manifest.
04-05 15:45:20.361    69    69 D ComposerHal: failed to get mapper 3.0 service, falling back to mapper 2.0
04-05 15:45:20.362   128   128 V MediaUtils: physMem: 269345456128
04-05 15:45:20.362   128   128 V MediaUtils: requested limit: 53869091220
04-05 15:45:20.362   128   128 I libc    : malloc_limit: Allocation limit enabled, max size 53869091220 bytes
04-05 15:45:20.364    86    86 I HWComposer: Switching to legacy multi-display mode
04-05 15:45:20.365    12    12 I hwservicemanager: getTransport: Cannot find entry android.hardware.graphics.mapper@3.0::IMapper/default in either framework or device manifest.
04-05 15:45:20.369   136   136 D MediaCodecsXmlParser: parsing /vendor/etc/media_codecs_google_audio.xml...
04-05 15:45:20.369    86    86 W Gralloc3: mapper 3.x is not supported
04-05 15:45:20.370   128   128 W /system/bin/mediaextractor: Could not read additional policy file '/vendor/etc/seccomp_policy/mediaextractor.policy'
04-05 15:45:20.370   136   136 I MediaCodecsXmlParser: limit: max-channel-count = 2
04-05 15:45:20.370   136   136 I MediaCodecsXmlParser: limit: sample-rate-ranges = 8000,11025,12000,16000,22050,24000,32000,44100,48000
04-05 15:45:20.370   136   136 I MediaCodecsXmlParser: limit: bitrate-range = 8000-320000
04-05 15:45:20.370   136   136 I MediaCodecsXmlParser: limit: max-channel-count = 1
04-05 15:45:20.370   136   136 I MediaCodecsXmlParser: limit: sample-rate-ranges = 8000
04-05 15:45:20.370   128   128 W /system/bin/mediaextractor: libminijail[128]: failed to get path of fd 4: No such file or directory
04-05 15:45:20.370   136   136 I MediaCodecsXmlParser: limit: bitrate-range = 4750-12200
04-05 15:45:20.370   136   136 I MediaCodecsXmlParser: limit: max-channel-count = 1
04-05 15:45:20.370   136   136 I MediaCodecsXmlParser: limit: sample-rate-ranges = 16000
04-05 15:45:20.370   136   136 I MediaCodecsXmlParser: limit: bitrate-range = 6600-23850
04-05 15:45:20.370   128   128 W /system/bin/mediaextractor: libminijail[128]: allowing syscall: connect
04-05 15:45:20.370   136   136 I MediaCodecsXmlParser: limit: max-channel-count = 8
04-05 15:45:20.370   136   136 I MediaCodecsXmlParser: limit: sample-rate-ranges = 7350,8000,11025,12000,16000,22050,24000,32000,44100,48000
04-05 15:45:20.370   136   136 I MediaCodecsXmlParser: limit: bitrate-range = 8000-960000
04-05 15:45:20.370   136   136 I MediaCodecsXmlParser: limit: max-channel-count = 1
04-05 15:45:20.370   136   136 I MediaCodecsXmlParser: limit: sample-rate-ranges = 8000-48000
04-05 15:45:20.370   136   136 I MediaCodecsXmlParser: limit: bitrate-range = 64000
04-05 15:45:20.370   128   128 W /system/bin/mediaextractor: libminijail[128]: allowing syscall: fcntl
04-05 15:45:20.370   136   136 I MediaCodecsXmlParser: limit: max-channel-count = 1
04-05 15:45:20.370   128   128 W /system/bin/mediaextractor: libminijail[128]: allowing syscall: sendto
04-05 15:45:20.370   136   136 I MediaCodecsXmlParser: limit: sample-rate-ranges = 8000-48000
04-05 15:45:20.370   136   136 I MediaCodecsXmlParser: limit: bitrate-range = 64000
04-05 15:45:20.370   128   128 W /system/bin/mediaextractor: libminijail[128]: allowing syscall: socket
04-05 15:45:20.370   136   136 I MediaCodecsXmlParser: limit: max-channel-count = 8
04-05 15:45:20.370   128   128 W /system/bin/mediaextractor: libminijail[128]: allowing syscall: writev
04-05 15:45:20.370   136   136 I MediaCodecsXmlParser: limit: sample-rate-ranges = 8000-96000
04-05 15:45:20.370   136   136 I MediaCodecsXmlParser: limit: bitrate-range = 32000-500000
04-05 15:45:20.370   136   136 I MediaCodecsXmlParser: limit: max-channel-count = 8
04-05 15:45:20.370   136   136 I MediaCodecsXmlParser: limit: sample-rate-ranges = 48000
04-05 15:45:20.370   136   136 I MediaCodecsXmlParser: limit: bitrate-range = 6000-510000
04-05 15:45:20.370   136   136 I MediaCodecsXmlParser: limit: max-channel-count = 8
04-05 15:45:20.370   136   136 I MediaCodecsXmlParser: limit: sample-rate-ranges = 8000-192000
04-05 15:45:20.370   136   136 I MediaCodecsXmlParser: limit: bitrate-range = 1-10000000
04-05 15:45:20.370   136   136 I MediaCodecsXmlParser: limit: max-channel-count = 8
04-05 15:45:20.370   136   136 I MediaCodecsXmlParser: limit: sample-rate-ranges = 1-655350
04-05 15:45:20.370   136   136 I MediaCodecsXmlParser: limit: bitrate-range = 1-21000000
04-05 15:45:20.370   136   136 I MediaCodecsXmlParser: limit: max-channel-count = 6
04-05 15:45:20.370   136   136 I MediaCodecsXmlParser: limit: sample-rate-ranges = 8000,11025,12000,16000,22050,24000,32000,44100,48000
04-05 15:45:20.370   136   136 I MediaCodecsXmlParser: limit: bitrate-range = 8000-960000
04-05 15:45:20.370   136   136 I MediaCodecsXmlParser: limit: max-channel-count = 1
04-05 15:45:20.370   136   136 I MediaCodecsXmlParser: limit: sample-rate-ranges = 8000
04-05 15:45:20.370   136   136 I MediaCodecsXmlParser: limit: bitrate-range = 4750-12200
04-05 15:45:20.370   136   136 I MediaCodecsXmlParser: limit: feature-bitrate-modes = CBR
04-05 15:45:20.370   136   136 I MediaCodecsXmlParser: limit: max-channel-count = 1
04-05 15:45:20.370   136   136 I MediaCodecsXmlParser: limit: sample-rate-ranges = 16000
04-05 15:45:20.370   136   136 I MediaCodecsXmlParser: limit: bitrate-range = 6600-23850
04-05 15:45:20.370   136   136 I MediaCodecsXmlParser: limit: feature-bitrate-modes = CBR
04-05 15:45:20.370   136   136 I MediaCodecsXmlParser: limit: max-channel-count = 2
04-05 15:45:20.370   136   136 I MediaCodecsXmlParser: limit: sample-rate-ranges = 1-655350
04-05 15:45:20.370   136   136 I MediaCodecsXmlParser: limit: bitrate-range = 1-21000000
04-05 15:45:20.370   136   136 I MediaCodecsXmlParser: limit: complexity-default = 5
04-05 15:45:20.370   136   136 I MediaCodecsXmlParser: limit: complexity-range = 0-8
04-05 15:45:20.370   136   136 I MediaCodecsXmlParser: limit: feature-bitrate-modes = CQ
04-05 15:45:20.370   136   136 D MediaCodecsXmlParser: parsing /vendor/etc/media_codecs_google_telephony.xml...
04-05 15:45:20.370   128   128 W /system/bin/mediaextractor: libminijail[128]: logging seccomp filter failures
04-05 15:45:20.371   136   136 I MediaCodecsXmlParser: limit: max-channel-count = 1
04-05 15:45:20.371   136   136 I MediaCodecsXmlParser: limit: sample-rate-ranges = 8000
04-05 15:45:20.371   136   136 I MediaCodecsXmlParser: limit: bitrate-range = 13000
04-05 15:45:20.371   136   136 D MediaCodecsXmlParser: parsing /vendor/etc/media_codecs_google_video.xml...
04-05 15:45:20.371   136   136 I MediaCodecsXmlParser: limit: size-range = 2x2-352x288
04-05 15:45:20.371   136   136 I MediaCodecsXmlParser: limit: alignment = 2x2
04-05 15:45:20.371   136   136 I MediaCodecsXmlParser: limit: block-size = 16x16
04-05 15:45:20.371   136   136 I MediaCodecsXmlParser: limit: blocks-per-second-range = 12-11880
04-05 15:45:20.371   136   136 I MediaCodecsXmlParser: limit: bitrate-range = 1-384000
04-05 15:45:20.371   136   136 I MediaCodecsXmlParser: limit: feature-adaptive-playback = 0
04-05 15:45:20.371   136   136 I MediaCodecsXmlParser: limit: size-range = 2x2-352x288
04-05 15:45:20.371   136   136 I MediaCodecsXmlParser: limit: alignment = 2x2
04-05 15:45:20.371   136   136 I MediaCodecsXmlParser: limit: bitrate-range = 1-384000
04-05 15:45:20.371   136   136 I MediaCodecsXmlParser: limit: feature-adaptive-playback = 0
04-05 15:45:20.371   136   136 I MediaCodecsXmlParser: limit: size-range = 16x16-1920x1088
04-05 15:45:20.371   136   136 I MediaCodecsXmlParser: limit: alignment = 2x2
04-05 15:45:20.371   136   136 I MediaCodecsXmlParser: limit: block-size = 16x16
04-05 15:45:20.371   136   136 I MediaCodecsXmlParser: limit: blocks-per-second-range = 1-244800
04-05 15:45:20.371   136   136 I MediaCodecsXmlParser: limit: bitrate-range = 1-12000000
04-05 15:45:20.371   136   136 I MediaCodecsXmlParser: limit: feature-adaptive-playback = 0
04-05 15:45:20.371   136   136 I MediaCodecsXmlParser: limit: size-range = 2x2-2048x2048
04-05 15:45:20.371   136   136 I MediaCodecsXmlParser: limit: alignment = 2x2
04-05 15:45:20.371   136   136 I MediaCodecsXmlParser: limit: block-size = 8x8
04-05 15:45:20.371   136   136 I MediaCodecsXmlParser: limit: block-count-range = 1-139264
04-05 15:45:20.371   136   136 I MediaCodecsXmlParser: limit: blocks-per-second-range = 1-2000000
04-05 15:45:20.371   136   136 I MediaCodecsXmlParser: limit: bitrate-range = 1-10000000
04-05 15:45:20.371   136   136 I MediaCodecsXmlParser: limit: feature-adaptive-playback = 0
04-05 15:45:20.371   136   136 I MediaCodecsXmlParser: limit: size-range = 2x2-2048x2048
04-05 15:45:20.371   136   136 I MediaCodecsXmlParser: limit: alignment = 2x2
04-05 15:45:20.371   136   136 I MediaCodecsXmlParser: limit: block-size = 16x16
04-05 15:45:20.371   136   136 I MediaCodecsXmlParser: limit: blocks-per-second-range = 1-1000000
04-05 15:45:20.371   136   136 I MediaCodecsXmlParser: limit: bitrate-range = 1-40000000
04-05 15:45:20.371   136   136 I MediaCodecsXmlParser: limit: feature-adaptive-playback = 0
04-05 15:45:20.371   136   136 I MediaCodecsXmlParser: limit: size-range = 2x2-2048x2048
04-05 15:45:20.371   136   136 I MediaCodecsXmlParser: limit: alignment = 2x2
04-05 15:45:20.371   136   136 I MediaCodecsXmlParser: limit: block-size = 16x16
04-05 15:45:20.371   136   136 I MediaCodecsXmlParser: limit: blocks-per-second-range = 1-500000
04-05 15:45:20.371   136   136 I MediaCodecsXmlParser: limit: bitrate-range = 1-40000000
04-05 15:45:20.371   136   136 I MediaCodecsXmlParser: limit: feature-adaptive-playback = 0
04-05 15:45:20.371   136   136 I MediaCodecsXmlParser: limit: size-range = 176x144-176x144
04-05 15:45:20.371   136   136 I MediaCodecsXmlParser: limit: alignment = 16x16
04-05 15:45:20.371   136   136 I MediaCodecsXmlParser: limit: bitrate-range = 1-128000
04-05 15:45:20.371   136   136 I MediaCodecsXmlParser: limit: size-range = 16x16-1920x1088
04-05 15:45:20.371   136   136 I MediaCodecsXmlParser: limit: alignment = 2x2
04-05 15:45:20.371   136   136 I MediaCodecsXmlParser: limit: block-size = 16x16
04-05 15:45:20.371   136   136 I MediaCodecsXmlParser: limit: blocks-per-second-range = 1-244800
04-05 15:45:20.371   136   136 I MediaCodecsXmlParser: limit: bitrate-range = 1-20000000
04-05 15:45:20.371   136   136 I MediaCodecsXmlParser: limit: feature-intra-refresh = 0
04-05 15:45:20.371   136   136 I MediaCodecsXmlParser: limit: size-range = 16x16-176x144
04-05 15:45:20.371   136   136 I MediaCodecsXmlParser: limit: alignment = 16x16
04-05 15:45:20.371   136   136 I MediaCodecsXmlParser: limit: block-size = 16x16
04-05 15:45:20.371   136   136 I MediaCodecsXmlParser: limit: blocks-per-second-range = 12-1485
04-05 15:45:20.371   136   136 I MediaCodecsXmlParser: limit: bitrate-range = 1-64000
04-05 15:45:20.371   136   136 I MediaCodecsXmlParser: limit: size-range = 2x2-2048x2048
04-05 15:45:20.371   136   136 I MediaCodecsXmlParser: limit: alignment = 2x2
04-05 15:45:20.371   136   136 I MediaCodecsXmlParser: limit: bitrate-range = 1-40000000
04-05 15:45:20.371   136   136 I MediaCodecsXmlParser: limit: feature-bitrate-modes = VBR,CBR
04-05 15:45:20.371   136   136 D MediaCodecsXmlParser: parsing /vendor/etc/media_codecs_performance.xml...
04-05 15:45:20.372   136   136 I MediaCodecsXmlParser: limit: measured-frame-rate-176x144-range = 849-1008
04-05 15:45:20.372   136   136 I MediaCodecsXmlParser: limit: measured-frame-rate-320x240-range = 496-629
04-05 15:45:20.372   136   136 I MediaCodecsXmlParser: limit: measured-frame-rate-720x480-range = 197-203
04-05 15:45:20.372   136   136 I MediaCodecsXmlParser: limit: measured-frame-rate-1280x720-range = 93-97
04-05 15:45:20.372   136   136 I MediaCodecsXmlParser: limit: measured-frame-rate-1920x1080-range = 45-47
04-05 15:45:20.372   136   136 I MediaCodecsXmlParser: limit: measured-frame-rate-176x144-range = 881-1142
04-05 15:45:20.372   136   136 I MediaCodecsXmlParser: limit: measured-frame-rate-320x180-range = 249-285
04-05 15:45:20.372   136   136 I MediaCodecsXmlParser: limit: measured-frame-rate-640x360-range = 104-115
04-05 15:45:20.372   136   136 I MediaCodecsXmlParser: limit: measured-frame-rate-1280x720-range = 34-35
04-05 15:45:20.372   136   136 I MediaCodecsXmlParser: limit: measured-frame-rate-1920x1080-range = 26-29
04-05 15:45:20.372   136   136 I MediaCodecsXmlParser: limit: measured-frame-rate-176x144-range = 1246-1390
04-05 15:45:20.372   136   136 I MediaCodecsXmlParser: limit: measured-frame-rate-320x240-range = 299-629
04-05 15:45:20.372   136   136 I MediaCodecsXmlParser: limit: measured-frame-rate-720x480-range = 215-250
04-05 15:45:20.372   136   136 I MediaCodecsXmlParser: limit: measured-frame-rate-1280x720-range = 75-85
04-05 15:45:20.372   136   136 I MediaCodecsXmlParser: limit: measured-frame-rate-1920x1080-range = 31-34
04-05 15:45:20.372   136   136 I MediaCodecsXmlParser: limit: measured-frame-rate-352x288-range = 754-817
04-05 15:45:20.372   136   136 I MediaCodecsXmlParser: limit: measured-frame-rate-640x360-range = 323-394
04-05 15:45:20.372   136   136 I MediaCodecsXmlParser: limit: measured-frame-rate-720x480-range = 349-372
04-05 15:45:20.372   136   136 I MediaCodecsXmlParser: limit: measured-frame-rate-1280x720-range = 144-157
04-05 15:45:20.372   136   136 I MediaCodecsXmlParser: limit: measured-frame-rate-1920x1080-range = 74-85
04-05 15:45:20.372   136   136 I MediaCodecsXmlParser: limit: measured-frame-rate-176x144-range = 1439-1625
04-05 15:45:20.372   136   136 I MediaCodecsXmlParser: limit: measured-frame-rate-320x180-range = 1129-1261
04-05 15:45:20.372   136   136 I MediaCodecsXmlParser: limit: measured-frame-rate-640x360-range = 471-525
04-05 15:45:20.372   136   136 I MediaCodecsXmlParser: limit: measured-frame-rate-1280x720-range = 126-145
04-05 15:45:20.372   136   136 I MediaCodecsXmlParser: limit: measured-frame-rate-1920x1080-range = 48-51
04-05 15:45:20.372   136   136 I MediaCodecsXmlParser: limit: measured-frame-rate-320x180-range = 968-1101
04-05 15:45:20.372   136   136 I MediaCodecsXmlParser: limit: measured-frame-rate-640x360-range = 291-338
04-05 15:45:20.372   136   136 I MediaCodecsXmlParser: limit: measured-frame-rate-1280x720-range = 280-400
04-05 15:45:20.372   136   136 I MediaCodecsXmlParser: limit: measured-frame-rate-1920x1080-range = 178-240
04-05 15:45:20.372   136   136 D MediaCodecsXmlParser: Cannot find /data/misc/media/media_codecs_profiling_results.xml
04-05 15:45:20.372   136   136 E cutils-trace: Error opening trace file: No such file or directory (2)
04-05 15:45:20.373   136   136 I ServiceManagement: Registered android.hardware.media.omx@1.0::IOmx/default (start delay of 223ms)
04-05 15:45:20.373   136   136 I ServiceManagement: Removing namespace from process name android.hardware.media.omx@1.0-service to omx@1.0-service.
04-05 15:45:20.373   136   136 I media.codec: IOmx HAL service created.
04-05 15:45:20.373   136   136 D MediaCodecsXmlParser: parsing /vendor/etc/media_codecs.xml...
04-05 15:45:20.373   136   136 D MediaCodecsXmlParser: parsing /vendor/etc/media_codecs_google_audio.xml...
04-05 15:45:20.373   136   136 I MediaCodecsXmlParser: limit: max-channel-count = 2
04-05 15:45:20.373   136   136 I MediaCodecsXmlParser: limit: sample-rate-ranges = 8000,11025,12000,16000,22050,24000,32000,44100,48000
04-05 15:45:20.373   136   136 I MediaCodecsXmlParser: limit: bitrate-range = 8000-320000
04-05 15:45:20.373   136   136 I MediaCodecsXmlParser: limit: max-channel-count = 1
04-05 15:45:20.373   136   136 I MediaCodecsXmlParser: limit: sample-rate-ranges = 8000
04-05 15:45:20.373   136   136 I MediaCodecsXmlParser: limit: bitrate-range = 4750-12200
04-05 15:45:20.373   136   136 I MediaCodecsXmlParser: limit: max-channel-count = 1
04-05 15:45:20.373   136   136 I MediaCodecsXmlParser: limit: sample-rate-ranges = 16000
04-05 15:45:20.373   136   136 I MediaCodecsXmlParser: limit: bitrate-range = 6600-23850
04-05 15:45:20.373   136   136 I MediaCodecsXmlParser: limit: max-channel-count = 8
04-05 15:45:20.373   136   136 I MediaCodecsXmlParser: limit: sample-rate-ranges = 7350,8000,11025,12000,16000,22050,24000,32000,44100,48000
04-05 15:45:20.373   136   136 I MediaCodecsXmlParser: limit: bitrate-range = 8000-960000
04-05 15:45:20.373   136   136 I MediaCodecsXmlParser: limit: max-channel-count = 1
04-05 15:45:20.373   136   136 I MediaCodecsXmlParser: limit: sample-rate-ranges = 8000-48000
04-05 15:45:20.373   136   136 I MediaCodecsXmlParser: limit: bitrate-range = 64000
04-05 15:45:20.373    12    12 I hwservicemanager: getTransport: Cannot find entry android.hardware.graphics.allocator@3.0::IAllocator/default in either framework or device manifest.
04-05 15:45:20.373   136   136 I MediaCodecsXmlParser: limit: max-channel-count = 1
04-05 15:45:20.373   136   136 I MediaCodecsXmlParser: limit: sample-rate-ranges = 8000-48000
04-05 15:45:20.373   136   136 I MediaCodecsXmlParser: limit: bitrate-range = 64000
04-05 15:45:20.373    86    86 W Gralloc3: allocator 3.x is not supported
04-05 15:45:20.373   136   136 I MediaCodecsXmlParser: limit: max-channel-count = 8
04-05 15:45:20.373   136   136 I MediaCodecsXmlParser: limit: sample-rate-ranges = 8000-96000
04-05 15:45:20.373   136   136 I MediaCodecsXmlParser: limit: bitrate-range = 32000-500000
04-05 15:45:20.373   136   136 I MediaCodecsXmlParser: limit: max-channel-count = 8
04-05 15:45:20.373   136   136 I MediaCodecsXmlParser: limit: sample-rate-ranges = 48000
04-05 15:45:20.373   136   136 I MediaCodecsXmlParser: limit: bitrate-range = 6000-510000
04-05 15:45:20.374    68    68 D         : HostComposition ext GL_OES_EGL_image_external_essl3 GL_OES_vertex_array_object GL_KHR_texture_compression_astc_ldr ANDROID_EMU_gles_max_version_3_1 
04-05 15:45:20.374    68    68 D gralloc_ranchu: gralloc_alloc: Creating ashmem region of size 3690496
04-05 15:45:20.379   136   136 I MediaCodecsXmlParser: limit: max-channel-count = 8
04-05 15:45:20.379   136   136 I MediaCodecsXmlParser: limit: sample-rate-ranges = 8000-192000
04-05 15:45:20.379   136   136 I MediaCodecsXmlParser: limit: bitrate-range = 1-10000000
04-05 15:45:20.379   136   136 I MediaCodecsXmlParser: limit: max-channel-count = 8
04-05 15:45:20.380   136   136 I MediaCodecsXmlParser: limit: sample-rate-ranges = 1-655350
04-05 15:45:20.380   136   136 I MediaCodecsXmlParser: limit: bitrate-range = 1-21000000
04-05 15:45:20.380   136   136 I MediaCodecsXmlParser: limit: max-channel-count = 6
04-05 15:45:20.380   136   136 I MediaCodecsXmlParser: limit: sample-rate-ranges = 8000,11025,12000,16000,22050,24000,32000,44100,48000
04-05 15:45:20.380   136   136 I MediaCodecsXmlParser: limit: bitrate-range = 8000-960000
04-05 15:45:20.380   136   136 I MediaCodecsXmlParser: limit: max-channel-count = 1
04-05 15:45:20.380   136   136 I MediaCodecsXmlParser: limit: sample-rate-ranges = 8000
04-05 15:45:20.380   136   136 I MediaCodecsXmlParser: limit: bitrate-range = 4750-12200
04-05 15:45:20.380   136   136 I MediaCodecsXmlParser: limit: feature-bitrate-modes = CBR
04-05 15:45:20.380   136   136 I MediaCodecsXmlParser: limit: max-channel-count = 1
04-05 15:45:20.380   136   136 I MediaCodecsXmlParser: limit: sample-rate-ranges = 16000
04-05 15:45:20.380   136   136 I MediaCodecsXmlParser: limit: bitrate-range = 6600-23850
04-05 15:45:20.380   136   136 I MediaCodecsXmlParser: limit: feature-bitrate-modes = CBR
04-05 15:45:20.380   136   136 I MediaCodecsXmlParser: limit: max-channel-count = 2
04-05 15:45:20.380   136   136 I MediaCodecsXmlParser: limit: sample-rate-ranges = 1-655350
04-05 15:45:20.380   136   136 I MediaCodecsXmlParser: limit: bitrate-range = 1-21000000
04-05 15:45:20.380   136   136 I MediaCodecsXmlParser: limit: complexity-default = 5
04-05 15:45:20.380   136   136 I MediaCodecsXmlParser: limit: complexity-range = 0-8
04-05 15:45:20.380   136   136 I MediaCodecsXmlParser: limit: feature-bitrate-modes = CQ
04-05 15:45:20.380   136   136 D MediaCodecsXmlParser: parsing /vendor/etc/media_codecs_google_telephony.xml...
04-05 15:45:20.380   136   136 I MediaCodecsXmlParser: limit: max-channel-count = 1
04-05 15:45:20.380   136   136 I MediaCodecsXmlParser: limit: sample-rate-ranges = 8000
04-05 15:45:20.380   136   136 I MediaCodecsXmlParser: limit: bitrate-range = 13000
04-05 15:45:20.380   136   136 D MediaCodecsXmlParser: parsing /vendor/etc/media_codecs_google_video.xml...
04-05 15:45:20.380   136   136 I MediaCodecsXmlParser: limit: size-range = 2x2-352x288
04-05 15:45:20.380   136   136 I MediaCodecsXmlParser: limit: alignment = 2x2
04-05 15:45:20.380   136   136 I MediaCodecsXmlParser: limit: block-size = 16x16
04-05 15:45:20.380   136   136 I MediaCodecsXmlParser: limit: blocks-per-second-range = 12-11880
04-05 15:45:20.380   136   136 I MediaCodecsXmlParser: limit: bitrate-range = 1-384000
04-05 15:45:20.380   136   136 I MediaCodecsXmlParser: limit: feature-adaptive-playback = 0
04-05 15:45:20.380   136   136 I MediaCodecsXmlParser: limit: size-range = 2x2-352x288
04-05 15:45:20.380   136   136 I MediaCodecsXmlParser: limit: alignment = 2x2
04-05 15:45:20.380   136   136 I MediaCodecsXmlParser: limit: bitrate-range = 1-384000
04-05 15:45:20.380   136   136 I MediaCodecsXmlParser: limit: feature-adaptive-playback = 0
04-05 15:45:20.380   136   136 I MediaCodecsXmlParser: limit: size-range = 16x16-1920x1088
04-05 15:45:20.380   136   136 I MediaCodecsXmlParser: limit: alignment = 2x2
04-05 15:45:20.380   136   136 I MediaCodecsXmlParser: limit: block-size = 16x16
04-05 15:45:20.380   136   136 I MediaCodecsXmlParser: limit: blocks-per-second-range = 1-244800
04-05 15:45:20.380   136   136 I MediaCodecsXmlParser: limit: bitrate-range = 1-12000000
04-05 15:45:20.380   136   136 I MediaCodecsXmlParser: limit: feature-adaptive-playback = 0
04-05 15:45:20.380   136   136 I MediaCodecsXmlParser: limit: size-range = 2x2-2048x2048
04-05 15:45:20.380   136   136 I MediaCodecsXmlParser: limit: alignment = 2x2
04-05 15:45:20.380   136   136 I MediaCodecsXmlParser: limit: block-size = 8x8
04-05 15:45:20.380   136   136 I MediaCodecsXmlParser: limit: block-count-range = 1-139264
04-05 15:45:20.380   136   136 I MediaCodecsXmlParser: limit: blocks-per-second-range = 1-2000000
04-05 15:45:20.380   136   136 I MediaCodecsXmlParser: limit: bitrate-range = 1-10000000
04-05 15:45:20.380   136   136 I MediaCodecsXmlParser: limit: feature-adaptive-playback = 0
04-05 15:45:20.380   136   136 I MediaCodecsXmlParser: limit: size-range = 2x2-2048x2048
04-05 15:45:20.380   136   136 I MediaCodecsXmlParser: limit: alignment = 2x2
04-05 15:45:20.380   136   136 I MediaCodecsXmlParser: limit: block-size = 16x16
04-05 15:45:20.380   136   136 I MediaCodecsXmlParser: limit: blocks-per-second-range = 1-1000000
04-05 15:45:20.380   136   136 I MediaCodecsXmlParser: limit: bitrate-range = 1-40000000
04-05 15:45:20.380   136   136 I MediaCodecsXmlParser: limit: feature-adaptive-playback = 0
04-05 15:45:20.380   136   136 I MediaCodecsXmlParser: limit: size-range = 2x2-2048x2048
04-05 15:45:20.380   136   136 I MediaCodecsXmlParser: limit: alignment = 2x2
04-05 15:45:20.380   136   136 I MediaCodecsXmlParser: limit: block-size = 16x16
04-05 15:45:20.380   136   136 I MediaCodecsXmlParser: limit: blocks-per-second-range = 1-500000
04-05 15:45:20.380   136   136 I MediaCodecsXmlParser: limit: bitrate-range = 1-40000000
04-05 15:45:20.380   136   136 I MediaCodecsXmlParser: limit: feature-adaptive-playback = 0
04-05 15:45:20.380   136   136 I MediaCodecsXmlParser: limit: size-range = 176x144-176x144
04-05 15:45:20.380   136   136 I MediaCodecsXmlParser: limit: alignment = 16x16
04-05 15:45:20.380   136   136 I MediaCodecsXmlParser: limit: bitrate-range = 1-128000
04-05 15:45:20.380   136   136 I MediaCodecsXmlParser: limit: size-range = 16x16-1920x1088
04-05 15:45:20.380   136   136 I MediaCodecsXmlParser: limit: alignment = 2x2
04-05 15:45:20.380   136   136 I MediaCodecsXmlParser: limit: block-size = 16x16
04-05 15:45:20.380   136   136 I MediaCodecsXmlParser: limit: blocks-per-second-range = 1-244800
04-05 15:45:20.380   136   136 I MediaCodecsXmlParser: limit: bitrate-range = 1-20000000
04-05 15:45:20.380   136   136 I MediaCodecsXmlParser: limit: feature-intra-refresh = 0
04-05 15:45:20.381   136   136 I MediaCodecsXmlParser: limit: size-range = 16x16-176x144
04-05 15:45:20.381   136   136 I MediaCodecsXmlParser: limit: alignment = 16x16
04-05 15:45:20.381   136   136 I MediaCodecsXmlParser: limit: block-size = 16x16
04-05 15:45:20.381   136   136 I MediaCodecsXmlParser: limit: blocks-per-second-range = 12-1485
04-05 15:45:20.381   136   136 I MediaCodecsXmlParser: limit: bitrate-range = 1-64000
04-05 15:45:20.381   136   136 I MediaCodecsXmlParser: limit: size-range = 2x2-2048x2048
04-05 15:45:20.381   136   136 I MediaCodecsXmlParser: limit: alignment = 2x2
04-05 15:45:20.381   136   136 I MediaCodecsXmlParser: limit: bitrate-range = 1-40000000
04-05 15:45:20.381   136   136 I MediaCodecsXmlParser: limit: feature-bitrate-modes = VBR,CBR
04-05 15:45:20.381   136   136 D MediaCodecsXmlParser: parsing /vendor/etc/media_codecs_performance.xml...
04-05 15:45:20.381   136   136 I MediaCodecsXmlParser: limit: measured-frame-rate-176x144-range = 849-1008
04-05 15:45:20.381   136   136 I MediaCodecsXmlParser: limit: measured-frame-rate-320x240-range = 496-629
04-05 15:45:20.381   136   136 I MediaCodecsXmlParser: limit: measured-frame-rate-720x480-range = 197-203
04-05 15:45:20.381   136   136 I MediaCodecsXmlParser: limit: measured-frame-rate-1280x720-range = 93-97
04-05 15:45:20.381   136   136 I MediaCodecsXmlParser: limit: measured-frame-rate-1920x1080-range = 45-47
04-05 15:45:20.381   136   136 I MediaCodecsXmlParser: limit: measured-frame-rate-176x144-range = 881-1142
04-05 15:45:20.381   136   136 I MediaCodecsXmlParser: limit: measured-frame-rate-320x180-range = 249-285
04-05 15:45:20.381   136   136 I MediaCodecsXmlParser: limit: measured-frame-rate-640x360-range = 104-115
04-05 15:45:20.381   136   136 I MediaCodecsXmlParser: limit: measured-frame-rate-1280x720-range = 34-35
04-05 15:45:20.381   136   136 I MediaCodecsXmlParser: limit: measured-frame-rate-1920x1080-range = 26-29
04-05 15:45:20.381   136   136 I MediaCodecsXmlParser: limit: measured-frame-rate-176x144-range = 1246-1390
04-05 15:45:20.381   136   136 I MediaCodecsXmlParser: limit: measured-frame-rate-320x240-range = 299-629
04-05 15:45:20.381   136   136 I MediaCodecsXmlParser: limit: measured-frame-rate-720x480-range = 215-250
04-05 15:45:20.381   136   136 I MediaCodecsXmlParser: limit: measured-frame-rate-1280x720-range = 75-85
