04-05 15:45:22.278   236   236 I SettingsState: 	at com.android.providers.settings.SettingsProvider$SettingsRegistry.<init>(SettingsProvider.java:2396)
04-05 15:45:22.278   236   236 I SettingsState: 	at com.android.providers.settings.SettingsProvider.onCreate(SettingsProvider.java:330)
04-05 15:45:22.278   236   236 I SettingsState: 	at android.content.ContentProvider.attachInfo(ContentProvider.java:2092)
04-05 15:45:22.278   236   236 I SettingsState: 	at android.content.ContentProvider.attachInfo(ContentProvider.java:2066)
04-05 15:45:22.278   236   236 I SettingsState: 	at android.app.ActivityThread.installProvider(ActivityThread.java:6983)
04-05 15:45:22.278   236   236 I SettingsState: 	at android.app.ActivityThread.installContentProviders(ActivityThread.java:6528)
04-05 15:45:22.278   236   236 I SettingsState: 	at android.app.ActivityThread.installSystemProviders(ActivityThread.java:7169)
04-05 15:45:22.278   236   236 I SettingsState: 	at com.android.server.am.ActivityManagerService.installSystemProviders(ActivityManagerService.java:7587)
04-05 15:45:22.278   236   236 I SettingsState: 	at com.android.server.SystemServer.startOtherServices(SystemServer.java:983)
04-05 15:45:22.278   236   236 I SettingsState: 	at com.android.server.SystemServer.run(SystemServer.java:513)
04-05 15:45:22.278   236   236 I SettingsState: 	at com.android.server.SystemServer.main(SystemServer.java:350)
04-05 15:45:22.278   236   236 I SettingsState: 	at java.lang.reflect.Method.invoke(Native Method)
04-05 15:45:22.278   236   236 I SettingsState: 	at com.android.internal.os.RuntimeInit$MethodAndArgsCaller.run(RuntimeInit.java:492)
04-05 15:45:22.278   236   236 I SettingsState: 	at com.android.internal.os.ZygoteInit.main(ZygoteInit.java:908)
04-05 15:45:22.278   236   236 I SettingsState: ancestor directory /data/system/users/0 exists
04-05 15:45:22.278   236   236 I SettingsState: ancestor directory /data/system/users/0 permissions: r: true w: true x: true
04-05 15:45:22.278   236   236 I SettingsState: ancestor's parent directory /data/system/users permissions: r: true w: true x: true
04-05 15:45:22.279   236   236 D SettingsProvider: Generated and saved new ANDROID_ID [d770e15f60a6f543] for user 0
04-05 15:45:22.280   236   236 I SettingsState: No settings state /data/system/users/0/settings_global.xml
04-05 15:45:22.280   236   236 I SettingsState: directory info for directory/file /data/system/users/0/settings_global.xml with stacktrace 
04-05 15:45:22.280   236   236 I SettingsState: java.lang.Exception
04-05 15:45:22.280   236   236 I SettingsState: 	at com.android.providers.settings.SettingsState.logSettingsDirectoryInformation(SettingsState.java:753)
04-05 15:45:22.280   236   236 I SettingsState: 	at com.android.providers.settings.SettingsState.readStateSyncLocked(SettingsState.java:852)
04-05 15:45:22.280   236   236 I SettingsState: 	at com.android.providers.settings.SettingsState.<init>(SettingsState.java:277)
04-05 15:45:22.280   236   236 I SettingsState: 	at com.android.providers.settings.SettingsProvider$SettingsRegistry.ensureSettingsStateLocked(SettingsProvider.java:2589)
04-05 15:45:22.280   236   236 I SettingsState: 	at com.android.providers.settings.SettingsProvider$SettingsRegistry.migrateLegacySettingsForUserLocked(SettingsProvider.java:2948)
04-05 15:45:22.280   236   236 I SettingsState: 	at com.android.providers.settings.SettingsProvider$SettingsRegistry.migrateAllLegacySettingsIfNeeded(SettingsProvider.java:2893)
04-05 15:45:22.280   236   236 I SettingsState: 	at com.android.providers.settings.SettingsProvider$SettingsRegistry.<init>(SettingsProvider.java:2396)
04-05 15:45:22.280   236   236 I SettingsState: 	at com.android.providers.settings.SettingsProvider.onCreate(SettingsProvider.java:330)
04-05 15:45:22.280   236   236 I SettingsState: 	at android.content.ContentProvider.attachInfo(ContentProvider.java:2092)
04-05 15:45:22.280   236   236 I SettingsState: 	at android.content.ContentProvider.attachInfo(ContentProvider.java:2066)
04-05 15:45:22.280   236   236 I SettingsState: 	at android.app.ActivityThread.installProvider(ActivityThread.java:6983)
04-05 15:45:22.280   236   236 I SettingsState: 	at android.app.ActivityThread.installContentProviders(ActivityThread.java:6528)
04-05 15:45:22.280   236   236 I SettingsState: 	at android.app.ActivityThread.installSystemProviders(ActivityThread.java:7169)
04-05 15:45:22.280   236   236 I SettingsState: 	at com.android.server.am.ActivityManagerService.installSystemProviders(ActivityManagerService.java:7587)
04-05 15:45:22.280   236   236 I SettingsState: 	at com.android.server.SystemServer.startOtherServices(SystemServer.java:983)
04-05 15:45:22.280   236   236 I SettingsState: 	at com.android.server.SystemServer.run(SystemServer.java:513)
04-05 15:45:22.280   236   236 I SettingsState: 	at com.android.server.SystemServer.main(SystemServer.java:350)
04-05 15:45:22.280   236   236 I SettingsState: 	at java.lang.reflect.Method.invoke(Native Method)
04-05 15:45:22.280   236   236 I SettingsState: 	at com.android.internal.os.RuntimeInit$MethodAndArgsCaller.run(RuntimeInit.java:492)
04-05 15:45:22.280   236   236 I SettingsState: 	at com.android.internal.os.ZygoteInit.main(ZygoteInit.java:908)
04-05 15:45:22.280   236   236 I SettingsState: ancestor directory /data/system/users/0 exists
04-05 15:45:22.280   236   236 I SettingsState: ancestor directory /data/system/users/0 permissions: r: true w: true x: true
04-05 15:45:22.280   236   236 I SettingsState: ancestor's parent directory /data/system/users permissions: r: true w: true x: true
04-05 15:45:22.282   236   236 D SettingsProvider: Setting [] as Autofill Service for user 0
04-05 15:45:22.285   236   236 I SettingsState: No settings state /data/system/users/0/settings_config.xml
04-05 15:45:22.285   236   236 I SettingsState: directory info for directory/file /data/system/users/0/settings_config.xml with stacktrace 
04-05 15:45:22.285   236   236 I SettingsState: java.lang.Exception
04-05 15:45:22.285   236   236 I SettingsState: 	at com.android.providers.settings.SettingsState.logSettingsDirectoryInformation(SettingsState.java:753)
04-05 15:45:22.285   236   236 I SettingsState: 	at com.android.providers.settings.SettingsState.readStateSyncLocked(SettingsState.java:852)
04-05 15:45:22.285   236   236 I SettingsState: 	at com.android.providers.settings.SettingsState.<init>(SettingsState.java:277)
04-05 15:45:22.285   236   236 I SettingsState: 	at com.android.providers.settings.SettingsProvider$SettingsRegistry.ensureSettingsStateLocked(SettingsProvider.java:2589)
04-05 15:45:22.285   236   236 I SettingsState: 	at com.android.providers.settings.SettingsProvider$SettingsRegistry.ensureSettingsForUserLocked(SettingsProvider.java:2554)
04-05 15:45:22.285   236   236 I SettingsState: 	at com.android.providers.settings.SettingsProvider$SettingsRegistry.peekSettingsStateLocked(SettingsProvider.java:2867)
04-05 15:45:22.285   236   236 I SettingsState: 	at com.android.providers.settings.SettingsProvider$SettingsRegistry.getSettingsNamesLocked(SettingsProvider.java:2519)
04-05 15:45:22.285   236   236 I SettingsState: 	at com.android.providers.settings.SettingsProvider$SettingsRegistry.syncSsaidTableOnStart(SettingsProvider.java:2501)
04-05 15:45:22.285   236   236 I SettingsState: 	at com.android.providers.settings.SettingsProvider$SettingsRegistry.<init>(SettingsProvider.java:2397)
04-05 15:45:22.285   236   236 I SettingsState: 	at com.android.providers.settings.SettingsProvider.onCreate(SettingsProvider.java:330)
04-05 15:45:22.285   236   236 I SettingsState: 	at android.content.ContentProvider.attachInfo(ContentProvider.java:2092)
04-05 15:45:22.285   236   236 I SettingsState: 	at android.content.ContentProvider.attachInfo(ContentProvider.java:2066)
04-05 15:45:22.285   236   236 I SettingsState: 	at android.app.ActivityThread.installProvider(ActivityThread.java:6983)
04-05 15:45:22.285   236   236 I SettingsState: 	at android.app.ActivityThread.installContentProviders(ActivityThread.java:6528)
04-05 15:45:22.285   236   236 I SettingsState: 	at android.app.ActivityThread.installSystemProviders(ActivityThread.java:7169)
04-05 15:45:22.285   236   236 I SettingsState: 	at com.android.server.am.ActivityManagerService.installSystemProviders(ActivityManagerService.java:7587)
04-05 15:45:22.285   236   236 I SettingsState: 	at com.android.server.SystemServer.startOtherServices(SystemServer.java:983)
04-05 15:45:22.285   236   236 I SettingsState: 	at com.android.server.SystemServer.run(SystemServer.java:513)
04-05 15:45:22.285   236   236 I SettingsState: 	at com.android.server.SystemServer.main(SystemServer.java:350)
04-05 15:45:22.285   236   236 I SettingsState: 	at java.lang.reflect.Method.invoke(Native Method)
04-05 15:45:22.285   236   236 I SettingsState: 	at com.android.internal.os.RuntimeInit$MethodAndArgsCaller.run(RuntimeInit.java:492)
04-05 15:45:22.285   236   236 I SettingsState: 	at com.android.internal.os.ZygoteInit.main(ZygoteInit.java:908)
04-05 15:45:22.285   236   236 I SettingsState: ancestor directory /data/system/users/0 exists
04-05 15:45:22.285   236   236 I SettingsState: ancestor directory /data/system/users/0 permissions: r: true w: true x: true
04-05 15:45:22.285   236   236 I SettingsState: ancestor's parent directory /data/system/users permissions: r: true w: true x: true
04-05 15:45:22.286   236   236 I SettingsState: No settings state /data/system/users/0/settings_ssaid.xml
04-05 15:45:22.286   236   236 I SettingsState: directory info for directory/file /data/system/users/0/settings_ssaid.xml with stacktrace 
04-05 15:45:22.286   236   236 I SettingsState: java.lang.Exception
04-05 15:45:22.286   236   236 I SettingsState: 	at com.android.providers.settings.SettingsState.logSettingsDirectoryInformation(SettingsState.java:753)
04-05 15:45:22.286   236   236 I SettingsState: 	at com.android.providers.settings.SettingsState.readStateSyncLocked(SettingsState.java:852)
04-05 15:45:22.286   236   236 I SettingsState: 	at com.android.providers.settings.SettingsState.<init>(SettingsState.java:277)
04-05 15:45:22.286   236   236 I SettingsState: 	at com.android.providers.settings.SettingsProvider$SettingsRegistry.ensureSettingsStateLocked(SettingsProvider.java:2589)
04-05 15:45:22.286   236   236 I SettingsState: 	at com.android.providers.settings.SettingsProvider$SettingsRegistry.ensureSettingsForUserLocked(SettingsProvider.java:2577)
04-05 15:45:22.286   236   236 I SettingsState: 	at com.android.providers.settings.SettingsProvider$SettingsRegistry.peekSettingsStateLocked(SettingsProvider.java:2867)
04-05 15:45:22.286   236   236 I SettingsState: 	at com.android.providers.settings.SettingsProvider$SettingsRegistry.getSettingsNamesLocked(SettingsProvider.java:2519)
04-05 15:45:22.286   236   236 I SettingsState: 	at com.android.providers.settings.SettingsProvider$SettingsRegistry.syncSsaidTableOnStart(SettingsProvider.java:2501)
04-05 15:45:22.286   236   236 I SettingsState: 	at com.android.providers.settings.SettingsProvider$SettingsRegistry.<init>(SettingsProvider.java:2397)
04-05 15:45:22.286   236   236 I SettingsState: 	at com.android.providers.settings.SettingsProvider.onCreate(SettingsProvider.java:330)
04-05 15:45:22.286   236   236 I SettingsState: 	at android.content.ContentProvider.attachInfo(ContentProvider.java:2092)
04-05 15:45:22.286   236   236 I SettingsState: 	at android.content.ContentProvider.attachInfo(ContentProvider.java:2066)
04-05 15:45:22.286   236   236 I SettingsState: 	at android.app.ActivityThread.installProvider(ActivityThread.java:6983)
04-05 15:45:22.286   236   236 I SettingsState: 	at android.app.ActivityThread.installContentProviders(ActivityThread.java:6528)
04-05 15:45:22.286   236   236 I SettingsState: 	at android.app.ActivityThread.installSystemProviders(ActivityThread.java:7169)
04-05 15:45:22.286   236   236 I SettingsState: 	at com.android.server.am.ActivityManagerService.installSystemProviders(ActivityManagerService.java:7587)
04-05 15:45:22.286   236   236 I SettingsState: 	at com.android.server.SystemServer.startOtherServices(SystemServer.java:983)
04-05 15:45:22.286   236   236 I SettingsState: 	at com.android.server.SystemServer.run(SystemServer.java:513)
04-05 15:45:22.286   236   236 I SettingsState: 	at com.android.server.SystemServer.main(SystemServer.java:350)
04-05 15:45:22.286   236   236 I SettingsState: 	at java.lang.reflect.Method.invoke(Native Method)
04-05 15:45:22.286   236   236 I SettingsState: 	at com.android.internal.os.RuntimeInit$MethodAndArgsCaller.run(RuntimeInit.java:492)
04-05 15:45:22.286   236   236 I SettingsState: 	at com.android.internal.os.ZygoteInit.main(ZygoteInit.java:908)
04-05 15:45:22.286   236   236 I SettingsState: ancestor directory /data/system/users/0 exists
04-05 15:45:22.286   236   236 I SettingsState: ancestor directory /data/system/users/0 permissions: r: true w: true x: true
04-05 15:45:22.286   236   236 I SettingsState: ancestor's parent directory /data/system/users permissions: r: true w: true x: true
04-05 15:45:22.290   236   236 I SystemServer: StartDropBoxManager
04-05 15:45:22.290   236   236 I SystemServiceManager: Starting com.android.server.DropBoxManagerService
04-05 15:45:22.291   236   236 I SystemServer: StartVibratorService
04-05 15:45:22.291    12    12 I hwservicemanager: getTransport: Cannot find entry android.hardware.vibrator@1.0::IVibrator/default in either framework or device manifest.
04-05 15:45:22.292    12    12 I hwservicemanager: getTransport: Cannot find entry android.hardware.vibrator@1.0::IVibrator/default in either framework or device manifest.
04-05 15:45:22.292   236   236 E VibratorService: vibratorOff command failed (1).
04-05 15:45:22.292    12    12 I hwservicemanager: getTransport: Cannot find entry android.hardware.vibrator@1.0::IVibrator/default in either framework or device manifest.
04-05 15:45:22.292    12    12 I hwservicemanager: getTransport: Cannot find entry android.hardware.vibrator@1.3::IVibrator/default in either framework or device manifest.
04-05 15:45:22.292   236   236 I SystemServer: StartDynamicSystemService
04-05 15:45:22.293   236   236 I SystemServer: StartConsumerIrService
04-05 15:45:22.293    12    12 I hwservicemanager: getTransport: Cannot find entry android.hardware.ir@1.0::IConsumerIr/default in either framework or device manifest.
04-05 15:45:22.293   236   236 I SystemServer: StartAlarmManagerService
04-05 15:45:22.294   236   236 E AlarmManagerService: Unable to set kernel timezone to 0: Operation not permitted
04-05 15:45:22.295   236   236 I SystemServer: StartInputManagerService
04-05 15:45:22.296   236   236 I InputManager: Initializing input manager, mUseDevInputEventForAudioJack=true
04-05 15:45:22.296   236   236 I InputClassifier: Deep press feature enabled.
04-05 15:45:22.297    12    12 I hwservicemanager: getTransport: Cannot find entry android.hardware.input.classifier@1.0::IInputClassifier/default in either framework or device manifest.
04-05 15:45:22.297   236   324 I InputClassifier: Could not obtain InputClassifier HAL
04-05 15:45:22.297   236   325 E InputClassifier: InputClassifier HAL has died. Setting mMotionClassifier to null
04-05 15:45:22.297   236   236 I SystemServer: StartWindowManagerService
04-05 15:45:22.299   236   259 I WindowManager: No existing display settings, starting empty
04-05 15:45:22.302   236   259 I WindowTracing: Setting window tracing log level to 1
04-05 15:45:22.302   236   259 I WindowTracing: Setting window tracing buffer capacity to 2097152bytes
04-05 15:45:22.304   236   236 I SystemServer: SetWindowManagerService
04-05 15:45:22.309    54    54 I Zygote  : Lazily preloading resources.
04-05 15:45:22.309    54    54 D Zygote  : begin preload
04-05 15:45:22.309    54    54 I Zygote  : Calling ZygoteHooks.beginPreload()
04-05 15:45:22.315   236   236 I SystemServer: WindowManagerServiceOnInitReady
04-05 15:45:22.316    54    54 I Zygote  : Preloading classes...
04-05 15:45:22.317    54    54 W Zygote  : Class not found for preloading: android.app.-$$Lambda$ActivityThread$ZXDWm3IBeFmLnFVblhB-IOZCr9o
04-05 15:45:22.318   236   236 I SystemServer: StartInputManager
04-05 15:45:22.318   236   236 I InputManager: Starting input manager
04-05 15:45:22.318   236   236 I SystemServer: DisplayManagerWindowManagerAndInputReady
04-05 15:45:22.318   236   326 I ServiceManagement: Registered android.frameworks.sensorservice@1.0::ISensorManager/default (start delay of 968ms)
04-05 15:45:22.318   236   236 I SystemServer: No Bluetooth Service (Bluetooth Hardware Not Present)
04-05 15:45:22.318   236   236 I SystemServer: IpConnectivityMetrics
04-05 15:45:22.318   236   236 I SystemServiceManager: Starting com.android.server.connectivity.IpConnectivityMetrics
04-05 15:45:22.318   236   328 D EventHub: No input device configuration file found for device 'anbox-pointer'.
04-05 15:45:22.318   236   326 I ServiceManagement: Registered android.frameworks.schedulerservice@1.0::ISchedulingPolicyService/default (start delay of 968ms)
04-05 15:45:22.318   236   328 I EventHub: wakeMechanism=EPOLLWAKEUP, usingClockIoctl=false
04-05 15:45:22.318   236   328 I EventHub: New device: id=1, fd=103, path='/dev/input/event0', name='anbox-pointer', classes=0x8, configuration='', keyLayout='', keyCharacterMap='', builtinKeyboard=false, 
04-05 15:45:22.319   236   328 D EventHub: No input device configuration file found for device 'anbox-keyboard'.
04-05 15:45:22.319   236   236 I SystemServer: NetworkWatchlistService
04-05 15:45:22.319   236   236 I SystemServiceManager: Starting com.android.server.net.watchlist.NetworkWatchlistService$Lifecycle
04-05 15:45:22.320   236   328 W EventHub: Unable to disable kernel key repeat for /dev/input/event1: Not a typewriter
04-05 15:45:22.320   236   328 I EventHub: wakeMechanism=EPOLLWAKEUP, usingClockIoctl=false
04-05 15:45:22.320   236   328 I EventHub: New device: id=2, fd=104, path='/dev/input/event1', name='anbox-keyboard', classes=0x3, configuration='', keyLayout='/system/usr/keylayout/Generic.kl', keyCharacterMap='/system/usr/keychars/Generic.kcm', builtinKeyboard=false, 
04-05 15:45:22.321   236   236 I SystemServer: PinnerService
04-05 15:45:22.321   236   236 I SystemServiceManager: Starting com.android.server.PinnerService
04-05 15:45:22.321   236   329 I WatchlistLoggingHandler: Start aggregating watchlist records.
04-05 15:45:22.321   236   328 D EventHub: No input device configuration file found for device 'anbox-touchpad'.
04-05 15:45:22.321   236   328 I EventHub: wakeMechanism=EPOLLWAKEUP, usingClockIoctl=false
04-05 15:45:22.321   236   328 I EventHub: New device: id=3, fd=107, path='/dev/input/event2', name='anbox-touchpad', classes=0x14, configuration='', keyLayout='', keyCharacterMap='', builtinKeyboard=false, 
04-05 15:45:22.321   236   328 D EventHub: No input device configuration file found for device 'anbox-gamepad'.
04-05 15:45:22.321   236   236 I SystemServer: SignedConfigService
04-05 15:45:22.322   236   328 W EventHub: Unable to disable kernel key repeat for /dev/input/event3: Not a typewriter
04-05 15:45:22.322   236   328 I EventHub: wakeMechanism=EPOLLWAKEUP, usingClockIoctl=false
04-05 15:45:22.322   236   328 I EventHub: New device: id=4, fd=108, path='/dev/input/event3', name='anbox-gamepad', classes=0x161, configuration='', keyLayout='/system/usr/keylayout/Generic.kl', keyCharacterMap='/system/usr/keychars/Generic.kcm', builtinKeyboard=false, 
04-05 15:45:22.323   236   328 I InputReader: Device added: id=-1, name='Virtual', sources=0x00000301
04-05 15:45:22.323   236   328 I InputReader: Device added: id=4, name='anbox-gamepad', sources=0x01000711
04-05 15:45:22.324   236   328 I InputReader: Touch device 'anbox-touchpad' could not query the properties of its associated display.  The device will be inoperable until the display size becomes available.
04-05 15:45:22.324   236   328 D InputReader: Could not retrieve current multitouch slot index.  status=-1
04-05 15:45:22.324   236   328 I InputReader: Device added: id=3, name='anbox-touchpad', sources=0x00001002
04-05 15:45:22.324   236   328 I InputReader: Device added: id=2, name='anbox-keyboard', sources=0x00000101
04-05 15:45:22.324   236   328 W InputManager-JNI: Can't find pointer display viewport, fallback to default display.
04-05 15:45:22.324   236   328 W InputManager-JNI: Can't find pointer display viewport, fallback to default display.
04-05 15:45:22.324   236   328 I InputReader: Device added: id=1, name='anbox-pointer', sources=0x00002002
04-05 15:45:22.325   236   236 I WindowManager: SAFE MODE not enabled
04-05 15:45:22.325   236   236 I SystemServer: StartInputMethodManagerLifecycle
04-05 15:45:22.325   236   236 I SystemServiceManager: Starting com.android.server.inputmethod.InputMethodManagerService$Lifecycle
04-05 15:45:22.326   236   236 I SystemServer: StartAccessibilityManagerService
04-05 15:45:22.326   236   236 I SystemServiceManager: Starting com.android.server.accessibility.AccessibilityManagerService$Lifecycle
04-05 15:45:22.327   236   236 I SystemServer: MakeDisplayReady
04-05 15:45:22.328   236   236 W InputReader: Device has associated, but no associated display id.
04-05 15:45:22.328   236   236 I ActivityTaskManager: Config changes=20005df8 {1.0 ?mcc?mnc [en_US] ldltr sw720dp w1280dp h648dp 160dpi lrg long land ?uimode ?night finger qwerty/v/v dpad/v winConfig={ mBounds=Rect(0, 0 - 1280, 720) mAppBounds=Rect(0, 0 - 1280, 672) mWindowingMode=fullscreen mDisplayWindowingMode=fullscreen mActivityType=undefined mAlwaysOnTop=undefined mRotation=ROTATION_0} s.2}
04-05 15:45:22.330   236   236 I ActivityTaskManager: Override config changes=60007dfc {1.0 ?mcc?mnc [en_US] ldltr sw720dp w1280dp h648dp 160dpi lrg long land ?uimode ?night finger qwerty/v/v dpad/v winConfig={ mBounds=Rect(0, 0 - 1280, 720) mAppBounds=Rect(0, 0 - 1280, 672) mWindowingMode=fullscreen mDisplayWindowingMode=fullscreen mActivityType=undefined mAlwaysOnTop=undefined mRotation=ROTATION_0} s.2} for displayId=0
04-05 15:45:22.331   236   236 I SystemServer: StartStorageManagerService
04-05 15:45:22.331   236   236 I SystemServiceManager: Starting com.android.server.StorageManagerService$Lifecycle
04-05 15:45:22.328   236   236 W InputReader: Device has associated, but no associated display id.
04-05 15:45:22.332   236   259 I InputManager-JNI: Viewport [0] to add: local:0
04-05 15:45:22.332   236   328 I InputReader: Reconfiguring input devices.  changes=0x00000004
04-05 15:45:22.333   236   236 I SystemServer: StartStorageStatsService
04-05 15:45:22.333   236   236 I SystemServiceManager: Starting com.android.server.usage.StorageStatsService$Lifecycle
04-05 15:45:22.333   236   330 D StorageManagerService: Thinking about init, mBootCompleted=false, mDaemonConnected=true
04-05 15:45:22.333   236   330 D StorageManagerService: Thinking about reset, mBootCompleted=false, mDaemonConnected=true
04-05 15:45:22.334    54    54 W Zygote  : Class not found for preloading: android.bluetooth.BluetoothA2dp$2
04-05 15:45:22.335   236   236 I SystemServer: StartUiModeManager
04-05 15:45:22.335   236   236 I SystemServiceManager: Starting com.android.server.UiModeManagerService
04-05 15:45:22.336   236   236 I SystemServer: UpdatePackagesIfNeeded
04-05 15:45:22.336   236   236 I Watchdog: Pausing HandlerChecker: main thread for reason: dexopt. Pause count: 1
04-05 15:45:22.337   236   331 I ActivityTaskManager: Config changes=200 {1.0 ?mcc?mnc [en_US] ldltr sw720dp w1280dp h648dp 160dpi lrg long land finger qwerty/v/v dpad/v winConfig={ mBounds=Rect(0, 0 - 1280, 720) mAppBounds=Rect(0, 0 - 1280, 672) mWindowingMode=fullscreen mDisplayWindowingMode=fullscreen mActivityType=undefined mAlwaysOnTop=undefined mRotation=ROTATION_0} s.4}
04-05 15:45:22.337    54    54 I PackageBackwardCompatibility: Could not find android.content.pm.AndroidTestBaseUpdater, ignoring
04-05 15:45:22.338   236   331 I ActivityTaskManager: Override config changes=200 {1.0 ?mcc?mnc [en_US] ldltr sw720dp w1280dp h648dp 160dpi lrg long land finger qwerty/v/v dpad/v winConfig={ mBounds=Rect(0, 0 - 1280, 720) mAppBounds=Rect(0, 0 - 1280, 672) mWindowingMode=fullscreen mDisplayWindowingMode=fullscreen mActivityType=undefined mAlwaysOnTop=undefined mRotation=ROTATION_0} s.4} for displayId=0
04-05 15:45:22.340   236   236 I system_server: The ClassLoaderContext is a special shared library.
04-05 15:45:22.344   236   236 I chatty  : uid=1000 system_server identical 3 lines
04-05 15:45:22.345   236   236 I system_server: The ClassLoaderContext is a special shared library.
04-05 15:45:22.346   236   328 I InputReader: Device reconfigured: id=3, name='anbox-touchpad', size 1280x720, orientation 0, mode 1, display id 0
04-05 15:45:22.346   236   236 I system_server: The ClassLoaderContext is a special shared library.
04-05 15:45:22.411   236   236 I chatty  : uid=1000 system_server identical 27 lines
04-05 15:45:22.412   236   236 I system_server: The ClassLoaderContext is a special shared library.
04-05 15:45:22.413    54    54 E ActivityRecognitionHardware: activity_recognition HAL is deprecated. class_init is effectively a no-op
04-05 15:45:22.414   236   236 I system_server: The ClassLoaderContext is a special shared library.
04-05 15:45:22.414   236   236 I PackageManager.DexOptimizer: Running dexopt (dexoptNeeded=1) on: /system/product/app/ModuleMetadata/ModuleMetadata.apk pkg=com.android.modulemetadata isa=arm64 dexoptFlags=public,enable_hidden_api_checks targetFilter=quicken oatDir=null classLoaderContext=PCL[]{PCL[/system/framework/android.hidl.manager-V1.0-java.jar]{PCL[/system/framework/android.hidl.base-V1.0-java.jar]}#PCL[/system/framework/android.hidl.base-V1.0-java.jar]}
04-05 15:45:22.415   125   140 V installd: DexInv: --- BEGIN '/system/product/app/ModuleMetadata/ModuleMetadata.apk' ---
04-05 15:45:22.435    54    54 I zygote  : Thread[1,tid=54,Native,Thread*=0xf7938e00,peer=0x12c40078,"main"] recursive attempt to load library "libmedia_jni.so"
04-05 15:45:22.435    54    54 D MtpDeviceJNI: register_android_mtp_MtpDevice
04-05 15:45:22.435    54    54 I zygote  : Thread[1,tid=54,Native,Thread*=0xf7938e00,peer=0x12c40078,"main"] recursive attempt to load library "libmedia_jni.so"
04-05 15:45:22.435    54    54 I zygote  : Thread[1,tid=54,Native,Thread*=0xf7938e00,peer=0x12c40078,"main"] recursive attempt to load library "libmedia_jni.so"
04-05 15:45:22.440   333   333 I dex2oat : /apex/com.android.runtime/bin/dex2oat --input-vdex-fd=-1 --output-vdex-fd=7 --resolve-startup-const-strings=true --max-image-block-size=524288 --compiler-filter=quicken --classpath-dir=/system/product/app/ModuleMetadata --class-loader-context=PCL[]{PCL[/system/framework/android.hidl.manager-V1.0-java.jar]{PCL[/system/framework/android.hidl.base-V1.0-java.jar]}#PCL[/system/framework/android.hidl.base-V1.0-java.jar]} --generate-mini-debug-info --compact-dex-level=none --compilation-reason=first-boot
04-05 15:45:22.440    54    54 W Zygote  : Class not found for preloading: android.media.audiopolicy.AudioProductStrategies
04-05 15:45:22.441    54    54 W Zygote  : Class not found for preloading: android.media.audiopolicy.AudioVolumeGroups
04-05 15:45:22.442   333   333 E cutils-trace: Error opening trace file: No such file or directory (2)
04-05 15:45:22.442   333   333 I dex2oat : setting boot class path to /apex/com.android.runtime/javalib/core-oj.jar:/apex/com.android.runtime/javalib/core-libart.jar:/apex/com.android.runtime/javalib/okhttp.jar:/apex/com.android.runtime/javalib/bouncycastle.jar:/apex/com.android.runtime/javalib/apache-xml.jar:/system/framework/framework.jar:/system/framework/ext.jar:/system/framework/telephony-common.jar:/system/framework/voip-common.jar:/system/framework/ims-common.jar:/system/framework/android.test.base.jar
04-05 15:45:22.474   333   333 I dex2oat : dex2oat took 36.375ms (68.162ms cpu) (threads: 80) arena alloc=2368B (2368B) java alloc=48KB (49168B) native alloc=1524KB (1560800B) free=567KB (581408B)
04-05 15:45:22.476   125   140 V installd: DexInv: --- END '/system/product/app/ModuleMetadata/ModuleMetadata.apk' (success) ---
04-05 15:45:22.477   236   236 I system_server: The ClassLoaderContext is a special shared library.
04-05 15:45:22.479   236   236 I chatty  : uid=1000 system_server identical 1 line
04-05 15:45:22.482   236   236 I system_server: The ClassLoaderContext is a special shared library.
04-05 15:45:22.484    54    54 W Zygote  : Class not found for preloading: android.view.-$$Lambda$SurfaceView$Cs7TGTdA1lXf9qW8VOJAfEsMjdk
04-05 15:45:22.486    54    54 W Zygote  : Class not found for preloading: android.view.SurfaceView$3
04-05 15:45:22.488   236   236 I system_server: The ClassLoaderContext is a special shared library.
04-05 15:45:22.489    54    54 W Zygote  : Class not found for preloading: android.view.textclassifier.-$$Lambda$TextClassificationManager$JIaezIJbMig_-kVzN6oArzkTsJE
04-05 15:45:22.490   236   236 I system_server: The ClassLoaderContext is a special shared library.
04-05 15:45:22.491   236   236 I system_server: The ClassLoaderContext is a special shared library.
04-05 15:45:22.492    54    54 W Zygote  : Class not found for preloading: com.android.internal.net.NetworkStatsFactory
04-05 15:45:22.493   236   236 I system_server: The ClassLoaderContext is a special shared library.
04-05 15:45:22.494   236   236 I system_server: The ClassLoaderContext is a special shared library.
04-05 15:45:22.495    54    54 W Zygote  : Class not found for preloading: com.android.internal.telephony.-$$Lambda$PhoneSubInfoController$8HFbCDJDN1mrLJG980qYH5MGqMk
04-05 15:45:22.495    54    54 W Zygote  : Class not found for preloading: com.android.internal.telephony.-$$Lambda$PhoneSubInfoController$U28a_EGx2cvmQhDfRRgonMt5Zrc
04-05 15:45:22.495    54    54 W Zygote  : Class not found for preloading: com.android.internal.telephony.-$$Lambda$SubscriptionInfoUpdater$-zZXM9oMRZ3vZz7dJOG19J00Bmw
04-05 15:45:22.495    54    54 W Zygote  : Class not found for preloading: com.android.internal.telephony.-$$Lambda$SubscriptionInfoUpdater$D5yF1HbS4cvCyoAj3FESkPtA_0g
04-05 15:45:22.495    54    54 W Zygote  : Class not found for preloading: com.android.internal.telephony.-$$Lambda$SubscriptionInfoUpdater$MMx9iQX0JVqqMPLTUZhdBubFSzU
04-05 15:45:22.497    54    54 W Zygote  : Class not found for preloading: com.android.internal.telephony.PhoneConfigurationModels
04-05 15:45:22.498   236   236 I system_server: The ClassLoaderContext is a special shared library.
04-05 15:45:22.498    54    54 W Zygote  : Class not found for preloading: com.android.internal.telephony.SubscriptionController$ScLocalLog
04-05 15:45:22.499    54    54 W Zygote  : Class not found for preloading: com.android.internal.telephony.UiccSmsController
04-05 15:45:22.499   236   236 I system_server: The ClassLoaderContext is a special shared library.
04-05 15:45:22.513   236   236 I chatty  : uid=1000 system_server identical 7 lines
04-05 15:45:22.514   236   236 I system_server: The ClassLoaderContext is a special shared library.
04-05 15:45:22.517    54    54 I Zygote  : ...preloaded 7588 classes in 201ms.
04-05 15:45:22.517    54    54 I zygote  : VMRuntime.preloadDexCaches starting
04-05 15:45:22.517   236   236 I system_server: The ClassLoaderContext is a special shared library.
04-05 15:45:22.526   236   236 I chatty  : uid=1000 system_server identical 6 lines
04-05 15:45:22.527   236   236 I system_server: The ClassLoaderContext is a special shared library.
04-05 15:45:22.527    54    54 I zygote  : VMRuntime.preloadDexCaches strings total=380345 before=9927 after=9927
04-05 15:45:22.527    54    54 I zygote  : VMRuntime.preloadDexCaches types total=35891 before=7189 after=7457
04-05 15:45:22.527    54    54 I zygote  : VMRuntime.preloadDexCaches fields total=161100 before=8020 after=8221
04-05 15:45:22.527    54    54 I zygote  : VMRuntime.preloadDexCaches methods total=282172 before=10883 after=11315
04-05 15:45:22.527    54    54 I zygote  : VMRuntime.preloadDexCaches finished
04-05 15:45:22.528   236   236 I system_server: The ClassLoaderContext is a special shared library.
04-05 15:45:22.529    54    54 I zygote  : The ClassLoaderContext is a special shared library.
04-05 15:45:22.529   236   236 I system_server: The ClassLoaderContext is a special shared library.
04-05 15:45:22.529    54    54 D ApplicationLoaders: Created zygote-cached class loader: /system/framework/android.hidl.base-V1.0-java.jar
04-05 15:45:22.531    54    54 I zygote  : The ClassLoaderContext is a special shared library.
04-05 15:45:22.531    54    54 D ApplicationLoaders: Created zygote-cached class loader: /system/framework/android.hidl.manager-V1.0-java.jar
04-05 15:45:22.535   236   236 I system_server: The ClassLoaderContext is a special shared library.
04-05 15:45:22.559   236   236 I chatty  : uid=1000 system_server identical 13 lines
04-05 15:45:22.560   236   236 I system_server: The ClassLoaderContext is a special shared library.
04-05 15:45:22.560   416   416 E cutils-trace: Error opening trace file: No such file or directory (2)
04-05 15:45:22.561   236   236 I system_server: The ClassLoaderContext is a special shared library.
04-05 15:45:22.562   236   236 I system_server: The ClassLoaderContext is a special shared library.
04-05 15:45:22.566    54    54 I Zygote  : Preloading resources...
04-05 15:45:22.567   236   236 I system_server: The ClassLoaderContext is a special shared library.
04-05 15:45:22.571   236   236 I chatty  : uid=1000 system_server identical 3 lines
04-05 15:45:22.572   236   236 I system_server: The ClassLoaderContext is a special shared library.
04-05 15:45:22.573    54    54 W Resources: Preloaded drawable resource #0x108027d (android:drawable/dialog_background_material) that varies with configuration!!
04-05 15:45:22.574   236   236 I system_server: The ClassLoaderContext is a special shared library.
04-05 15:45:22.576   236   236 I chatty  : uid=1000 system_server identical 1 line
04-05 15:45:22.579   236   236 I system_server: The ClassLoaderContext is a special shared library.
04-05 15:45:22.579    54    54 I Zygote  : ...preloaded 64 resources in 13ms.
04-05 15:45:22.581    54    54 I Zygote  : ...preloaded 41 resources in 2ms.
04-05 15:45:22.584   236   236 I system_server: The ClassLoaderContext is a special shared library.
04-05 15:45:22.585   236   236 I system_server: The ClassLoaderContext is a special shared library.
04-05 15:45:22.586    54    54 I Zygote  : Preloading shared libraries...
04-05 15:45:22.587   236   236 I system_server: The ClassLoaderContext is a special shared library.
04-05 15:45:22.587   236   236 I Watchdog: Resuming HandlerChecker: main thread for reason: dexopt. Pause count: 0
04-05 15:45:22.587   236   236 I SystemServer: PerformFstrimIfNeeded
04-05 15:45:22.587   236   236 W PackageManager: No disk maintenance in 1617637522587; running immediately
04-05 15:45:22.588   236   236 I SystemServer: StartLockSettingsService
04-05 15:45:22.588   236   236 I SystemServiceManager: Starting com.android.server.locksettings.LockSettingsService$Lifecycle
04-05 15:45:22.588   236   330 I StorageManagerService: Running fstrim idle maintenance
04-05 15:45:22.588    12    12 I hwservicemanager: getTransport: Cannot find entry android.hardware.boot@1.0::IBootControl/default in either framework or device manifest.
04-05 15:45:22.590    15   417 E vold    : [libfs_mgr]No entries found in fstab
04-05 15:45:22.590    15   417 E vold    : [libfs_mgr]ReadFstabFromFile(): failed to load fstab from : '/vendor/etc/fstab.ranchu'
04-05 15:45:22.591    54    54 I Zygote  : Called ZygoteHooks.endPreload()
04-05 15:45:22.591    54    54 I Zygote  : Installed AndroidKeyStoreProvider in 1ms.
04-05 15:45:22.594    54    54 I Zygote  : Warmed up JCA providers in 3ms.
04-05 15:45:22.594    54    54 D Zygote  : end preload
04-05 15:45:22.597   236   236 I SystemServer: StartTestHarnessMode
04-05 15:45:22.597   236   236 I SystemServiceManager: Starting com.android.server.testharness.TestHarnessModeService
04-05 15:45:22.597    12    12 I hwservicemanager: getTransport: Cannot find entry android.hardware.oemlock@1.0::IOemLock/default in either framework or device manifest.
04-05 15:45:22.597   236   236 I OemLock : OemLock HAL not present on device
04-05 15:45:22.597   236   236 I SystemServer: StartDeviceIdleController
04-05 15:45:22.597   236   236 I SystemServiceManager: Starting com.android.server.DeviceIdleController
04-05 15:45:22.598   236   236 I SystemServer: StartDevicePolicyManager
04-05 15:45:22.598   236   236 I SystemServiceManager: Starting com.android.server.devicepolicy.DevicePolicyManagerService$Lifecycle
04-05 15:45:22.601   236   236 I SystemServer: StartStatusBarManagerService
04-05 15:45:22.602   236   236 D SystemServer: ContentCaptureService disabled because resource is not overlaid
04-05 15:45:22.602   236   236 D SystemServer: AttentionService is not configured on this device
04-05 15:45:22.602   236   236 D SystemServer: SystemCaptionsManagerService disabled because resource is not overlaid
04-05 15:45:22.602   236   236 D SystemServer: AppPredictionService not defined by OEM
04-05 15:45:22.602   236   236 D SystemServer: ContentSuggestionsService not defined by OEM
04-05 15:45:22.602   236   236 I SystemServer: InitNetworkStackClient
04-05 15:45:22.602   236   236 I SystemServer: StartNetworkManagementService
04-05 15:45:22.604    52    52 I netd    : registerUnsolicitedEventListener() <0.01ms>
04-05 15:45:22.604   236   236 I SystemServer: StartIpSecService
04-05 15:45:22.604   236   236 I SystemServer: StartTextServicesManager
04-05 15:45:22.604   236   236 I SystemServiceManager: Starting com.android.server.textservices.TextServicesManagerService$Lifecycle
04-05 15:45:22.605   236   236 I SystemServer: StartTextClassificationManagerService
04-05 15:45:22.605   236   236 I SystemServiceManager: Starting com.android.server.textclassifier.TextClassificationManagerService$Lifecycle
04-05 15:45:22.605   236   236 I SystemServer: StartNetworkScoreService
04-05 15:45:22.605   236   236 I SystemServiceManager: Starting com.android.server.NetworkScoreService$Lifecycle
04-05 15:45:22.605   236   236 I NetworkScoreService: Registering network_score
04-05 15:45:22.605   236   236 I SystemServer: StartNetworkStatsService
04-05 15:45:22.606   236   236 I SystemServer: StartNetworkPolicyManagerService
04-05 15:45:22.607   236   236 I SystemServer: StartWifi
04-05 15:45:22.616   236   236 I SystemServiceManager: Starting com.android.server.wifi.WifiService
04-05 15:45:22.655   236   236 E HostapdHal: Malformed channel value detected: java.lang.NumberFormatException: For input string: ""
04-05 15:45:22.662   236   236 D WifiCountryCode: mDefaultCountryCode null mRevertCountryCodeOnCellularLoss false
04-05 15:45:22.662   236   236 D WifiApConfigStore: 2G band allowed channels are:1,6,11
04-05 15:45:22.663   236   236 E WifiApConfigStore: Error reading hotspot configuration java.io.FileNotFoundException: /data/misc/wifi/softap.conf: open failed: ENOENT (No such file or directory)
04-05 15:45:22.663   236   236 D WifiApConfigStore: Fallback to use default AP configuration
04-05 15:45:22.665   236   236 I WifiScoringParams: rssi2=-83:-80:-73:-60,rssi5=-80:-77:-70:-57,pps=0:1:100,horizon=15,nud=8,expid=0
04-05 15:45:22.676   236   236 D WifiOpenNetworkNotifier: Settings toggle enabled=true
04-05 15:45:22.676   236   236 D WifiCarrierNetworkNotifier: Settings toggle enabled=true
04-05 15:45:22.677   236   236 D WifiActiveModeWarden: Starting Wifi in WifiDisabledState
04-05 15:45:22.677   236   423 D WifiActiveModeWarden: Entering WifiDisabledState
04-05 15:45:22.677   236   236 D WakeupController: WifiWake enabled
04-05 15:45:22.678   236   236 E WifiClientModeImpl: getWifiLinkLayerStats called without an interface
04-05 15:45:22.678   236   236 E SupplicantStaIfaceHal: Can't call setDebugParams, ISupplicant is null
04-05 15:45:22.679   236   236 I WifiService: Registering wifi
04-05 15:45:22.679   236   236 I SystemServer: StartWifiScanning
04-05 15:45:22.679   236   236 I SystemServiceManager: Starting com.android.server.wifi.scanner.WifiScanningService
04-05 15:45:22.679   236   236 I WifiScanningService: Creating wifiscanner
04-05 15:45:22.679   236   236 I WifiScanningService: Publishing wifiscanner
04-05 15:45:22.679   236   236 I SystemServer: StartWifiP2P
04-05 15:45:22.680   236   236 I SystemServiceManager: Starting com.android.server.wifi.p2p.WifiP2pService
04-05 15:45:22.682   236   236 W HalDevMgr: isWifiStarted called but mWifi is null!?
04-05 15:45:22.682   236   236 I WifiP2pService: Registering wifip2p
04-05 15:45:22.682   236   236 I SystemServer: StartEthernet
04-05 15:45:22.682   236   236 I SystemServiceManager: Starting com.android.server.ethernet.EthernetService
04-05 15:45:22.682   236   236 I EthernetService: Registering service ethernet
04-05 15:45:22.682   236   236 I SystemServer: StartConnectivityService
04-05 15:45:22.684   236   236 D ConnectivityService: ConnectivityService starting up
04-05 15:45:22.685   236   236 D ConnectivityService: wifiOnly=true
04-05 15:45:22.685   236   236 E ConnectivityService: Ignoring protectedNetwork 10
04-05 15:45:22.685   236   236 E ConnectivityService: Ignoring protectedNetwork 11
04-05 15:45:22.685   236   236 E ConnectivityService: Ignoring protectedNetwork 12
04-05 15:45:22.685   236   236 E ConnectivityService: Ignoring protectedNetwork 14
04-05 15:45:22.685   236   236 E ConnectivityService: Ignoring protectedNetwork 15
04-05 15:45:22.689   236   236 I SystemServer: StartNsdService
04-05 15:45:22.690   236   236 D NsdService: Network service discovery is enabled
04-05 15:45:22.690   236   236 I SystemServer: StartSystemUpdateManagerService
04-05 15:45:22.691   236   236 I SystemUpdateManagerService: No existing info file /data/system/system-update-info.xml
04-05 15:45:22.691   236   236 I SystemServer: StartUpdateLockService
04-05 15:45:22.691   236   236 I SystemServer: StartNotificationManager
04-05 15:45:22.691   236   236 I SystemServiceManager: Starting com.android.server.notification.NotificationManagerService
04-05 15:45:22.694   236   236 D ConditionProviders.SCP: new ScheduleConditionProvider()
04-05 15:45:22.696   236   236 I ConditionProviders:  Allowing condition provider com.android.launcher3/com.android.launcher3.notification.NotificationListener
04-05 15:45:22.696   236   236 I NotificationListeners:  Allowing notification listener com.android.launcher3/com.android.launcher3.notification.NotificationListener
04-05 15:45:22.696   236   236 V NotificationListeners: enabling notification listener for 0: ComponentInfo{com.android.launcher3/com.android.launcher3.notification.NotificationListener}
04-05 15:45:22.696   236   236 V NotificationListeners: binding: Intent { act=android.service.notification.NotificationListenerService cmp=com.android.launcher3/.notification.NotificationListener (has extras) }
04-05 15:45:22.696   236   236 W ActivityManager: Unable to start service Intent { act=android.service.notification.NotificationListenerService cmp=com.android.launcher3/.notification.NotificationListener } U=0: not found
04-05 15:45:22.696   236   236 W NotificationListeners: Unable to bind notification listener service: Intent { act=android.service.notification.NotificationListenerService cmp=com.android.launcher3/.notification.NotificationListener (has extras) } in user 0
04-05 15:45:22.696   236   236 I ConditionProviders:  Allowing condition provider com.android.camera2
04-05 15:45:22.696   236   236 I ConditionProviders:  Allowing condition provider android.ext.services/android.ext.services.notification.Assistant
04-05 15:45:22.696   236   236 I NotificationAssistants:  Allowing notification assistant android.ext.services/android.ext.services.notification.Assistant
04-05 15:45:22.696   236   236 V NotificationAssistants: enabling notification assistant for 0: ComponentInfo{android.ext.services/android.ext.services.notification.Assistant}
04-05 15:45:22.696   236   236 V NotificationAssistants: binding: Intent { act=android.service.notification.NotificationAssistantService cmp=android.ext.services/.notification.Assistant (has extras) }
04-05 15:45:22.696   236   236 D NotificationService: Set default NAS to be android.ext.services/android.ext.services.notification.Assistant in 0
04-05 15:45:22.699   236   236 I SystemServer: StartDeviceMonitor
04-05 15:45:22.699   236   236 I SystemServiceManager: Starting com.android.server.storage.DeviceStorageMonitorService
04-05 15:45:22.700   236   236 I SystemServer: StartLocationManagerService
04-05 15:45:22.700   236   236 I SystemServer: StartCountryDetectorService
04-05 15:45:22.701   236   236 I SystemServer: StartTimeDetectorService
04-05 15:45:22.701   236   236 I SystemServiceManager: Starting com.android.server.timedetector.TimeDetectorService$Lifecycle
04-05 15:45:22.701   236   236 I SystemServer: StartSearchManagerService
04-05 15:45:22.701   236   236 I SystemServiceManager: Starting com.android.server.search.SearchManagerService$Lifecycle
04-05 15:45:22.701   236   236 I SystemServer: StartWallpaperManagerService
04-05 15:45:22.701   236   236 I SystemServiceManager: Starting com.android.server.wallpaper.WallpaperManagerService$Lifecycle
04-05 15:45:22.702   236   236 I SystemServer: StartAudioService
04-05 15:45:22.702   236   236 I SystemServiceManager: Starting com.android.server.audio.AudioService$Lifecycle
04-05 15:45:22.706    83    83 D PermissionCache: checking android.permission.MODIFY_AUDIO_ROUTING for uid=1000 => granted (105 us)
04-05 15:45:22.706   236   236 W TelecomManager: Telecom Service not found.
04-05 15:45:22.707    83   438 D PermissionCache: checking android.permission.MODIFY_AUDIO_SETTINGS for uid=1000 => granted (48 us)
04-05 15:45:22.708    59    59 W DeviceHAL: Error from HAL Device in function set_mic_mute: Function not implemented
04-05 15:45:22.708   236   236 E AudioSystem-JNI: Command failed for android_media_AudioSystem_muteMicrophone: -38
04-05 15:45:22.713    83   438 D AudioFlinger: isLowRamDevice:false totalMemory:269345456128 mClientSharedHeapSize:33554432
04-05 15:45:22.714   236   236 I SystemServer: StartDockObserver
04-05 15:45:22.714   236   236 I SystemServiceManager: Starting com.android.server.DockObserver
04-05 15:45:22.714   236   236 W DockObserver: This kernel does not have dock station support
04-05 15:45:22.714   236   236 I SystemServer: StartWiredAccessoryManager
04-05 15:45:22.714   236   236 W WiredAccessoryManager: This kernel does not have usb audio support
04-05 15:45:22.714   236   236 W WiredAccessoryManager: This kernel does not have HDMI audio support
04-05 15:45:22.714   236   236 I SystemServer: StartMidiManager
04-05 15:45:22.714   236   236 I SystemServiceManager: Starting com.android.server.midi.MidiService$Lifecycle
04-05 15:45:22.715   236   236 I SystemServer: StartAdbService
04-05 15:45:22.715   236   236 I SystemServiceManager: Starting com.android.server.adb.AdbService$Lifecycle
04-05 15:45:22.715   236   236 I SystemServer: StartUsbService
04-05 15:45:22.715   236   236 I SystemServiceManager: Starting com.android.server.usb.UsbService$Lifecycle
04-05 15:45:22.716   236   236 I SystemServer: StartSerialService
04-05 15:45:22.716   236   236 I SystemServer: StartHardwarePropertiesManagerService
04-05 15:45:22.716    12    12 I hwservicemanager: getTransport: Cannot find entry android.hardware.thermal@1.0::IThermal/default in either framework or device manifest.
04-05 15:45:22.716   236   236 E HardwarePropertiesManagerService-JNI: Unable to get Thermal service.
04-05 15:45:22.717   236   236 I SystemServer: StartTwilightService
04-05 15:45:22.717   236   236 I SystemServiceManager: Starting com.android.server.twilight.TwilightService
04-05 15:45:22.717   236   236 I SystemServer: StartColorDisplay
04-05 15:45:22.717   236   236 I SystemServiceManager: Starting com.android.server.display.color.ColorDisplayService
04-05 15:45:22.717   236   236 I SystemServer: StartJobScheduler
04-05 15:45:22.717   236   236 I SystemServiceManager: Starting com.android.server.job.JobSchedulerService
04-05 15:45:22.719   236   236 I JobStore: Read 0 jobs
04-05 15:45:22.721   236   236 I SystemServer: StartSoundTrigger
04-05 15:45:22.721   236   236 I SystemServiceManager: Starting com.android.server.soundtrigger.SoundTriggerService
04-05 15:45:22.721   236   236 I SystemServer: StartTrustManager
04-05 15:45:22.721   236   236 I SystemServiceManager: Starting com.android.server.trust.TrustManagerService
04-05 15:45:22.721   236   236 I SystemServer: StartBackupManager
04-05 15:45:22.721   236   236 I SystemServiceManager: Starting com.android.server.backup.BackupManagerService$Lifecycle
04-05 15:45:22.722   236   236 I SystemServer: StartAppWidgetService
04-05 15:45:22.722   236   236 I SystemServiceManager: Starting com.android.server.appwidget.AppWidgetService
04-05 15:45:22.723   236   236 I SystemServer: StartRoleManagerService
04-05 15:45:22.724   236   236 I SystemServer: StartVoiceRecognitionManager
04-05 15:45:22.724   236   236 I SystemServiceManager: Starting com.android.server.voiceinteraction.VoiceInteractionManagerService
04-05 15:45:22.725   236   236 I RoleUserState: roles.xml not found
04-05 15:45:22.725   236   236 I SystemServer: StartGestureLauncher
04-05 15:45:22.725   236   236 I SystemServiceManager: Starting com.android.server.GestureLauncherService
04-05 15:45:22.725   236   236 I SystemServer: StartSensorNotification
04-05 15:45:22.725   236   236 I SystemServiceManager: Starting com.android.server.SensorNotificationService
04-05 15:45:22.725   236   236 I SystemServer: StartContextHubSystemService
04-05 15:45:22.725   236   236 I SystemServiceManager: Starting com.android.server.ContextHubSystemService
04-05 15:45:22.725   236   236 I SystemServer: StartDiskStatsService
